2025-12-30 08:03:32.693 [warning] /Users/leifwsogge/.ssh/config: ENOENT: no such file or directory, open '/Users/leifwsogge/.ssh/config'
2025-12-30 08:03:32.693 [info] [Activation] Extension version: 0.124.1
2025-12-30 08:03:46.189 [info] [Authentication] Creating hub for .com
2025-12-30 08:03:49.137 [info] [Activation] Registering built in git provider.
2025-12-30 08:03:49.137 [info] [Activation] Looking for git repository
2025-12-30 08:03:49.137 [info] [Activation] Found 0 repositories during activation
2025-12-30 08:03:49.137 [info] [Activation] Git repository found, initializing review manager and pr tree view.
2025-12-30 08:03:49.155 [info] [GitAPI] Registering git provider
2025-12-30 08:03:49.155 [info] [Review+0] Validate state in progress
2025-12-30 08:03:49.155 [info] [Review+0] Validating state...
2025-12-30 08:03:49.156 [warning] No remotes found. The following remotes are missing: origin, upstream
2025-12-30 08:03:49.156 [info] [FolderRepositoryManager+0] No GitHub remotes found for folder /Users/leifwsogge/Library/Mobile Documents/com~apple~CloudDocs/Space LEAF Corp.global.secure.net/Space-LEAF-Corp-air-and-sea-prototype
2025-12-30 08:03:49.157 [info] [FolderRepositoryManager+0] Trying to use globalState for assignableUsers.
2025-12-30 08:03:49.574 [info] [FolderRepositoryManager+0] Using globalState assignableUsers for 0.
2025-12-30 08:03:49.620 [info] [Review+0] No matching pull request metadata found locally for current branch main
2025-12-30 08:03:50.137 [info] [Review+0] No matching pull request metadata found on GitHub for current branch main
2025-12-30 08:03:50.150 [info] [Activation] Repo state for file:///Users/leifwsogge/Library/Mobile%20Documents/com~apple~CloudDocs/Space%20LEAF%20Corp.global.secure.net/Space-LEAF-Corp-air-and-sea-prototype changed.
2025-12-30 08:03:50.150 [info] [Activation] Repo file:///Users/leifwsogge/Library/Mobile%20Documents/com~apple~CloudDocs/Space%20LEAF%20Corp.global.secure.net/Space-LEAF-Corp-air-and-sea-prototype has already been setup.
2025-12-30 08:03:50.181 [info] [GitPostCommitCommands] Trying to register post commit commands.
2025-12-30 08:44:45.016 [info] [Review+0] Validate state in progress
2025-12-30 08:44:45.017 [info] [Review+0] Validating state...
2025-12-30 08:44:45.976 [info] [Review+0] Queuing additional validate state
2025-12-30 08:44:46.829 [info] [FolderRepositoryManager+0] Found GitHub remote for folder /Users/leifwsogge/Library/Mobile Documents/com~apple~CloudDocs/Space LEAF Corp.global.secure.net/Space-LEAF-Corp-air-and-sea-prototype
2025-12-30 08:44:47.250 [info] [FolderRepositoryManager+0] Trying to use globalState for assignableUsers.
2025-12-30 08:44:47.250 [info] [GitPostCommitCommands] Trying to register post commit commands.
2025-12-30 08:44:47.250 [info] [GitPostCommitCommands] GitHub remote(s) found, registering post commit commands.
2025-12-30 08:44:47.916 [info] [Review+0] No matching pull request metadata found locally for current branch main
2025-12-30 08:44:49.278 [info] [Review+0] No matching pull request metadata found on GitHub for current branch main
2025-12-30 08:44:55.205 [info] [FolderRepositoryManager+0] No globalState for assignableUsers.
2025-12-30 08:44:55.223 [info] [Review+0] Validating state...
2025-12-30 08:44:55.250 [info] [FolderRepositoryManager+0] Found GitHub remote for folder /Users/leifwsogge/Library/Mobile Documents/com~apple~CloudDocs/Space LEAF Corp.global.secure.net/Space-LEAF-Corp-air-and-sea-prototype
2025-12-30 08:44:55.250 [info] [FolderRepositoryManager+0] Trying to use globalState for assignableUsers.
2025-12-30 08:44:56.876 [info] [FolderRepositoryManager+0] Using in-memory cached assignable users.
2025-12-30 08:44:56.879 [info] [FolderRepositoryManager+0] No globalState for assignableUsers.
2025-12-30 08:44:58.643 [info] [FolderRepositoryManager+0] Using in-memory cached assignable users.
2025-12-30 08:44:59.365 [info] [Review+0] No matching pull request metadata found locally for current branch main
2025-12-30 08:44:59.886 [info] [Review+0] No matching pull request metadata found on GitHub for current branch main
2025-12-30 11:00:48.366 [error] [GitHubRepository+0] Error querying GraphQL API (MaxPullRequest): Network error: request to https://api.github.com/graphql failed, reason: getaddrinfo ENOTFOUND api.github.com. 
2025-12-30 11:00:48.368 [error] [GitHubRepository+0] Unable to fetch pull requests with query: Error: Network error: request to https://api.github.com/graphql failed, reason: getaddrinfo ENOTFOUND api.github.com
2025-12-30 11:28:58.072 [error] [GitHubRepository+0] Error querying GraphQL API (MaxPullRequest): Network error: request to https://api.github.com/graphql failed, reason: getaddrinfo ENOTFOUND api.github.com. 
2025-12-30 11:28:58.073 [error] [GitHubRepository+0] Unable to fetch pull requests with query: Error: Network error: request to https://api.github.com/graphql failed, reason: getaddrinfo ENOTFOUND api.github.com
2025-12-30 11:52:45.805 [error] [GitHubRepository+0] Error querying GraphQL API (MaxPullRequest): Network error: request to https://api.github.com/graphql failed, reason: getaddrinfo ENOTFOUND api.github.com. 
2025-12-30 11:52:45.806 [error] [GitHubRepository+0] Unable to fetch pull requests with query: Error: Network error: request to https://api.github.com/graphql failed, reason: getaddrinfo ENOTFOUND api.github.com
2025-12-30 12:43:59.155 [error] [GitHubRepository+0] Error querying GraphQL API (MaxPullRequest): Network error: request to https://api.github.com/graphql failed, reason: getaddrinfo ENOTFOUND api.github.com. 
2025-12-30 12:43:59.156 [error] [GitHubRepository+0] Unable to fetch pull requests with query: Error: Network error: request to https://api.github.com/graphql failed, reason: getaddrinfo ENOTFOUND api.github.com
2025-12-31 03:32:34.221 [error] [GitHubRepository+0] Error querying GraphQL API (MaxPullRequest): Network error: request to https://api.github.com/graphql failed, reason: getaddrinfo ENOTFOUND api.github.com. 
2025-12-31 03:32:34.228 [error] [GitHubRepository+0] Unable to fetch pull requests with query: Error: Network error: request to https://api.github.com/graphql failed, reason: getaddrinfo ENOTFOUND api.github.com
2025-12-31 04:33:45.839 [error] [GitHubRepository+0] Error querying GraphQL API (MaxPullRequest): Network error: request to https://api.github.com/graphql failed, reason: getaddrinfo ENOTFOUND api.github.com. 
2025-12-31 04:33:45.849 [error] [GitHubRepository+0] Unable to fetch pull requests with query: Error: Network error: request to https://api.github.com/graphql failed, reason: getaddrinfo ENOTFOUND api.github.com
2025-12-31 05:12:44.600 [error] [GitHubRepository+0] Error querying GraphQL API (MaxPullRequest): Network error: request to https://api.github.com/graphql failed, reason: getaddrinfo ENOTFOUND api.github.com. 
2025-12-31 05:12:44.602 [error] [GitHubRepository+0] Unable to fetch pull requests with query: Error: Network error: request to https://api.github.com/graphql failed, reason: getaddrinfo ENOTFOUND api.github.com
2025-12-31 05:34:56.134 [error] [GitHubRepository+0] Error querying GraphQL API (MaxPullRequest): Network error: request to https://api.github.com/graphql failed, reason: getaddrinfo ENOTFOUND api.github.com. 
2025-12-31 05:34:56.136 [error] [GitHubRepository+0] Unable to fetch pull requests with query: Error: Network error: request to https://api.github.com/graphql failed, reason: getaddrinfo ENOTFOUND api.github.com
2025-12-31 06:36:07.985 [error] [GitHubRepository+0] Error querying GraphQL API (MaxPullRequest): Network error: request to https://api.github.com/graphql failed, reason: getaddrinfo ENOTFOUND api.github.com. 
2025-12-31 06:36:07.987 [error] [GitHubRepository+0] Unable to fetch pull requests with query: Error: Network error: request to https://api.github.com/graphql failed, reason: getaddrinfo ENOTFOUND api.github.com
2025-12-31 06:45:12.164 [error] [GitHubRepository+0] Error querying GraphQL API (MaxPullRequest): Network error: request to https://api.github.com/graphql failed, reason: getaddrinfo ENOTFOUND api.github.com. 
2025-12-31 06:45:12.165 [error] [GitHubRepository+0] Unable to fetch pull requests with query: Error: Network error: request to https://api.github.com/graphql failed, reason: getaddrinfo ENOTFOUND api.github.com
2025-12-31 08:42:03.700 [error] [GitHubRepository+0] Error querying GraphQL API (MaxPullRequest): Network error: request to https://api.github.com/graphql failed, reason: getaddrinfo ENOTFOUND api.github.com. 
2025-12-31 08:42:03.701 [error] [GitHubRepository+0] Unable to fetch pull requests with query: Error: Network error: request to https://api.github.com/graphql failed, reason: getaddrinfo ENOTFOUND api.github.com
2025-12-31 17:39:26.766 [error] [GitHubRepository+0] Error querying GraphQL API (MaxPullRequest): Network error: request to https://api.github.com/graphql failed, reason: getaddrinfo ENOTFOUND api.github.com. 
2025-12-31 17:39:26.900 [error] [GitHubRepository+0] Unable to fetch pull requests with query: Error: Network error: request to https://api.github.com/graphql failed, reason: getaddrinfo ENOTFOUND api.github.com
2026-01-01 07:05:04.955 [error] [GitHubRepository+0] Error querying GraphQL API (MaxPullRequest): Network error: request to https://api.github.com/graphql failed, reason: getaddrinfo ENOTFOUND api.github.com. 
2026-01-01 07:05:04.976 [error] [GitHubRepository+0] Unable to fetch pull requests with query: Error: Network error: request to https://api.github.com/graphql failed, reason: getaddrinfo ENOTFOUND api.github.com
2026-01-01 10:05:05.535 [error] [GitHubRepository+0] Error querying GraphQL API (MaxPullRequest): Network error: request to https://api.github.com/graphql failed, reason: getaddrinfo ENOTFOUND api.github.com. 
2026-01-01 10:05:05.536 [error] [GitHubRepository+0] Unable to fetch pull requests with query: Error: Network error: request to https://api.github.com/graphql failed, reason: getaddrinfo ENOTFOUND api.github.com
2026-01-01 12:41:55.097 [error] [GitHubRepository+0] Error querying GraphQL API (MaxPullRequest): Network error: request to https://api.github.com/graphql failed, reason: getaddrinfo ENOTFOUND api.github.com. 
2026-01-01 12:41:55.103 [error] [GitHubRepository+0] Unable to fetch pull requests with query: Error: Network error: request to https://api.github.com/graphql failed, reason: getaddrinfo ENOTFOUND api.github.com
2026-01-01 21:06:22.395 [error] [GitHubRepository+0] Error querying GraphQL API (MaxPullRequest): Network error: request to https://api.github.com/graphql failed, reason: getaddrinfo ENOTFOUND api.github.com. 
2026-01-01 21:06:22.403 [error] [GitHubRepository+0] Unable to fetch pull requests with query: Error: Network error: request to https://api.github.com/graphql failed, reason: getaddrinfo ENOTFOUND api.github.com
