Error loading "hint" package from "/Users/leifwsogge/Library/Mobile Documents/com~apple~CloudDocs/Space LEAF Corp.global.secure.net/Main-private-files"
Trying to load shared version
Found hint at /Users/leifwsogge/Library/Application Support/Code/User/globalStorage/ms-edgedevtools.vscode-edge-devtools/node_modules/hint/dist/src/lib/index.js
Checking if shared version of "hint" needs updated
npm verbose cli /Users/leifwsogge/.nvm/versions/node/v24.12.0/bin/node /Users/leifwsogge/.nvm/versions/node/v24.12.0/bin/npm
npm info using npm@11.6.2
npm info using node@v24.12.0
npm verbose title npm install @hint/configuration-development@latest hint@latest typescript@latest
npm verbose argv "install" "@hint/configuration-development@latest" "hint@latest" "typescript@latest" "--save-dev" "--loglevel" "verbose"
npm verbose logfile logs-max:10 dir:/Users/leifwsogge/.npm/_logs/2025-12-31T21_09_57_040Z-
npm verbose logfile /Users/leifwsogge/.npm/_logs/2025-12-31T21_09_57_040Z-debug-0.log
npm http fetch GET 200 https://registry.npmjs.org/hint 471ms (cache revalidated)
npm http fetch GET 200 https://registry.npmjs.org/@hint%2fconfiguration-development 502ms (cache revalidated)
npm http fetch GET 200 https://registry.npmjs.org/typescript 655ms (cache updated)
npm http fetch GET 200 https://registry.npmjs.org/@hint%2fconfiguration-development 579ms (cache revalidated)
npm http fetch GET 200 https://registry.npmjs.org/hint 81ms (cache revalidated)
npm http fetch GET 200 https://registry.npmjs.org/typescript 332ms (cache updated)
npm http fetch GET 200 https://registry.npmjs.org/encoding 79ms (cache revalidated)
npm http cache simple-get@https://registry.npmjs.org/simple-get/-/simple-get-3.1.1.tgz 0ms (cache hit)
npm http cache simple-concat@https://registry.npmjs.org/simple-concat/-/simple-concat-1.0.1.tgz 0ms (cache hit)
npm http cache object-assign@https://registry.npmjs.org/object-assign/-/object-assign-4.1.1.tgz 0ms (cache hit)
npm http cache nopt@https://registry.npmjs.org/nopt/-/nopt-5.0.0.tgz 0ms (cache hit)
npm http cache nan@https://registry.npmjs.org/nan/-/nan-2.24.0.tgz 0ms (cache hit)
npm http cache npmlog@https://registry.npmjs.org/npmlog/-/npmlog-5.0.1.tgz 0ms (cache hit)
npm http cache has-unicode@https://registry.npmjs.org/has-unicode/-/has-unicode-2.0.1.tgz 0ms (cache hit)
npm http cache set-blocking@https://registry.npmjs.org/set-blocking/-/set-blocking-2.0.0.tgz 0ms (cache hit)
npm http cache gauge@https://registry.npmjs.org/gauge/-/gauge-3.0.2.tgz 0ms (cache hit)
npm http cache detect-libc@https://registry.npmjs.org/detect-libc/-/detect-libc-2.1.2.tgz 0ms (cache hit)
npm http cache console-control-strings@https://registry.npmjs.org/console-control-strings/-/console-control-strings-1.1.0.tgz 0ms (cache hit)
npm http cache delegates@https://registry.npmjs.org/delegates/-/delegates-1.0.0.tgz 0ms (cache hit)
npm http cache color-support@https://registry.npmjs.org/color-support/-/color-support-1.1.3.tgz 0ms (cache hit)
npm http cache aproba@https://registry.npmjs.org/aproba/-/aproba-2.1.0.tgz 0ms (cache hit)
npm http cache are-we-there-yet@https://registry.npmjs.org/are-we-there-yet/-/are-we-there-yet-2.0.0.tgz 0ms (cache hit)
npm http cache abbrev@https://registry.npmjs.org/abbrev/-/abbrev-1.1.1.tgz 0ms (cache hit)
npm http cache @mapbox/node-pre-gyp@https://registry.npmjs.org/@mapbox/node-pre-gyp/-/node-pre-gyp-1.0.11.tgz 0ms (cache hit)
npm http cache decompress-response@https://registry.npmjs.org/decompress-response/-/decompress-response-4.2.1.tgz 0ms (cache hit)
npm http cache string-width@https://registry.npmjs.org/string-width/-/string-width-4.2.3.tgz 0ms (cache hit)
npm http cache mimic-response@https://registry.npmjs.org/mimic-response/-/mimic-response-2.1.0.tgz 0ms (cache hit)
npm http cache string-width@https://registry.npmjs.org/string-width/-/string-width-4.2.3.tgz 0ms (cache hit)
npm http cache emoji-regex@https://registry.npmjs.org/emoji-regex/-/emoji-regex-8.0.0.tgz 0ms (cache hit)
npm http cache wide-align@https://registry.npmjs.org/wide-align/-/wide-align-1.1.5.tgz 0ms (cache hit)
npm http cache canvas@https://registry.npmjs.org/canvas/-/canvas-2.11.2.tgz 0ms (cache hit)
npm http cache emoji-regex@https://registry.npmjs.org/emoji-regex/-/emoji-regex-8.0.0.tgz 1ms (cache hit)
npm http fetch POST 200 https://registry.npmjs.org/-/npm/v1/security/advisories/bulk 166ms
npm warn deprecated npmlog@5.0.1: This package is no longer supported.
npm warn deprecated are-we-there-yet@2.0.0: This package is no longer supported.
npm warn deprecated gauge@3.0.2: This package is no longer supported.
npm http fetch GET 200 https://registry.npmjs.org/ws 94ms (cache revalidated)
npm http fetch GET 200 https://registry.npmjs.org/got 102ms (cache updated)
npm info run canvas@2.11.2 install node_modules/canvas node-pre-gyp install --fallback-to-build --update-binary
npm http fetch GET 200 https://registry.npmjs.org/tar-fs 132ms (cache revalidated)
npm http fetch GET 200 https://registry.npmjs.org/package-json 76ms (cache revalidated)
npm http fetch GET 200 https://registry.npmjs.org/puppeteer-core 66ms (cache revalidated)
npm http fetch GET 200 https://registry.npmjs.org/latest-version 143ms (cache revalidated)
npm http fetch GET 200 https://registry.npmjs.org/@hint%2fconnector-puppeteer 187ms (cache revalidated)
npm http fetch GET 200 https://registry.npmjs.org/update-notifier 57ms (cache revalidated)
npm http fetch GET 200 https://registry.npmjs.org/@hint%2fconfiguration-web-recommended 197ms (cache revalidated)
npm http fetch GET 200 https://registry.npmjs.org/@hint%2fconfiguration-progressive-web-apps 234ms (cache revalidated)
npm http fetch GET 200 https://registry.npmjs.org/@hint%2fconfiguration-accessibility 297ms (cache revalidated)
npm http fetch GET 200 https://registry.npmjs.org/@hint%2fformatter-html 454ms (cache revalidated)
npm http fetch GET 200 https://registry.npmjs.org/@hint%2fconnector-jsdom 461ms (cache revalidated)
npm http fetch GET 200 https://registry.npmjs.org/@hint%2fhint-axe 533ms (cache revalidated)
npm http fetch GET 200 https://registry.npmjs.org/@hint%2fformatter-stylish 545ms (cache revalidated)
npm http fetch GET 200 https://registry.npmjs.org/@hint%2fhint-html-checker 549ms (cache revalidated)
npm http fetch GET 200 https://registry.npmjs.org/@hint%2fhint-apple-touch-icons 573ms (cache revalidated)
npm http fetch GET 200 https://registry.npmjs.org/@hint%2fhint-css-prefix-order 577ms (cache revalidated)
npm http fetch GET 200 https://registry.npmjs.org/@hint%2fhint-button-type 601ms (cache revalidated)
npm http fetch GET 200 https://registry.npmjs.org/@hint%2fconnector-local 609ms (cache revalidated)
npm http fetch GET 200 https://registry.npmjs.org/@hint%2fhint-create-element-svg 631ms (cache revalidated)
npm http fetch GET 200 https://registry.npmjs.org/@hint%2fhint-highest-available-document-mode 640ms (cache revalidated)
npm http fetch GET 200 https://registry.npmjs.org/@hint%2fformatter-summary 653ms (cache revalidated)
npm http fetch GET 200 https://registry.npmjs.org/@hint%2fhint-content-type 653ms (cache revalidated)
npm http fetch GET 200 https://registry.npmjs.org/@hint%2fhint-http-cache 658ms (cache revalidated)
npm http fetch GET 200 https://registry.npmjs.org/@hint%2fhint-disown-opener 678ms (cache revalidated)
npm http fetch GET 200 https://registry.npmjs.org/@hint%2fhint-compat-api 690ms (cache revalidated)
npm http fetch GET 200 https://registry.npmjs.org/@hint%2fhint-image-optimization-cloudinary 695ms (cache revalidated)
npm http fetch GET 200 https://registry.npmjs.org/@hint%2fhint-http-compression 700ms (cache revalidated)
npm http fetch GET 200 https://registry.npmjs.org/@hint%2fhint-no-disallowed-headers 718ms (cache revalidated)
npm http fetch GET 200 https://registry.npmjs.org/@hint%2fhint-manifest-app-name 727ms (cache revalidated)
npm http fetch GET 200 https://registry.npmjs.org/@hint%2fhint-no-bom 769ms (cache revalidated)
npm http fetch GET 200 https://registry.npmjs.org/@hint%2fhint-manifest-file-extension 777ms (cache revalidated)
npm http fetch GET 200 https://registry.npmjs.org/@hint%2fhint-babel-config 792ms (cache revalidated)
npm http fetch GET 200 https://registry.npmjs.org/@hint%2fformatter-json 801ms (cache revalidated)
npm http fetch GET 200 https://registry.npmjs.org/@hint%2fhint-meta-charset-utf-8 803ms (cache revalidated)
npm http fetch GET 200 https://registry.npmjs.org/@hint%2fhint-no-html-only-headers 821ms (cache revalidated)
npm http fetch GET 200 https://registry.npmjs.org/@hint%2fhint-detect-css-reflows 840ms (cache revalidated)
npm http fetch GET 200 https://registry.npmjs.org/@hint%2fhint-manifest-is-valid 844ms (cache revalidated)
npm http fetch GET 200 https://registry.npmjs.org/@hint%2fhint-no-http-redirects 857ms (cache revalidated)
npm http fetch GET 200 https://registry.npmjs.org/@hint%2fhint-manifest-exists 885ms (cache revalidated)
npm http fetch GET 200 https://registry.npmjs.org/@hint%2fhint-no-protocol-relative-urls 897ms (cache revalidated)
npm http fetch GET 200 https://registry.npmjs.org/@hint%2fhint-no-inline-styles 905ms (cache revalidated)
npm http fetch GET 200 https://registry.npmjs.org/@hint%2fhint-no-friendly-error-pages 908ms (cache revalidated)
npm http fetch GET 200 https://registry.npmjs.org/@hint%2fhint-meta-viewport 914ms (cache revalidated)
npm http fetch GET 200 https://registry.npmjs.org/@hint%2fhint-strict-transport-security 908ms (cache revalidated)
npm http fetch GET 200 https://registry.npmjs.org/@hint%2fhint-scoped-svg-styles 920ms (cache revalidated)
npm http fetch GET 200 https://registry.npmjs.org/@hint%2fhint-sri 946ms (cache revalidated)
npm http fetch GET 200 https://registry.npmjs.org/@hint%2fhint-leading-dot-classlist 960ms (cache revalidated)
npm http fetch GET 200 https://registry.npmjs.org/@hint%2fhint-ssllabs 958ms (cache revalidated)
npm http fetch GET 200 https://registry.npmjs.org/@hint%2fhint-no-vulnerable-javascript-libraries 971ms (cache revalidated)
npm http fetch GET 200 https://registry.npmjs.org/@hint%2fhint-validate-set-cookie-header 967ms (cache revalidated)
npm http fetch GET 200 https://registry.npmjs.org/@hint%2fparser-babel-config 968ms (cache revalidated)
npm http fetch GET 200 https://registry.npmjs.org/@hint%2fhint-x-content-type-options 1002ms (cache revalidated)
npm http fetch GET 200 https://registry.npmjs.org/@hint%2fhint-webpack-config 1007ms (cache revalidated)
npm http fetch GET 200 https://registry.npmjs.org/@hint%2fhint-typescript-config 1013ms (cache revalidated)
npm http fetch GET 200 https://registry.npmjs.org/@hint%2fparser-manifest 1015ms (cache revalidated)
npm http fetch GET 200 https://registry.npmjs.org/@hint%2fparser-css 1054ms (cache revalidated)
npm http fetch GET 200 https://registry.npmjs.org/@hint%2fparser-typescript 1053ms (cache revalidated)
npm http fetch GET 200 https://registry.npmjs.org/@hint%2fparser-javascript 1065ms (cache revalidated)
npm http fetch GET 200 https://registry.npmjs.org/@hint%2fparser-typescript-config 1088ms (cache revalidated)
npm http fetch GET 200 https://registry.npmjs.org/@hint%2fparser-webpack-config 1093ms (cache revalidated)
npm http fetch GET 200 https://registry.npmjs.org/@hint%2fparser-html 1124ms (cache revalidated)
npm http fetch GET 200 https://registry.npmjs.org/@hint%2fparser-jsx 1150ms (cache revalidated)
npm http fetch GET 200 https://registry.npmjs.org/@hint%2futils-connector-tools 1161ms (cache revalidated)
npm http fetch GET 200 https://registry.npmjs.org/@hint%2fhint-stylesheet-limits 1185ms (cache revalidated)
npm http fetch GET 200 https://registry.npmjs.org/@hint%2fparser-sass 1206ms (cache revalidated)
npm http fetch GET 200 https://registry.npmjs.org/@hint%2fparser-less 1224ms (cache revalidated)
npm info run canvas@2.11.2 install { code: 1, signal: null }
npm verbose reify failed optional dependency /Users/leifwsogge/Library/Application Support/Code/User/globalStorage/ms-edgedevtools.vscode-edge-devtools/node_modules/canvas
npm verbose reify failed optional dependency /Users/leifwsogge/Library/Application Support/Code/User/globalStorage/ms-edgedevtools.vscode-edge-devtools/node_modules/@mapbox/node-pre-gyp
npm verbose reify failed optional dependency /Users/leifwsogge/Library/Application Support/Code/User/globalStorage/ms-edgedevtools.vscode-edge-devtools/node_modules/nan
npm verbose reify failed optional dependency /Users/leifwsogge/Library/Application Support/Code/User/globalStorage/ms-edgedevtools.vscode-edge-devtools/node_modules/simple-get
npm verbose reify failed optional dependency /Users/leifwsogge/Library/Application Support/Code/User/globalStorage/ms-edgedevtools.vscode-edge-devtools/node_modules/detect-libc
npm verbose reify failed optional dependency /Users/leifwsogge/Library/Application Support/Code/User/globalStorage/ms-edgedevtools.vscode-edge-devtools/node_modules/nopt
npm verbose reify failed optional dependency /Users/leifwsogge/Library/Application Support/Code/User/globalStorage/ms-edgedevtools.vscode-edge-devtools/node_modules/npmlog
npm verbose reify failed optional dependency /Users/leifwsogge/Library/Application Support/Code/User/globalStorage/ms-edgedevtools.vscode-edge-devtools/node_modules/simple-get/node_modules/decompress-response
npm verbose reify failed optional dependency /Users/leifwsogge/Library/Application Support/Code/User/globalStorage/ms-edgedevtools.vscode-edge-devtools/node_modules/simple-concat
npm verbose reify failed optional dependency /Users/leifwsogge/Library/Application Support/Code/User/globalStorage/ms-edgedevtools.vscode-edge-devtools/node_modules/abbrev
npm verbose reify failed optional dependency /Users/leifwsogge/Library/Application Support/Code/User/globalStorage/ms-edgedevtools.vscode-edge-devtools/node_modules/are-we-there-yet
npm verbose reify failed optional dependency /Users/leifwsogge/Library/Application Support/Code/User/globalStorage/ms-edgedevtools.vscode-edge-devtools/node_modules/console-control-strings
npm verbose reify failed optional dependency /Users/leifwsogge/Library/Application Support/Code/User/globalStorage/ms-edgedevtools.vscode-edge-devtools/node_modules/gauge
npm verbose reify failed optional dependency /Users/leifwsogge/Library/Application Support/Code/User/globalStorage/ms-edgedevtools.vscode-edge-devtools/node_modules/set-blocking
npm verbose reify failed optional dependency /Users/leifwsogge/Library/Application Support/Code/User/globalStorage/ms-edgedevtools.vscode-edge-devtools/node_modules/simple-get/node_modules/mimic-response
npm verbose reify failed optional dependency /Users/leifwsogge/Library/Application Support/Code/User/globalStorage/ms-edgedevtools.vscode-edge-devtools/node_modules/delegates
npm verbose reify failed optional dependency /Users/leifwsogge/Library/Application Support/Code/User/globalStorage/ms-edgedevtools.vscode-edge-devtools/node_modules/aproba
npm verbose reify failed optional dependency /Users/leifwsogge/Library/Application Support/Code/User/globalStorage/ms-edgedevtools.vscode-edge-devtools/node_modules/color-support
npm verbose reify failed optional dependency /Users/leifwsogge/Library/Application Support/Code/User/globalStorage/ms-edgedevtools.vscode-edge-devtools/node_modules/has-unicode
npm verbose reify failed optional dependency /Users/leifwsogge/Library/Application Support/Code/User/globalStorage/ms-edgedevtools.vscode-edge-devtools/node_modules/object-assign
npm verbose reify failed optional dependency /Users/leifwsogge/Library/Application Support/Code/User/globalStorage/ms-edgedevtools.vscode-edge-devtools/node_modules/gauge/node_modules/string-width
npm verbose reify failed optional dependency /Users/leifwsogge/Library/Application Support/Code/User/globalStorage/ms-edgedevtools.vscode-edge-devtools/node_modules/wide-align
npm verbose reify failed optional dependency /Users/leifwsogge/Library/Application Support/Code/User/globalStorage/ms-edgedevtools.vscode-edge-devtools/node_modules/gauge/node_modules/emoji-regex
npm verbose reify failed optional dependency /Users/leifwsogge/Library/Application Support/Code/User/globalStorage/ms-edgedevtools.vscode-edge-devtools/node_modules/wide-align/node_modules/string-width
npm verbose reify failed optional dependency /Users/leifwsogge/Library/Application Support/Code/User/globalStorage/ms-edgedevtools.vscode-edge-devtools/node_modules/wide-align/node_modules/emoji-regex

up to date, audited 555 packages in 8s

97 packages are looking for funding
  run `npm fund` for details

70 vulnerabilities (61 moderate, 9 high)

To address issues that do not require attention, run:
  npm audit fix

To address all issues (including breaking changes), run:
  npm audit fix --force

Run `npm audit` for details.
npm verbose cwd /Users/leifwsogge/Library/Application Support/Code/User/globalStorage/ms-edgedevtools.vscode-edge-devtools
npm verbose os Darwin 23.6.0
npm verbose node v24.12.0
npm verbose npm  v11.6.2
npm verbose exit 0
npm info ok
