2025-12-28T15:17:11.064Z - info: [ui] Executing fetch: git fetch --progress --prune --recurse-submodules=on-demand origin (took 1.815s)
2025-12-28T15:17:12.430Z - info: [ui] Executing updateRemoteHEAD: git remote set-head -a origin (took 1.074s)
2025-12-28T15:50:09.848Z - info: [ui] Executing fetch: git fetch --progress --prune --recurse-submodules=on-demand origin (took 1.080s)
2025-12-28T15:56:57.177Z - info: [ui] Stats reported.
2025-12-28T16:12:36.851Z - info: [ui] Executing pull: git -c rebase.backend=merge pull --ff --recurse-submodules --progress origin (took 1.707s)
2025-12-28T16:12:41.401Z - info: [ui] [BranchPruner] No branches to prune.
2025-12-28T16:12:41.800Z - info: [ui] credential-helper: found GitHub credential for https://github.com/ in store
2025-12-28T16:12:42.214Z - info: [ui] Executing fetch: git fetch --progress --prune --recurse-submodules=on-demand origin (took 1.246s)
2025-12-28T16:12:42.652Z - info: [ui] credential-helper: found GitHub credential for https://github.com/ in store
2025-12-28T16:12:48.635Z - info: [ui] credential-helper: found GitHub credential for https://github.com/ in store
2025-12-28T16:12:49.414Z - info: [ui] Executing pull: git -c rebase.backend=merge pull --ff --recurse-submodules --progress origin (took 1.141s)
2025-12-28T16:12:49.694Z - info: [ui] credential-helper: found GitHub credential for https://github.com/ in store
2025-12-28T16:12:59.543Z - info: [ui] [BranchPruner] Last prune took place 19 seconds ago - skipping
2025-12-28T16:13:23.750Z - info: [ui] [BranchPruner] Last prune took place 43 seconds ago - skipping
2025-12-28T16:13:27.643Z - info: [ui] [BranchPruner] Last prune took place 1 minute ago - skipping
2025-12-28T16:13:28.201Z - info: [ui] credential-helper: found GitHub credential for https://github.com/ in store
2025-12-28T16:13:28.976Z - info: [ui] Executing fetch: git fetch --progress --prune --recurse-submodules=on-demand origin (took 1.301s)
2025-12-28T16:13:29.295Z - info: [ui] credential-helper: found GitHub credential for https://github.com/ in store
2025-12-28T16:14:17.044Z - info: [ui] [BranchPruner] Last prune took place 2 minutes ago - skipping
2025-12-28T16:46:16.165Z - info: [ui] [Timing] Action 'create commit' for 'Space-LEAF-corp/Main-private-files' took 0.758s
2025-12-28T16:46:18.854Z - info: [ui] credential-helper: found GitHub credential for https://github.com/ in store
2025-12-28T16:46:19.550Z - info: [ui] Executing push: git push origin main:main --progress (took 1.079s)
2025-12-28T16:46:19.875Z - info: [ui] credential-helper: found GitHub credential for https://github.com/ in store
2025-12-28T16:46:20.567Z - info: [ui] credential-helper: found GitHub credential for https://github.com/ in store
2025-12-28T17:56:05.605Z - info: [ui] credential-helper: found GitHub credential for https://github.com/ in store
2025-12-28T17:56:06.082Z - info: [ui] Executing fetch: git fetch --progress --prune --recurse-submodules=on-demand origin (took 1.365s)
2025-12-28T17:56:06.491Z - info: [ui] credential-helper: found GitHub credential for https://github.com/ in store
2025-12-28T17:56:07.107Z - info: [ui] Executing updateRemoteHEAD: git remote set-head -a origin (took 1.018s)
2025-12-28T18:31:51.257Z - info: [ui] [Timing] Action 'create commit' for 'Space-LEAF-corp/Main-private-files' took 0.539s
2025-12-28T18:31:53.602Z - info: [ui] credential-helper: found GitHub credential for https://github.com/ in store
2025-12-28T18:31:54.406Z - info: [ui] Executing push: git push origin main:main --progress (took 1.205s)
2025-12-28T18:31:54.712Z - info: [ui] credential-helper: found GitHub credential for https://github.com/ in store
2025-12-28T18:31:55.351Z - info: [ui] credential-helper: found GitHub credential for https://github.com/ in store
