2025-12-31 09:08:39.011 [info] Reading sessions from keychain...
2025-12-31 09:08:39.011 [info] Got stored sessions!
2025-12-31 09:08:39.011 [info] Got 5 verified sessions.
2025-12-31 09:08:39.011 [info] Getting sessions for all scopes...
2025-12-31 09:08:39.011 [info] Got 5 sessions for ...
2025-12-31 09:08:39.011 [info] Getting sessions for all scopes...
2025-12-31 09:08:39.011 [info] Got 5 sessions for ...
2025-12-31 09:08:39.011 [info] Getting sessions for all scopes...
2025-12-31 09:08:39.011 [info] Got 5 sessions for ...
2025-12-31 09:08:39.011 [info] Getting sessions for all scopes...
2025-12-31 09:08:39.011 [info] Got 5 sessions for ...
2025-12-31 09:08:39.011 [info] Getting sessions for all scopes...
2025-12-31 09:08:39.011 [info] Got 5 sessions for ...
2025-12-31 09:08:39.011 [info] Getting sessions for all scopes...
2025-12-31 09:08:39.011 [info] Got 5 sessions for ...
2025-12-31 09:08:39.011 [info] Getting sessions for all scopes...
2025-12-31 09:08:39.011 [info] Got 5 sessions for ...
2025-12-31 09:08:39.011 [info] Getting sessions for all scopes...
2025-12-31 09:08:39.011 [info] Got 5 sessions for ...
2025-12-31 09:08:39.011 [info] Getting sessions for all scopes...
2025-12-31 09:08:39.011 [info] Got 5 sessions for ...
2025-12-31 09:08:39.011 [info] Getting sessions for all scopes...
2025-12-31 09:08:39.011 [info] Got 5 sessions for ...
2025-12-31 09:08:39.011 [info] Getting sessions for all scopes...
2025-12-31 09:08:39.011 [info] Got 5 sessions for ...
2025-12-31 09:08:39.011 [info] Getting sessions for all scopes...
2025-12-31 09:08:39.011 [info] Got 5 sessions for ...
2025-12-31 09:08:39.011 [info] Getting sessions for all scopes...
2025-12-31 09:08:39.011 [info] Got 5 sessions for ...
2025-12-31 09:08:39.011 [info] Getting sessions for all scopes...
2025-12-31 09:08:39.011 [info] Got 5 sessions for ...
2025-12-31 09:08:39.011 [info] Getting sessions for all scopes...
2025-12-31 09:08:39.011 [info] Got 5 sessions for ...
2025-12-31 09:08:39.011 [info] Getting sessions for all scopes...
2025-12-31 09:08:39.011 [info] Got 5 sessions for ...
2025-12-31 09:08:39.011 [info] Getting sessions for all scopes...
2025-12-31 09:08:39.011 [info] Got 5 sessions for ...
2025-12-31 09:08:39.011 [info] Getting sessions for all scopes...
2025-12-31 09:08:39.011 [info] Got 5 sessions for ...
2025-12-31 09:08:39.012 [info] FetcherService: Electron fetch failed with status: 429 
2025-12-31 09:08:39.012 [info] Getting sessions for read:user,repo,user:email,workflow...
2025-12-31 09:08:39.012 [info] Got 1 sessions for read:user,repo,user:email,workflow...
2025-12-31 09:08:41.264 [info] Getting sessions for all scopes...
2025-12-31 09:08:41.264 [info] Got 5 sessions for ...
2025-12-31 09:08:41.880 [info] Getting sessions for all scopes...
2025-12-31 09:08:41.880 [info] Got 5 sessions for ...
2025-12-31 09:08:41.880 [info] Getting sessions for all scopes...
2025-12-31 09:08:41.880 [info] Got 5 sessions for ...
2025-12-31 09:08:41.880 [info] Getting sessions for all scopes...
2025-12-31 09:08:41.880 [info] Got 5 sessions for ...
2025-12-31 09:08:42.094 [info] FetcherService: Node fetch failed with status: 429 Too Many Requests
2025-12-31 09:08:46.314 [info] FetcherService: Node http/s failed with status: 429 Too Many Requests
2025-12-31 09:08:46.486 [info] Getting sessions for read:user,repo,user:email,workflow...
2025-12-31 09:08:46.487 [info] Got 1 sessions for read:user,repo,user:email,workflow...
2025-12-31 09:08:46.498 [info] Getting sessions for read:user,repo,user:email...
2025-12-31 09:08:46.498 [info] Got 1 sessions for read:user,repo,user:email...
2025-12-31 09:08:46.499 [info] Getting sessions for project,read:org,read:user,repo,user:email,workflow...
2025-12-31 09:08:46.499 [info] Got 0 sessions for project,read:org,read:user,repo,user:email,workflow...
2025-12-31 09:08:50.285 [info] Getting sessions for read:user,repo,user:email,workflow...
2025-12-31 09:08:50.285 [info] Got 1 sessions for read:user,repo,user:email,workflow...
2025-12-31 09:08:50.383 [info] Getting sessions for all scopes...
2025-12-31 09:08:50.383 [info] Got 5 sessions for ...
2025-12-31 09:08:50.385 [info] Getting sessions for all scopes...
2025-12-31 09:08:50.385 [info] Got 5 sessions for ...
2025-12-31 09:08:50.716 [info] Getting sessions for read:user,repo,user:email...
2025-12-31 09:08:50.716 [info] Got 1 sessions for read:user,repo,user:email...
2025-12-31 09:08:50.717 [info] Getting sessions for read:user,repo,user:email,workflow...
2025-12-31 09:08:50.717 [info] Got 1 sessions for read:user,repo,user:email,workflow...
2025-12-31 09:08:51.416 [info] Getting sessions for all scopes...
2025-12-31 09:08:51.416 [info] Got 5 sessions for ...
2025-12-31 09:08:51.750 [info] Getting sessions for all scopes...
2025-12-31 09:08:51.750 [info] Got 5 sessions for ...
2025-12-31 09:08:51.782 [info] Getting sessions for all scopes...
2025-12-31 09:08:51.782 [info] Got 5 sessions for ...
2025-12-31 09:08:51.783 [info] Getting sessions for all scopes...
2025-12-31 09:08:51.783 [info] Got 5 sessions for ...
2025-12-31 09:08:52.583 [info] Getting sessions for repo,user:email...
2025-12-31 09:08:52.584 [info] Got 1 sessions for repo,user:email...
2025-12-31 09:08:52.891 [info] Getting sessions for read:user,repo,user:email,workflow...
2025-12-31 09:08:52.892 [info] Got 1 sessions for read:user,repo,user:email,workflow...
2025-12-31 09:08:53.274 [info] Getting sessions for all scopes...
2025-12-31 09:08:53.274 [info] Got 5 sessions for ...
2025-12-31 09:10:41.772 [info] Getting sessions for all scopes...
2025-12-31 09:10:41.773 [info] Got 5 sessions for ...
2025-12-31 09:10:42.212 [info] Getting sessions for all scopes...
2025-12-31 09:10:42.212 [info] Got 5 sessions for ...
2025-12-31 10:13:45.310 [info] Getting sessions for all scopes...
2025-12-31 10:13:45.313 [info] Got 5 sessions for ...
2025-12-31 10:13:47.140 [info] Getting sessions for read:user,repo,user:email,workflow...
2025-12-31 10:13:47.140 [info] Got 1 sessions for read:user,repo,user:email,workflow...
2025-12-31 10:13:49.136 [info] Getting sessions for all scopes...
2025-12-31 10:13:49.136 [info] Got 5 sessions for ...
2025-12-31 10:13:49.141 [info] Getting sessions for all scopes...
2025-12-31 10:13:49.141 [info] Got 5 sessions for ...
2025-12-31 10:13:49.630 [info] Getting sessions for read:user,repo,user:email,workflow...
2025-12-31 10:13:49.630 [info] Got 1 sessions for read:user,repo,user:email,workflow...
2025-12-31 10:13:50.877 [info] Getting sessions for all scopes...
2025-12-31 10:13:50.884 [info] Got 5 sessions for ...
2025-12-31 10:13:51.205 [info] Getting sessions for read:user,repo,user:email,workflow...
2025-12-31 10:13:51.205 [info] Got 1 sessions for read:user,repo,user:email,workflow...
2025-12-31 11:19:31.070 [info] Getting sessions for all scopes...
2025-12-31 11:19:31.073 [info] Got 5 sessions for ...
2025-12-31 11:19:31.473 [info] Getting sessions for read:user,repo,user:email,workflow...
2025-12-31 11:19:31.473 [info] Got 1 sessions for read:user,repo,user:email,workflow...
2025-12-31 11:19:32.509 [info] Getting sessions for all scopes...
2025-12-31 11:19:32.509 [info] Got 5 sessions for ...
2025-12-31 11:19:32.509 [info] Getting sessions for all scopes...
2025-12-31 11:19:32.509 [info] Got 5 sessions for ...
2025-12-31 11:19:32.515 [info] Getting sessions for read:user,repo,user:email,workflow...
2025-12-31 11:19:32.515 [info] Got 1 sessions for read:user,repo,user:email,workflow...
2025-12-31 11:19:41.339 [info] Getting sessions for all scopes...
2025-12-31 11:19:41.341 [info] Got 5 sessions for ...
2025-12-31 11:19:41.342 [info] Getting sessions for all scopes...
2025-12-31 11:19:41.342 [info] Got 5 sessions for ...
2025-12-31 11:19:41.527 [info] Getting sessions for read:user,repo,user:email,workflow...
2025-12-31 11:19:41.527 [info] Got 1 sessions for read:user,repo,user:email,workflow...
2025-12-31 11:19:42.059 [info] Getting sessions for all scopes...
2025-12-31 11:19:42.059 [info] Got 5 sessions for ...
2025-12-31 11:19:42.060 [info] Getting sessions for all scopes...
2025-12-31 11:19:42.060 [info] Got 5 sessions for ...
2025-12-31 11:19:42.084 [info] Getting sessions for read:user,repo,user:email,workflow...
2025-12-31 11:19:42.084 [info] Got 1 sessions for read:user,repo,user:email,workflow...
2025-12-31 11:19:43.516 [info] Getting sessions for all scopes...
2025-12-31 11:19:43.517 [info] Got 5 sessions for ...
2025-12-31 11:19:43.517 [info] Getting sessions for all scopes...
2025-12-31 11:19:43.517 [info] Got 5 sessions for ...
2025-12-31 11:19:43.574 [info] Getting sessions for read:user,repo,user:email,workflow...
2025-12-31 11:19:43.574 [info] Got 1 sessions for read:user,repo,user:email,workflow...
2025-12-31 12:38:36.572 [info] Getting sessions for all scopes...
2025-12-31 12:38:36.573 [info] Got 5 sessions for ...
2025-12-31 12:38:36.587 [info] Getting sessions for read:user,repo,user:email,workflow...
2025-12-31 12:38:36.588 [info] Got 1 sessions for read:user,repo,user:email,workflow...
2025-12-31 12:38:37.386 [info] Getting sessions for all scopes...
2025-12-31 12:38:37.387 [info] Got 5 sessions for ...
2025-12-31 12:38:37.389 [info] Getting sessions for all scopes...
2025-12-31 12:38:37.389 [info] Got 5 sessions for ...
2025-12-31 12:38:37.392 [info] Getting sessions for read:user,repo,user:email,workflow...
2025-12-31 12:38:37.392 [info] Got 1 sessions for read:user,repo,user:email,workflow...
2025-12-31 12:38:38.621 [info] Getting sessions for all scopes...
2025-12-31 12:38:38.621 [info] Got 5 sessions for ...
2025-12-31 12:38:38.621 [info] Getting sessions for all scopes...
2025-12-31 12:38:38.621 [info] Got 5 sessions for ...
2025-12-31 12:38:38.623 [info] Getting sessions for read:user,repo,user:email,workflow...
2025-12-31 12:38:38.623 [info] Got 1 sessions for read:user,repo,user:email,workflow...
2025-12-31 12:38:39.870 [info] Getting sessions for all scopes...
2025-12-31 12:38:39.870 [info] Got 5 sessions for ...
2025-12-31 12:38:39.870 [info] Getting sessions for all scopes...
2025-12-31 12:38:39.871 [info] Got 5 sessions for ...
2025-12-31 12:38:39.872 [info] Getting sessions for read:user,repo,user:email,workflow...
2025-12-31 12:38:39.872 [info] Got 1 sessions for read:user,repo,user:email,workflow...
2025-12-31 14:39:41.738 [info] Getting sessions for all scopes...
2025-12-31 14:39:41.739 [info] Got 5 sessions for ...
2025-12-31 14:39:42.058 [info] Getting sessions for read:user,repo,user:email,workflow...
2025-12-31 14:39:42.058 [info] Got 1 sessions for read:user,repo,user:email,workflow...
2025-12-31 14:39:43.047 [info] Getting sessions for all scopes...
2025-12-31 14:39:43.047 [info] Got 5 sessions for ...
2025-12-31 14:39:43.048 [info] Getting sessions for all scopes...
2025-12-31 14:39:43.048 [info] Got 5 sessions for ...
2025-12-31 14:39:43.312 [info] Getting sessions for read:user,repo,user:email,workflow...
2025-12-31 14:39:43.312 [info] Got 1 sessions for read:user,repo,user:email,workflow...
2025-12-31 14:39:45.293 [info] Getting sessions for all scopes...
2025-12-31 14:39:45.293 [info] Got 5 sessions for ...
2025-12-31 14:39:45.293 [info] Getting sessions for all scopes...
2025-12-31 14:39:45.293 [info] Got 5 sessions for ...
2025-12-31 14:39:45.513 [info] Getting sessions for read:user,repo,user:email,workflow...
2025-12-31 14:39:45.513 [info] Got 1 sessions for read:user,repo,user:email,workflow...
2025-12-31 14:39:45.683 [info] Getting sessions for all scopes...
2025-12-31 14:39:45.683 [info] Got 5 sessions for ...
2025-12-31 14:39:45.694 [info] Getting sessions for read:user,repo,user:email,workflow...
2025-12-31 14:39:45.694 [info] Got 1 sessions for read:user,repo,user:email,workflow...
2025-12-31 15:01:50.310 [info] Getting sessions for read:user,repo,user:email...
2025-12-31 15:01:50.312 [info] Got 1 sessions for read:user,repo,user:email...
2025-12-31 15:34:48.713 [info] Getting sessions for all scopes...
2025-12-31 15:34:48.720 [info] Got 5 sessions for ...
2025-12-31 15:34:49.026 [info] Getting sessions for read:user,repo,user:email,workflow...
2025-12-31 15:34:49.026 [info] Got 1 sessions for read:user,repo,user:email,workflow...
2025-12-31 15:34:55.028 [info] Getting sessions for all scopes...
2025-12-31 15:34:55.028 [info] Got 5 sessions for ...
2025-12-31 15:34:55.030 [info] Getting sessions for all scopes...
2025-12-31 15:34:55.030 [info] Got 5 sessions for ...
2025-12-31 15:34:55.111 [info] Getting sessions for read:user,repo,user:email,workflow...
2025-12-31 15:34:55.111 [info] Got 1 sessions for read:user,repo,user:email,workflow...
2025-12-31 15:34:55.770 [info] Getting sessions for all scopes...
2025-12-31 15:34:55.770 [info] Got 5 sessions for ...
2025-12-31 15:34:56.022 [info] Getting sessions for read:user,repo,user:email,workflow...
2025-12-31 15:34:56.022 [info] Got 1 sessions for read:user,repo,user:email,workflow...
2025-12-31 15:34:57.406 [info] Getting sessions for all scopes...
2025-12-31 15:34:57.407 [info] Got 5 sessions for ...
2025-12-31 15:34:57.442 [info] Getting sessions for read:user,repo,user:email,workflow...
2025-12-31 15:34:57.443 [info] Got 1 sessions for read:user,repo,user:email,workflow...
2025-12-31 15:34:57.783 [info] Getting sessions for all scopes...
2025-12-31 15:34:57.783 [info] Got 5 sessions for ...
2025-12-31 15:34:57.843 [info] Getting sessions for read:user,repo,user:email,workflow...
2025-12-31 15:34:57.844 [info] Got 1 sessions for read:user,repo,user:email,workflow...
2025-12-31 16:30:32.829 [info] Getting sessions for all scopes...
2025-12-31 16:30:32.834 [info] Got 5 sessions for ...
2025-12-31 16:30:32.965 [info] Getting sessions for read:user,repo,user:email,workflow...
2025-12-31 16:30:33.016 [info] Got 1 sessions for read:user,repo,user:email,workflow...
2025-12-31 16:30:36.208 [info] Getting sessions for all scopes...
2025-12-31 16:30:36.208 [info] Got 5 sessions for ...
2025-12-31 16:30:36.210 [info] Getting sessions for all scopes...
2025-12-31 16:30:36.210 [info] Got 5 sessions for ...
2025-12-31 16:30:36.286 [info] Getting sessions for read:user,repo,user:email,workflow...
2025-12-31 16:30:36.286 [info] Got 1 sessions for read:user,repo,user:email,workflow...
2025-12-31 16:30:37.376 [info] Getting sessions for all scopes...
2025-12-31 16:30:37.376 [info] Got 5 sessions for ...
2025-12-31 16:30:38.372 [info] Getting sessions for read:user,repo,user:email,workflow...
2025-12-31 16:30:38.374 [info] Got 1 sessions for read:user,repo,user:email,workflow...
2025-12-31 16:30:38.858 [info] Getting sessions for all scopes...
2025-12-31 16:30:38.858 [info] Got 5 sessions for ...
2025-12-31 16:30:38.868 [info] Getting sessions for read:user,repo,user:email,workflow...
2025-12-31 16:30:38.868 [info] Got 1 sessions for read:user,repo,user:email,workflow...
2025-12-31 16:30:48.447 [info] Getting sessions for all scopes...
2025-12-31 16:30:48.448 [info] Got 5 sessions for ...
2025-12-31 16:30:54.422 [info] Getting sessions for read:user,repo,user:email,workflow...
2025-12-31 16:30:54.424 [info] Got 1 sessions for read:user,repo,user:email,workflow...
2025-12-31 17:39:00.463 [info] Getting sessions for all scopes...
2025-12-31 17:39:00.465 [info] Got 5 sessions for ...
2025-12-31 17:39:04.436 [info] Getting sessions for read:user,repo,user:email,workflow...
2025-12-31 17:39:04.437 [info] Got 1 sessions for read:user,repo,user:email,workflow...
2025-12-31 17:39:05.816 [info] Getting sessions for all scopes...
2025-12-31 17:39:05.816 [info] Got 5 sessions for ...
2025-12-31 17:39:05.818 [info] Getting sessions for all scopes...
2025-12-31 17:39:05.818 [info] Got 5 sessions for ...
2025-12-31 17:39:06.065 [info] Getting sessions for read:user,repo,user:email,workflow...
2025-12-31 17:39:06.065 [info] Got 1 sessions for read:user,repo,user:email,workflow...
2025-12-31 17:39:06.389 [info] Getting sessions for all scopes...
2025-12-31 17:39:06.389 [info] Got 5 sessions for ...
2025-12-31 17:39:06.698 [info] Getting sessions for read:user,repo,user:email,workflow...
2025-12-31 17:39:06.698 [info] Got 1 sessions for read:user,repo,user:email,workflow...
2025-12-31 18:03:28.719 [info] Getting sessions for all scopes...
2025-12-31 18:03:28.727 [info] Got 5 sessions for ...
2025-12-31 18:03:29.088 [info] Getting sessions for read:user,repo,user:email,workflow...
2025-12-31 18:03:29.091 [info] Got 1 sessions for read:user,repo,user:email,workflow...
2025-12-31 18:08:50.400 [info] Getting sessions for all scopes...
2025-12-31 18:08:50.401 [info] Got 5 sessions for ...
2025-12-31 18:08:50.451 [info] Getting sessions for read:user,repo,user:email,workflow...
2025-12-31 18:08:50.451 [info] Got 1 sessions for read:user,repo,user:email,workflow...
2025-12-31 18:34:09.235 [info] Getting sessions for all scopes...
2025-12-31 18:34:09.239 [info] Got 5 sessions for ...
2025-12-31 18:34:11.588 [info] Getting sessions for read:user,repo,user:email,workflow...
2025-12-31 18:34:11.589 [info] Got 1 sessions for read:user,repo,user:email,workflow...
2025-12-31 18:34:12.802 [info] Getting sessions for all scopes...
2025-12-31 18:34:12.802 [info] Got 5 sessions for ...
2025-12-31 18:34:12.810 [info] Getting sessions for all scopes...
2025-12-31 18:34:12.810 [info] Got 5 sessions for ...
2025-12-31 18:34:13.029 [info] Getting sessions for read:user,repo,user:email,workflow...
2025-12-31 18:34:13.029 [info] Got 1 sessions for read:user,repo,user:email,workflow...
2025-12-31 18:34:13.615 [info] Getting sessions for all scopes...
2025-12-31 18:34:13.615 [info] Got 5 sessions for ...
2025-12-31 18:34:13.840 [info] Getting sessions for read:user,repo,user:email,workflow...
2025-12-31 18:34:13.840 [info] Got 1 sessions for read:user,repo,user:email,workflow...
2025-12-31 19:06:57.967 [info] Getting sessions for all scopes...
2025-12-31 19:06:57.974 [info] Got 5 sessions for ...
2025-12-31 19:06:58.043 [info] Getting sessions for read:user,repo,user:email,workflow...
2025-12-31 19:06:58.045 [info] Got 1 sessions for read:user,repo,user:email,workflow...
2025-12-31 19:07:21.464 [info] Getting sessions for all scopes...
2025-12-31 19:07:21.465 [info] Got 5 sessions for ...
2025-12-31 19:07:21.474 [info] Getting sessions for read:user,repo,user:email,workflow...
2025-12-31 19:07:21.474 [info] Got 1 sessions for read:user,repo,user:email,workflow...
2025-12-31 19:29:13.729 [info] Getting sessions for all scopes...
2025-12-31 19:29:13.732 [info] Got 5 sessions for ...
2025-12-31 19:29:13.767 [info] Getting sessions for read:user,repo,user:email,workflow...
2025-12-31 19:29:13.769 [info] Got 1 sessions for read:user,repo,user:email,workflow...
2025-12-31 19:29:14.206 [info] Getting sessions for all scopes...
2025-12-31 19:29:14.206 [info] Got 5 sessions for ...
2025-12-31 19:29:14.206 [info] Getting sessions for all scopes...
2025-12-31 19:29:14.206 [info] Got 5 sessions for ...
2025-12-31 19:29:14.267 [info] Getting sessions for read:user,repo,user:email,workflow...
2025-12-31 19:29:14.267 [info] Got 1 sessions for read:user,repo,user:email,workflow...
2025-12-31 19:29:14.371 [info] Getting sessions for all scopes...
2025-12-31 19:29:14.371 [info] Got 5 sessions for ...
2025-12-31 19:29:14.375 [info] Getting sessions for read:user,repo,user:email,workflow...
2025-12-31 19:29:14.375 [info] Got 1 sessions for read:user,repo,user:email,workflow...
2025-12-31 19:29:15.755 [info] Getting sessions for all scopes...
2025-12-31 19:29:15.755 [info] Got 5 sessions for ...
2025-12-31 19:29:15.760 [info] Getting sessions for read:user,repo,user:email,workflow...
2025-12-31 19:29:15.760 [info] Got 1 sessions for read:user,repo,user:email,workflow...
2025-12-31 19:29:16.756 [info] Getting sessions for all scopes...
2025-12-31 19:29:16.756 [info] Got 5 sessions for ...
2025-12-31 19:29:16.761 [info] Getting sessions for read:user,repo,user:email,workflow...
2025-12-31 19:29:16.761 [info] Got 1 sessions for read:user,repo,user:email,workflow...
2025-12-31 20:26:03.437 [info] Getting sessions for all scopes...
2025-12-31 20:26:03.441 [info] Got 5 sessions for ...
2025-12-31 20:26:06.513 [info] Getting sessions for read:user,repo,user:email,workflow...
2025-12-31 20:26:06.513 [info] Got 1 sessions for read:user,repo,user:email,workflow...
2025-12-31 20:26:10.495 [info] Getting sessions for all scopes...
2025-12-31 20:26:10.495 [info] Got 5 sessions for ...
2025-12-31 20:26:10.499 [info] Getting sessions for all scopes...
2025-12-31 20:26:10.499 [info] Got 5 sessions for ...
2025-12-31 20:26:10.866 [info] Getting sessions for read:user,repo,user:email,workflow...
2025-12-31 20:26:10.866 [info] Got 1 sessions for read:user,repo,user:email,workflow...
2025-12-31 20:26:12.434 [info] Getting sessions for all scopes...
2025-12-31 20:26:12.434 [info] Got 5 sessions for ...
2025-12-31 20:26:13.847 [info] Getting sessions for read:user,repo,user:email,workflow...
2025-12-31 20:26:13.847 [info] Got 1 sessions for read:user,repo,user:email,workflow...
2025-12-31 20:45:51.130 [info] Getting sessions for all scopes...
2025-12-31 20:45:51.132 [info] Got 5 sessions for ...
2025-12-31 20:45:51.150 [info] Getting sessions for read:user,repo,user:email,workflow...
2025-12-31 20:45:51.152 [info] Got 1 sessions for read:user,repo,user:email,workflow...
2025-12-31 20:45:57.190 [info] Getting sessions for all scopes...
2025-12-31 20:45:57.190 [info] Got 5 sessions for ...
2025-12-31 20:45:57.193 [info] Getting sessions for read:user,repo,user:email,workflow...
2025-12-31 20:45:57.193 [info] Got 1 sessions for read:user,repo,user:email,workflow...
2025-12-31 22:54:18.568 [info] Getting sessions for all scopes...
2025-12-31 22:54:18.568 [info] Got 5 sessions for ...
2025-12-31 22:54:19.284 [info] Getting sessions for read:user,repo,user:email,workflow...
2025-12-31 22:54:19.284 [info] Got 1 sessions for read:user,repo,user:email,workflow...
2025-12-31 22:54:20.779 [info] Getting sessions for all scopes...
2025-12-31 22:54:20.781 [info] Got 5 sessions for ...
2025-12-31 22:54:20.782 [info] Getting sessions for all scopes...
2025-12-31 22:54:20.782 [info] Got 5 sessions for ...
2025-12-31 22:54:21.100 [info] Getting sessions for read:user,repo,user:email,workflow...
2025-12-31 22:54:21.100 [info] Got 1 sessions for read:user,repo,user:email,workflow...
2025-12-31 22:54:22.785 [info] Getting sessions for all scopes...
2025-12-31 22:54:22.785 [info] Got 5 sessions for ...
2025-12-31 22:54:22.787 [info] Getting sessions for all scopes...
2025-12-31 22:54:22.787 [info] Got 5 sessions for ...
2025-12-31 22:54:23.418 [info] Getting sessions for read:user,repo,user:email,workflow...
2025-12-31 22:54:23.418 [info] Got 1 sessions for read:user,repo,user:email,workflow...
2025-12-31 22:54:31.827 [info] Getting sessions for all scopes...
2025-12-31 22:54:31.828 [info] Got 5 sessions for ...
2025-12-31 22:54:31.831 [info] Getting sessions for all scopes...
2025-12-31 22:54:31.834 [info] Got 5 sessions for ...
2025-12-31 22:54:33.436 [info] Getting sessions for read:user,repo,user:email,workflow...
2025-12-31 22:54:33.437 [info] Got 1 sessions for read:user,repo,user:email,workflow...
2025-12-31 22:54:33.442 [info] Getting sessions for all scopes...
2025-12-31 22:54:33.442 [info] Got 5 sessions for ...
2025-12-31 22:54:35.555 [info] Getting sessions for read:user,repo,user:email,workflow...
2025-12-31 22:54:35.556 [info] Got 1 sessions for read:user,repo,user:email,workflow...
2025-12-31 23:54:47.623 [info] Getting sessions for all scopes...
2025-12-31 23:54:47.628 [info] Got 5 sessions for ...
2025-12-31 23:54:47.676 [info] Getting sessions for read:user,repo,user:email,workflow...
2025-12-31 23:54:47.676 [info] Got 1 sessions for read:user,repo,user:email,workflow...
2025-12-31 23:54:48.180 [info] Getting sessions for all scopes...
2025-12-31 23:54:48.180 [info] Got 5 sessions for ...
2025-12-31 23:54:48.182 [info] Getting sessions for all scopes...
2025-12-31 23:54:48.183 [info] Got 5 sessions for ...
2025-12-31 23:54:49.776 [info] Getting sessions for read:user,repo,user:email,workflow...
2025-12-31 23:54:49.776 [info] Got 1 sessions for read:user,repo,user:email,workflow...
2025-12-31 23:55:13.660 [info] Getting sessions for all scopes...
2025-12-31 23:55:13.661 [info] Got 5 sessions for ...
2025-12-31 23:55:13.663 [info] Getting sessions for all scopes...
2025-12-31 23:55:13.663 [info] Got 5 sessions for ...
2025-12-31 23:55:14.100 [info] Getting sessions for read:user,repo,user:email,workflow...
2025-12-31 23:55:14.101 [info] Got 1 sessions for read:user,repo,user:email,workflow...
2025-12-31 23:55:15.295 [info] Getting sessions for all scopes...
2025-12-31 23:55:15.295 [info] Got 5 sessions for ...
2025-12-31 23:55:15.918 [info] Getting sessions for read:user,repo,user:email,workflow...
2025-12-31 23:55:15.918 [info] Got 1 sessions for read:user,repo,user:email,workflow...
2026-01-01 00:10:38.512 [info] Getting sessions for all scopes...
2026-01-01 00:10:38.514 [info] Got 5 sessions for ...
2026-01-01 00:10:39.114 [info] Getting sessions for read:user,repo,user:email,workflow...
2026-01-01 00:10:39.114 [info] Got 1 sessions for read:user,repo,user:email,workflow...
2026-01-01 02:12:53.792 [info] Getting sessions for all scopes...
2026-01-01 02:12:53.795 [info] Got 5 sessions for ...
2026-01-01 02:12:53.961 [info] Getting sessions for read:user,repo,user:email,workflow...
2026-01-01 02:12:53.961 [info] Got 1 sessions for read:user,repo,user:email,workflow...
2026-01-01 02:12:55.728 [info] Getting sessions for all scopes...
2026-01-01 02:12:55.729 [info] Got 5 sessions for ...
2026-01-01 02:12:55.730 [info] Getting sessions for all scopes...
2026-01-01 02:12:55.730 [info] Got 5 sessions for ...
2026-01-01 02:12:56.125 [info] Getting sessions for read:user,repo,user:email,workflow...
2026-01-01 02:12:56.125 [info] Got 1 sessions for read:user,repo,user:email,workflow...
2026-01-01 02:12:57.125 [info] Getting sessions for all scopes...
2026-01-01 02:12:57.125 [info] Got 5 sessions for ...
2026-01-01 02:12:57.136 [info] Getting sessions for all scopes...
2026-01-01 02:12:57.137 [info] Got 5 sessions for ...
2026-01-01 02:12:57.162 [info] Getting sessions for read:user,repo,user:email,workflow...
2026-01-01 02:12:57.163 [info] Got 1 sessions for read:user,repo,user:email,workflow...
2026-01-01 02:12:58.530 [info] Getting sessions for all scopes...
2026-01-01 02:12:58.530 [info] Got 5 sessions for ...
2026-01-01 02:12:58.531 [info] Getting sessions for all scopes...
2026-01-01 02:12:58.532 [info] Got 5 sessions for ...
2026-01-01 02:12:58.731 [info] Getting sessions for read:user,repo,user:email,workflow...
2026-01-01 02:12:58.731 [info] Got 1 sessions for read:user,repo,user:email,workflow...
2026-01-01 03:14:08.848 [info] Getting sessions for all scopes...
2026-01-01 03:14:08.849 [info] Got 5 sessions for ...
2026-01-01 03:14:09.127 [info] Getting sessions for read:user,repo,user:email,workflow...
2026-01-01 03:14:09.127 [info] Got 1 sessions for read:user,repo,user:email,workflow...
2026-01-01 03:14:09.632 [info] Getting sessions for all scopes...
2026-01-01 03:14:09.632 [info] Got 5 sessions for ...
2026-01-01 03:14:09.632 [info] Getting sessions for all scopes...
2026-01-01 03:14:09.632 [info] Got 5 sessions for ...
2026-01-01 03:14:09.977 [info] Getting sessions for read:user,repo,user:email,workflow...
2026-01-01 03:14:09.977 [info] Got 1 sessions for read:user,repo,user:email,workflow...
2026-01-01 03:14:11.419 [info] Getting sessions for all scopes...
2026-01-01 03:14:11.419 [info] Got 5 sessions for ...
2026-01-01 03:14:11.420 [info] Getting sessions for all scopes...
2026-01-01 03:14:11.420 [info] Got 5 sessions for ...
2026-01-01 03:14:11.452 [info] Getting sessions for read:user,repo,user:email,workflow...
2026-01-01 03:14:11.452 [info] Got 1 sessions for read:user,repo,user:email,workflow...
2026-01-01 03:14:22.978 [info] Getting sessions for all scopes...
2026-01-01 03:14:22.979 [info] Got 5 sessions for ...
2026-01-01 03:14:23.419 [info] Getting sessions for read:user,repo,user:email,workflow...
2026-01-01 03:14:23.419 [info] Got 1 sessions for read:user,repo,user:email,workflow...
2026-01-01 03:14:25.088 [info] Getting sessions for all scopes...
2026-01-01 03:14:25.088 [info] Got 5 sessions for ...
2026-01-01 03:14:25.572 [info] Getting sessions for read:user,repo,user:email,workflow...
2026-01-01 03:14:25.573 [info] Got 1 sessions for read:user,repo,user:email,workflow...
2026-01-01 04:15:20.929 [info] Getting sessions for all scopes...
2026-01-01 04:15:20.929 [info] Got 5 sessions for ...
2026-01-01 04:15:20.968 [info] Getting sessions for read:user,repo,user:email,workflow...
2026-01-01 04:15:20.969 [info] Got 1 sessions for read:user,repo,user:email,workflow...
2026-01-01 04:15:22.237 [info] Getting sessions for all scopes...
2026-01-01 04:15:22.237 [info] Got 5 sessions for ...
2026-01-01 04:15:22.238 [info] Getting sessions for all scopes...
2026-01-01 04:15:22.238 [info] Got 5 sessions for ...
2026-01-01 04:15:22.514 [info] Getting sessions for read:user,repo,user:email,workflow...
2026-01-01 04:15:22.514 [info] Got 1 sessions for read:user,repo,user:email,workflow...
2026-01-01 04:15:24.086 [info] Getting sessions for all scopes...
2026-01-01 04:15:24.086 [info] Got 5 sessions for ...
2026-01-01 04:15:24.086 [info] Getting sessions for all scopes...
2026-01-01 04:15:24.086 [info] Got 5 sessions for ...
2026-01-01 04:15:25.265 [info] Getting sessions for read:user,repo,user:email,workflow...
2026-01-01 04:15:25.265 [info] Got 1 sessions for read:user,repo,user:email,workflow...
2026-01-01 04:15:28.981 [info] Getting sessions for all scopes...
2026-01-01 04:15:28.982 [info] Got 5 sessions for ...
2026-01-01 04:15:28.982 [info] Getting sessions for all scopes...
2026-01-01 04:15:28.982 [info] Got 5 sessions for ...
2026-01-01 04:15:29.384 [info] Getting sessions for read:user,repo,user:email,workflow...
2026-01-01 04:15:29.384 [info] Got 1 sessions for read:user,repo,user:email,workflow...
2026-01-01 04:15:33.034 [info] Getting sessions for all scopes...
2026-01-01 04:15:33.037 [info] Got 5 sessions for ...
2026-01-01 04:15:33.665 [info] Getting sessions for read:user,repo,user:email,workflow...
2026-01-01 04:15:33.665 [info] Got 1 sessions for read:user,repo,user:email,workflow...
2026-01-01 05:16:33.487 [info] Getting sessions for all scopes...
2026-01-01 05:16:33.488 [info] Got 5 sessions for ...
2026-01-01 05:16:34.072 [info] Getting sessions for read:user,repo,user:email,workflow...
2026-01-01 05:16:34.073 [info] Got 1 sessions for read:user,repo,user:email,workflow...
2026-01-01 05:16:34.664 [info] Getting sessions for all scopes...
2026-01-01 05:16:34.664 [info] Got 5 sessions for ...
2026-01-01 05:16:34.665 [info] Getting sessions for all scopes...
2026-01-01 05:16:34.665 [info] Got 5 sessions for ...
2026-01-01 05:16:35.010 [info] Getting sessions for read:user,repo,user:email,workflow...
2026-01-01 05:16:35.010 [info] Got 1 sessions for read:user,repo,user:email,workflow...
2026-01-01 05:16:35.450 [info] Getting sessions for all scopes...
2026-01-01 05:16:35.450 [info] Got 5 sessions for ...
2026-01-01 05:16:35.450 [info] Getting sessions for all scopes...
2026-01-01 05:16:35.450 [info] Got 5 sessions for ...
2026-01-01 05:16:35.639 [info] Getting sessions for read:user,repo,user:email,workflow...
2026-01-01 05:16:35.639 [info] Got 1 sessions for read:user,repo,user:email,workflow...
2026-01-01 05:16:37.764 [info] Getting sessions for all scopes...
2026-01-01 05:16:37.765 [info] Got 5 sessions for ...
2026-01-01 05:16:37.765 [info] Getting sessions for all scopes...
2026-01-01 05:16:37.765 [info] Got 5 sessions for ...
2026-01-01 05:16:37.810 [info] Getting sessions for read:user,repo,user:email,workflow...
2026-01-01 05:16:37.811 [info] Got 1 sessions for read:user,repo,user:email,workflow...
2026-01-01 06:17:51.084 [info] Getting sessions for all scopes...
2026-01-01 06:17:51.085 [info] Got 5 sessions for ...
2026-01-01 06:17:51.168 [info] Getting sessions for read:user,repo,user:email,workflow...
2026-01-01 06:17:51.169 [info] Got 1 sessions for read:user,repo,user:email,workflow...
2026-01-01 06:17:51.846 [info] Getting sessions for all scopes...
2026-01-01 06:17:51.846 [info] Got 5 sessions for ...
2026-01-01 06:17:51.847 [info] Getting sessions for all scopes...
2026-01-01 06:17:51.847 [info] Got 5 sessions for ...
2026-01-01 06:17:51.927 [info] Getting sessions for read:user,repo,user:email,workflow...
2026-01-01 06:17:51.927 [info] Got 1 sessions for read:user,repo,user:email,workflow...
2026-01-01 06:17:54.032 [info] Getting sessions for all scopes...
2026-01-01 06:17:54.033 [info] Got 5 sessions for ...
2026-01-01 06:17:54.034 [info] Getting sessions for all scopes...
2026-01-01 06:17:54.034 [info] Got 5 sessions for ...
2026-01-01 06:17:54.054 [info] Getting sessions for read:user,repo,user:email,workflow...
2026-01-01 06:17:54.054 [info] Got 1 sessions for read:user,repo,user:email,workflow...
2026-01-01 06:17:55.018 [info] Getting sessions for all scopes...
2026-01-01 06:17:55.018 [info] Got 5 sessions for ...
2026-01-01 06:17:55.022 [info] Getting sessions for all scopes...
2026-01-01 06:17:55.022 [info] Got 5 sessions for ...
2026-01-01 06:17:55.054 [info] Getting sessions for read:user,repo,user:email,workflow...
2026-01-01 06:17:55.054 [info] Got 1 sessions for read:user,repo,user:email,workflow...
2026-01-01 10:04:52.631 [info] Getting sessions for all scopes...
2026-01-01 10:04:52.639 [info] Got 5 sessions for ...
2026-01-01 10:04:53.631 [info] Getting sessions for read:user,repo,user:email,workflow...
2026-01-01 10:04:53.634 [info] Got 1 sessions for read:user,repo,user:email,workflow...
2026-01-01 10:05:18.008 [info] Getting sessions for all scopes...
2026-01-01 10:05:18.011 [info] Got 5 sessions for ...
2026-01-01 10:05:18.016 [info] Getting sessions for all scopes...
2026-01-01 10:05:18.023 [info] Got 5 sessions for ...
2026-01-01 10:05:18.790 [info] Getting sessions for read:user,repo,user:email,workflow...
2026-01-01 10:05:18.793 [info] Got 1 sessions for read:user,repo,user:email,workflow...
2026-01-01 10:05:25.695 [info] Getting sessions for all scopes...
2026-01-01 10:05:25.695 [info] Got 5 sessions for ...
2026-01-01 10:05:41.963 [info] Getting sessions for read:user,repo,user:email,workflow...
2026-01-01 10:05:41.963 [info] Got 1 sessions for read:user,repo,user:email,workflow...
2026-01-01 10:05:48.202 [info] Getting sessions for all scopes...
2026-01-01 10:05:48.202 [info] Got 5 sessions for ...
2026-01-01 10:05:48.226 [info] Getting sessions for all scopes...
2026-01-01 10:05:48.226 [info] Got 5 sessions for ...
2026-01-01 10:06:00.274 [info] Getting sessions for read:user,repo,user:email,workflow...
2026-01-01 10:06:00.275 [info] Got 1 sessions for read:user,repo,user:email,workflow...
2026-01-01 10:06:00.778 [info] Getting sessions for all scopes...
2026-01-01 10:06:00.778 [info] Got 5 sessions for ...
2026-01-01 10:06:00.780 [info] Getting sessions for all scopes...
2026-01-01 10:06:00.780 [info] Got 5 sessions for ...
2026-01-01 10:06:01.747 [info] Getting sessions for read:user,repo,user:email,workflow...
2026-01-01 10:06:01.747 [info] Got 1 sessions for read:user,repo,user:email,workflow...
2026-01-01 10:09:39.671 [info] Getting sessions for all scopes...
2026-01-01 10:09:39.671 [info] Got 5 sessions for ...
2026-01-01 10:09:39.671 [info] Getting sessions for all scopes...
2026-01-01 10:09:39.672 [info] Got 5 sessions for ...
2026-01-01 10:09:39.868 [info] Getting sessions for read:user,repo,user:email,workflow...
2026-01-01 10:09:39.868 [info] Got 1 sessions for read:user,repo,user:email,workflow...
2026-01-01 10:09:43.188 [info] Getting sessions for all scopes...
2026-01-01 10:09:43.188 [info] Got 5 sessions for ...
2026-01-01 10:09:43.190 [info] Getting sessions for all scopes...
2026-01-01 10:09:43.190 [info] Got 5 sessions for ...
2026-01-01 10:09:43.192 [info] Getting sessions for all scopes...
2026-01-01 10:09:43.192 [info] Got 5 sessions for ...
2026-01-01 10:09:43.403 [info] Getting sessions for read:user,repo,user:email,workflow...
2026-01-01 10:09:43.405 [info] Got 1 sessions for read:user,repo,user:email,workflow...
2026-01-01 10:09:56.040 [info] Getting sessions for all scopes...
2026-01-01 10:09:56.041 [info] Got 5 sessions for ...
2026-01-01 10:09:56.110 [info] Getting sessions for all scopes...
2026-01-01 10:09:56.110 [info] Got 5 sessions for ...
2026-01-01 10:09:57.031 [info] Getting sessions for read:user,repo,user:email,workflow...
2026-01-01 10:09:57.031 [info] Got 1 sessions for read:user,repo,user:email,workflow...
2026-01-01 10:09:57.398 [info] Getting sessions for all scopes...
2026-01-01 10:09:57.398 [info] Got 5 sessions for ...
2026-01-01 10:09:58.999 [info] Getting sessions for read:user,repo,user:email,workflow...
2026-01-01 10:09:58.999 [info] Got 1 sessions for read:user,repo,user:email,workflow...
2026-01-01 11:05:08.077 [info] Getting sessions for all scopes...
2026-01-01 11:05:08.089 [info] Got 5 sessions for ...
2026-01-01 11:05:13.986 [info] Getting sessions for read:user,repo,user:email,workflow...
2026-01-01 11:05:13.987 [info] Got 1 sessions for read:user,repo,user:email,workflow...
2026-01-01 11:05:15.745 [info] Getting sessions for all scopes...
2026-01-01 11:05:15.746 [info] Got 5 sessions for ...
2026-01-01 11:05:15.746 [info] Getting sessions for all scopes...
2026-01-01 11:05:15.747 [info] Got 5 sessions for ...
2026-01-01 11:05:15.845 [info] Getting sessions for read:user,repo,user:email,workflow...
2026-01-01 11:05:15.846 [info] Got 1 sessions for read:user,repo,user:email,workflow...
2026-01-01 11:05:16.053 [info] Getting sessions for all scopes...
2026-01-01 11:05:16.054 [info] Got 5 sessions for ...
2026-01-01 11:05:16.231 [info] Getting sessions for read:user,repo,user:email,workflow...
2026-01-01 11:05:16.231 [info] Got 1 sessions for read:user,repo,user:email,workflow...
2026-01-01 12:41:50.293 [info] Getting sessions for all scopes...
2026-01-01 12:41:50.296 [info] Got 5 sessions for ...
2026-01-01 12:41:52.969 [info] Getting sessions for read:user,repo,user:email,workflow...
2026-01-01 12:41:52.971 [info] Got 1 sessions for read:user,repo,user:email,workflow...
2026-01-01 12:41:54.201 [info] Getting sessions for all scopes...
2026-01-01 12:41:54.201 [info] Got 5 sessions for ...
2026-01-01 12:41:54.202 [info] Getting sessions for all scopes...
2026-01-01 12:41:54.203 [info] Got 5 sessions for ...
2026-01-01 12:41:54.762 [info] Getting sessions for read:user,repo,user:email,workflow...
2026-01-01 12:41:54.762 [info] Got 1 sessions for read:user,repo,user:email,workflow...
2026-01-01 12:42:09.214 [info] Getting sessions for all scopes...
2026-01-01 12:42:09.214 [info] Got 5 sessions for ...
2026-01-01 12:42:09.215 [info] Getting sessions for all scopes...
2026-01-01 12:42:09.215 [info] Got 5 sessions for ...
2026-01-01 12:42:15.285 [info] Getting sessions for read:user,repo,user:email,workflow...
2026-01-01 12:42:15.286 [info] Got 1 sessions for read:user,repo,user:email,workflow...
2026-01-01 12:42:16.569 [info] Getting sessions for all scopes...
2026-01-01 12:42:16.569 [info] Got 5 sessions for ...
2026-01-01 12:42:16.571 [info] Getting sessions for all scopes...
2026-01-01 12:42:16.571 [info] Got 5 sessions for ...
2026-01-01 12:42:16.691 [info] Getting sessions for read:user,repo,user:email,workflow...
2026-01-01 12:42:16.691 [info] Got 1 sessions for read:user,repo,user:email,workflow...
2026-01-01 13:37:17.811 [info] Getting sessions for all scopes...
2026-01-01 13:37:17.817 [info] Got 5 sessions for ...
2026-01-01 13:37:18.551 [info] Getting sessions for read:user,repo,user:email,workflow...
2026-01-01 13:37:18.555 [info] Got 1 sessions for read:user,repo,user:email,workflow...
2026-01-01 13:37:19.940 [info] Getting sessions for all scopes...
2026-01-01 13:37:19.940 [info] Got 5 sessions for ...
2026-01-01 13:37:19.942 [info] Getting sessions for all scopes...
2026-01-01 13:37:19.942 [info] Got 5 sessions for ...
2026-01-01 13:37:20.092 [info] Getting sessions for read:user,repo,user:email,workflow...
2026-01-01 13:37:20.092 [info] Got 1 sessions for read:user,repo,user:email,workflow...
2026-01-01 13:37:21.286 [info] Getting sessions for all scopes...
2026-01-01 13:37:21.286 [info] Got 5 sessions for ...
2026-01-01 13:37:21.286 [info] Getting sessions for all scopes...
2026-01-01 13:37:21.286 [info] Got 5 sessions for ...
2026-01-01 13:37:22.951 [info] Getting sessions for read:user,repo,user:email,workflow...
2026-01-01 13:37:22.952 [info] Got 1 sessions for read:user,repo,user:email,workflow...
2026-01-01 13:41:23.244 [info] Getting sessions for all scopes...
2026-01-01 13:41:23.245 [info] Got 5 sessions for ...
2026-01-01 13:41:23.293 [info] Getting sessions for read:user,repo,user:email,workflow...
2026-01-01 13:41:23.295 [info] Got 1 sessions for read:user,repo,user:email,workflow...
2026-01-01 13:41:41.595 [info] Getting sessions for all scopes...
2026-01-01 13:41:41.596 [info] Got 5 sessions for ...
2026-01-01 13:41:41.621 [info] Getting sessions for read:user,repo,user:email,workflow...
2026-01-01 13:41:41.621 [info] Got 1 sessions for read:user,repo,user:email,workflow...
2026-01-01 14:47:05.937 [info] Getting sessions for all scopes...
2026-01-01 14:47:05.939 [info] Got 5 sessions for ...
2026-01-01 14:47:08.014 [info] Getting sessions for read:user,repo,user:email,workflow...
2026-01-01 14:47:08.014 [info] Got 1 sessions for read:user,repo,user:email,workflow...
2026-01-01 14:47:09.281 [info] Getting sessions for all scopes...
2026-01-01 14:47:09.281 [info] Got 5 sessions for ...
2026-01-01 14:47:09.282 [info] Getting sessions for all scopes...
2026-01-01 14:47:09.282 [info] Got 5 sessions for ...
2026-01-01 14:47:09.809 [info] Getting sessions for read:user,repo,user:email,workflow...
2026-01-01 14:47:09.810 [info] Got 1 sessions for read:user,repo,user:email,workflow...
2026-01-01 14:47:21.879 [info] Getting sessions for all scopes...
2026-01-01 14:47:21.881 [info] Got 5 sessions for ...
2026-01-01 14:47:21.882 [info] Getting sessions for all scopes...
2026-01-01 14:47:21.882 [info] Got 5 sessions for ...
2026-01-01 14:47:21.903 [info] Getting sessions for read:user,repo,user:email,workflow...
2026-01-01 14:47:21.904 [info] Got 1 sessions for read:user,repo,user:email,workflow...
2026-01-01 14:49:50.136 [info] Getting sessions for all scopes...
2026-01-01 14:49:50.140 [info] Got 5 sessions for ...
2026-01-01 14:49:50.481 [info] Getting sessions for read:user,repo,user:email,workflow...
2026-01-01 14:49:50.481 [info] Got 1 sessions for read:user,repo,user:email,workflow...
2026-01-01 15:11:10.172 [info] Getting sessions for all scopes...
2026-01-01 15:11:10.174 [info] Got 5 sessions for ...
2026-01-01 15:11:10.184 [info] Getting sessions for read:user,repo,user:email,workflow...
2026-01-01 15:11:10.184 [info] Got 1 sessions for read:user,repo,user:email,workflow...
2026-01-01 15:42:22.418 [info] Getting sessions for all scopes...
2026-01-01 15:42:22.420 [info] Got 5 sessions for ...
2026-01-01 15:42:22.481 [info] Getting sessions for read:user,repo,user:email,workflow...
2026-01-01 15:42:22.483 [info] Got 1 sessions for read:user,repo,user:email,workflow...
2026-01-01 15:42:23.112 [info] Getting sessions for all scopes...
2026-01-01 15:42:23.112 [info] Got 5 sessions for ...
2026-01-01 15:42:23.116 [info] Getting sessions for all scopes...
2026-01-01 15:42:23.116 [info] Got 5 sessions for ...
2026-01-01 15:42:23.187 [info] Getting sessions for read:user,repo,user:email,workflow...
2026-01-01 15:42:23.187 [info] Got 1 sessions for read:user,repo,user:email,workflow...
2026-01-01 15:42:26.035 [info] Getting sessions for all scopes...
2026-01-01 15:42:26.035 [info] Got 5 sessions for ...
2026-01-01 15:42:26.035 [info] Getting sessions for all scopes...
2026-01-01 15:42:26.035 [info] Got 5 sessions for ...
2026-01-01 15:42:26.101 [info] Getting sessions for read:user,repo,user:email,workflow...
2026-01-01 15:42:26.101 [info] Got 1 sessions for read:user,repo,user:email,workflow...
2026-01-01 15:42:27.214 [info] Getting sessions for all scopes...
2026-01-01 15:42:27.214 [info] Got 5 sessions for ...
2026-01-01 15:42:27.216 [info] Getting sessions for read:user,repo,user:email,workflow...
2026-01-01 15:42:27.216 [info] Got 1 sessions for read:user,repo,user:email,workflow...
2026-01-01 15:42:28.048 [info] Getting sessions for all scopes...
2026-01-01 15:42:28.048 [info] Got 5 sessions for ...
2026-01-01 15:42:28.051 [info] Getting sessions for read:user,repo,user:email,workflow...
2026-01-01 15:42:28.051 [info] Got 1 sessions for read:user,repo,user:email,workflow...
2026-01-01 16:37:27.700 [info] Getting sessions for all scopes...
2026-01-01 16:37:27.706 [info] Got 5 sessions for ...
2026-01-01 16:37:28.912 [info] Getting sessions for read:user,repo,user:email,workflow...
2026-01-01 16:37:28.929 [info] Got 1 sessions for read:user,repo,user:email,workflow...
2026-01-01 16:37:30.863 [info] Getting sessions for all scopes...
2026-01-01 16:37:30.863 [info] Got 5 sessions for ...
2026-01-01 16:37:30.866 [info] Getting sessions for all scopes...
2026-01-01 16:37:30.867 [info] Got 5 sessions for ...
2026-01-01 16:37:31.033 [info] Getting sessions for read:user,repo,user:email,workflow...
2026-01-01 16:37:31.033 [info] Got 1 sessions for read:user,repo,user:email,workflow...
2026-01-01 16:37:35.794 [info] Getting sessions for all scopes...
2026-01-01 16:37:35.797 [info] Got 5 sessions for ...
2026-01-01 16:37:36.229 [info] Getting sessions for read:user,repo,user:email,workflow...
2026-01-01 16:37:36.229 [info] Got 1 sessions for read:user,repo,user:email,workflow...
2026-01-01 16:58:01.122 [info] Getting sessions for all scopes...
2026-01-01 16:58:01.133 [info] Got 5 sessions for ...
2026-01-01 16:58:01.492 [info] Getting sessions for read:user,repo,user:email,workflow...
2026-01-01 16:58:01.496 [info] Got 1 sessions for read:user,repo,user:email,workflow...
2026-01-01 16:59:23.475 [info] Getting sessions for all scopes...
2026-01-01 16:59:23.476 [info] Got 5 sessions for ...
2026-01-01 16:59:23.547 [info] Getting sessions for read:user,repo,user:email,workflow...
2026-01-01 16:59:23.547 [info] Got 1 sessions for read:user,repo,user:email,workflow...
2026-01-01 17:32:35.097 [info] Getting sessions for all scopes...
2026-01-01 17:32:35.100 [info] Got 5 sessions for ...
2026-01-01 17:32:35.269 [info] Getting sessions for read:user,repo,user:email,workflow...
2026-01-01 17:32:35.270 [info] Got 1 sessions for read:user,repo,user:email,workflow...
2026-01-01 17:32:36.030 [info] Getting sessions for all scopes...
2026-01-01 17:32:36.030 [info] Got 5 sessions for ...
2026-01-01 17:32:36.030 [info] Getting sessions for all scopes...
2026-01-01 17:32:36.030 [info] Got 5 sessions for ...
2026-01-01 17:32:36.125 [info] Getting sessions for read:user,repo,user:email,workflow...
2026-01-01 17:32:36.125 [info] Got 1 sessions for read:user,repo,user:email,workflow...
2026-01-01 17:32:37.486 [info] Getting sessions for all scopes...
2026-01-01 17:32:37.487 [info] Got 5 sessions for ...
2026-01-01 17:32:37.487 [info] Getting sessions for all scopes...
2026-01-01 17:32:37.487 [info] Got 5 sessions for ...
2026-01-01 17:32:37.765 [info] Getting sessions for read:user,repo,user:email,workflow...
2026-01-01 17:32:37.765 [info] Got 1 sessions for read:user,repo,user:email,workflow...
2026-01-01 17:32:38.273 [info] Getting sessions for all scopes...
2026-01-01 17:32:38.273 [info] Got 5 sessions for ...
2026-01-01 17:32:38.315 [info] Getting sessions for read:user,repo,user:email,workflow...
2026-01-01 17:32:38.315 [info] Got 1 sessions for read:user,repo,user:email,workflow...
2026-01-01 17:32:39.177 [info] Getting sessions for all scopes...
2026-01-01 17:32:39.177 [info] Got 5 sessions for ...
2026-01-01 17:32:39.223 [info] Getting sessions for read:user,repo,user:email,workflow...
2026-01-01 17:32:39.223 [info] Got 1 sessions for read:user,repo,user:email,workflow...
2026-01-01 18:27:37.241 [info] Getting sessions for all scopes...
2026-01-01 18:27:37.246 [info] Got 5 sessions for ...
2026-01-01 18:27:37.264 [info] Getting sessions for read:user,repo,user:email,workflow...
2026-01-01 18:27:37.265 [info] Got 1 sessions for read:user,repo,user:email,workflow...
2026-01-01 18:27:37.814 [info] Getting sessions for all scopes...
2026-01-01 18:27:37.814 [info] Got 5 sessions for ...
2026-01-01 18:27:37.814 [info] Getting sessions for all scopes...
2026-01-01 18:27:37.814 [info] Got 5 sessions for ...
2026-01-01 18:27:37.898 [info] Getting sessions for read:user,repo,user:email,workflow...
2026-01-01 18:27:37.898 [info] Got 1 sessions for read:user,repo,user:email,workflow...
2026-01-01 18:27:39.023 [info] Getting sessions for all scopes...
2026-01-01 18:27:39.023 [info] Got 5 sessions for ...
2026-01-01 18:27:39.024 [info] Getting sessions for all scopes...
2026-01-01 18:27:39.024 [info] Got 5 sessions for ...
2026-01-01 18:27:39.094 [info] Getting sessions for read:user,repo,user:email,workflow...
2026-01-01 18:27:39.094 [info] Got 1 sessions for read:user,repo,user:email,workflow...
2026-01-01 18:27:39.569 [info] Getting sessions for all scopes...
2026-01-01 18:27:39.569 [info] Got 5 sessions for ...
2026-01-01 18:27:39.569 [info] Getting sessions for all scopes...
2026-01-01 18:27:39.569 [info] Got 5 sessions for ...
2026-01-01 18:27:39.585 [info] Getting sessions for read:user,repo,user:email,workflow...
2026-01-01 18:27:39.585 [info] Got 1 sessions for read:user,repo,user:email,workflow...
2026-01-01 18:27:40.286 [info] Getting sessions for all scopes...
2026-01-01 18:27:40.286 [info] Got 5 sessions for ...
2026-01-01 18:27:40.305 [info] Getting sessions for read:user,repo,user:email,workflow...
2026-01-01 18:27:40.305 [info] Got 1 sessions for read:user,repo,user:email,workflow...
2026-01-01 18:27:41.246 [info] Getting sessions for all scopes...
2026-01-01 18:27:41.246 [info] Got 5 sessions for ...
2026-01-01 18:27:41.248 [info] Getting sessions for read:user,repo,user:email,workflow...
2026-01-01 18:27:41.248 [info] Got 1 sessions for read:user,repo,user:email,workflow...
2026-01-01 20:29:58.615 [info] Getting sessions for all scopes...
2026-01-01 20:29:58.616 [info] Got 5 sessions for ...
2026-01-01 20:29:58.921 [info] Getting sessions for read:user,repo,user:email,workflow...
2026-01-01 20:29:58.922 [info] Got 1 sessions for read:user,repo,user:email,workflow...
2026-01-01 20:30:00.019 [info] Getting sessions for all scopes...
2026-01-01 20:30:00.019 [info] Got 5 sessions for ...
2026-01-01 20:30:00.020 [info] Getting sessions for all scopes...
2026-01-01 20:30:00.021 [info] Got 5 sessions for ...
2026-01-01 20:30:00.762 [info] Getting sessions for read:user,repo,user:email,workflow...
2026-01-01 20:30:00.762 [info] Got 1 sessions for read:user,repo,user:email,workflow...
2026-01-01 20:30:04.180 [info] Getting sessions for all scopes...
2026-01-01 20:30:04.181 [info] Got 5 sessions for ...
2026-01-01 20:30:04.182 [info] Getting sessions for all scopes...
2026-01-01 20:30:04.182 [info] Got 5 sessions for ...
2026-01-01 20:30:04.443 [info] Getting sessions for read:user,repo,user:email,workflow...
2026-01-01 20:30:04.443 [info] Got 1 sessions for read:user,repo,user:email,workflow...
2026-01-01 20:30:06.837 [info] Getting sessions for all scopes...
2026-01-01 20:30:06.838 [info] Got 5 sessions for ...
2026-01-01 20:30:06.842 [info] Getting sessions for all scopes...
2026-01-01 20:30:06.842 [info] Got 5 sessions for ...
2026-01-01 20:30:08.510 [info] Getting sessions for read:user,repo,user:email,workflow...
2026-01-01 20:30:08.510 [info] Got 1 sessions for read:user,repo,user:email,workflow...
2026-01-01 21:21:19.390 [info] Getting sessions for all scopes...
2026-01-01 21:21:19.407 [info] Got 5 sessions for ...
2026-01-01 21:21:20.296 [info] Getting sessions for read:user,repo,user:email,workflow...
2026-01-01 21:21:20.296 [info] Got 1 sessions for read:user,repo,user:email,workflow...
2026-01-01 21:21:31.910 [info] Getting sessions for read:user,repo,user:email...
2026-01-01 21:21:31.911 [info] Got 1 sessions for read:user,repo,user:email...
2026-01-01 21:22:43.086 [info] Getting sessions for all scopes...
2026-01-01 21:22:43.087 [info] Got 5 sessions for ...
2026-01-01 21:22:43.088 [info] Getting sessions for all scopes...
2026-01-01 21:22:43.088 [info] Got 5 sessions for ...
2026-01-01 21:22:43.105 [info] Getting sessions for all scopes...
2026-01-01 21:22:43.105 [info] Got 5 sessions for ...
2026-01-01 21:22:43.120 [info] Getting sessions for read:user,repo,user:email,workflow...
2026-01-01 21:22:43.120 [info] Got 1 sessions for read:user,repo,user:email,workflow...
2026-01-01 21:22:44.830 [info] Getting sessions for all scopes...
2026-01-01 21:22:44.830 [info] Got 5 sessions for ...
2026-01-01 21:22:44.831 [info] Getting sessions for all scopes...
2026-01-01 21:22:44.831 [info] Got 5 sessions for ...
2026-01-01 21:22:45.605 [info] Getting sessions for read:user,repo,user:email,workflow...
2026-01-01 21:22:45.605 [info] Got 1 sessions for read:user,repo,user:email,workflow...
2026-01-01 21:22:45.610 [info] Getting sessions for all scopes...
2026-01-01 21:22:45.610 [info] Got 5 sessions for ...
2026-01-01 21:22:45.662 [info] Getting sessions for all scopes...
2026-01-01 21:22:45.662 [info] Got 5 sessions for ...
2026-01-01 21:22:45.663 [info] Getting sessions for read:user,repo,user:email,workflow...
2026-01-01 21:22:45.663 [info] Got 1 sessions for read:user,repo,user:email,workflow...
2026-01-01 21:22:48.126 [info] Getting sessions for all scopes...
2026-01-01 21:22:48.126 [info] Got 5 sessions for ...
2026-01-01 21:22:48.473 [info] Getting sessions for read:user,repo,user:email,workflow...
2026-01-01 21:22:48.473 [info] Got 1 sessions for read:user,repo,user:email,workflow...
2026-01-01 21:28:27.461 [info] Getting sessions for all scopes...
2026-01-01 21:28:27.462 [info] Got 5 sessions for ...
2026-01-01 21:28:27.469 [info] Getting sessions for read:user,repo,user:email,workflow...
2026-01-01 21:28:27.469 [info] Got 1 sessions for read:user,repo,user:email,workflow...
2026-01-01 22:18:50.516 [info] Getting sessions for all scopes...
2026-01-01 22:18:50.547 [info] Got 5 sessions for ...
2026-01-01 22:18:50.691 [info] Getting sessions for read:user,repo,user:email,workflow...
2026-01-01 22:18:50.691 [info] Got 1 sessions for read:user,repo,user:email,workflow...
2026-01-01 22:18:51.493 [info] Getting sessions for all scopes...
2026-01-01 22:18:51.493 [info] Got 5 sessions for ...
2026-01-01 22:18:51.493 [info] Getting sessions for all scopes...
2026-01-01 22:18:51.493 [info] Got 5 sessions for ...
2026-01-01 22:18:51.743 [info] Getting sessions for read:user,repo,user:email,workflow...
2026-01-01 22:18:51.743 [info] Got 1 sessions for read:user,repo,user:email,workflow...
2026-01-01 22:18:51.966 [info] Getting sessions for all scopes...
2026-01-01 22:18:51.966 [info] Got 5 sessions for ...
2026-01-01 22:18:51.972 [info] Getting sessions for read:user,repo,user:email,workflow...
2026-01-01 22:18:51.972 [info] Got 1 sessions for read:user,repo,user:email,workflow...
2026-01-01 22:18:52.727 [info] Getting sessions for all scopes...
2026-01-01 22:18:52.727 [info] Got 5 sessions for ...
2026-01-01 22:18:52.733 [info] Getting sessions for read:user,repo,user:email,workflow...
2026-01-01 22:18:52.733 [info] Got 1 sessions for read:user,repo,user:email,workflow...
2026-01-01 23:13:53.513 [info] Getting sessions for all scopes...
2026-01-01 23:13:53.516 [info] Got 5 sessions for ...
2026-01-01 23:13:53.529 [info] Getting sessions for read:user,repo,user:email,workflow...
2026-01-01 23:13:53.529 [info] Got 1 sessions for read:user,repo,user:email,workflow...
2026-01-01 23:13:55.185 [info] Getting sessions for all scopes...
2026-01-01 23:13:55.185 [info] Got 5 sessions for ...
2026-01-01 23:13:55.186 [info] Getting sessions for all scopes...
2026-01-01 23:13:55.186 [info] Got 5 sessions for ...
2026-01-01 23:13:55.200 [info] Getting sessions for read:user,repo,user:email,workflow...
2026-01-01 23:13:55.200 [info] Got 1 sessions for read:user,repo,user:email,workflow...
2026-01-01 23:13:55.250 [info] Getting sessions for all scopes...
2026-01-01 23:13:55.250 [info] Got 5 sessions for ...
2026-01-01 23:13:55.252 [info] Getting sessions for read:user,repo,user:email,workflow...
2026-01-01 23:13:55.252 [info] Got 1 sessions for read:user,repo,user:email,workflow...
2026-01-01 23:13:56.012 [info] Getting sessions for all scopes...
2026-01-01 23:13:56.012 [info] Got 5 sessions for ...
2026-01-01 23:13:56.014 [info] Getting sessions for read:user,repo,user:email,workflow...
2026-01-01 23:13:56.014 [info] Got 1 sessions for read:user,repo,user:email,workflow...
2026-01-01 23:29:16.936 [info] Getting sessions for all scopes...
2026-01-01 23:29:16.938 [info] Got 5 sessions for ...
2026-01-01 23:29:16.939 [info] Getting sessions for all scopes...
2026-01-01 23:29:16.939 [info] Got 5 sessions for ...
2026-01-01 23:29:16.941 [info] Getting sessions for read:user,repo,user:email,workflow...
2026-01-01 23:29:16.941 [info] Got 1 sessions for read:user,repo,user:email,workflow...
2026-01-02 00:30:55.145 [info] Getting sessions for all scopes...
2026-01-02 00:30:55.146 [info] Got 5 sessions for ...
2026-01-02 00:30:56.086 [info] Getting sessions for read:user,repo,user:email,workflow...
2026-01-02 00:30:56.087 [info] Got 1 sessions for read:user,repo,user:email,workflow...
2026-01-02 00:30:56.971 [info] Getting sessions for all scopes...
2026-01-02 00:30:56.971 [info] Got 5 sessions for ...
2026-01-02 00:30:56.972 [info] Getting sessions for all scopes...
2026-01-02 00:30:56.972 [info] Got 5 sessions for ...
2026-01-02 00:30:57.067 [info] Getting sessions for read:user,repo,user:email,workflow...
2026-01-02 00:30:57.067 [info] Got 1 sessions for read:user,repo,user:email,workflow...
2026-01-02 00:30:59.138 [info] Getting sessions for all scopes...
2026-01-02 00:30:59.138 [info] Got 5 sessions for ...
2026-01-02 00:30:59.138 [info] Getting sessions for all scopes...
2026-01-02 00:30:59.138 [info] Got 5 sessions for ...
2026-01-02 00:30:59.866 [info] Getting sessions for read:user,repo,user:email,workflow...
2026-01-02 00:30:59.866 [info] Got 1 sessions for read:user,repo,user:email,workflow...
2026-01-02 00:31:04.634 [info] Getting sessions for all scopes...
2026-01-02 00:31:04.639 [info] Got 5 sessions for ...
2026-01-02 00:31:04.644 [info] Getting sessions for all scopes...
2026-01-02 00:31:04.645 [info] Got 5 sessions for ...
2026-01-02 00:31:16.207 [info] Getting sessions for read:user,repo,user:email,workflow...
2026-01-02 00:31:16.207 [info] Got 1 sessions for read:user,repo,user:email,workflow...
2026-01-02 00:31:16.251 [info] Getting sessions for all scopes...
2026-01-02 00:31:16.251 [info] Got 5 sessions for ...
2026-01-02 00:31:17.036 [info] Getting sessions for read:user,repo,user:email,workflow...
2026-01-02 00:31:17.037 [info] Got 1 sessions for read:user,repo,user:email,workflow...
2026-01-02 01:31:46.673 [info] Getting sessions for all scopes...
2026-01-02 01:31:46.674 [info] Got 5 sessions for ...
2026-01-02 01:31:49.704 [info] Getting sessions for read:user,repo,user:email,workflow...
2026-01-02 01:31:49.704 [info] Got 1 sessions for read:user,repo,user:email,workflow...
2026-01-02 01:31:50.446 [info] Getting sessions for all scopes...
2026-01-02 01:31:50.446 [info] Got 5 sessions for ...
2026-01-02 01:31:50.447 [info] Getting sessions for all scopes...
2026-01-02 01:31:50.447 [info] Got 5 sessions for ...
2026-01-02 01:31:50.834 [info] Getting sessions for read:user,repo,user:email,workflow...
2026-01-02 01:31:50.835 [info] Got 1 sessions for read:user,repo,user:email,workflow...
2026-01-02 01:31:55.940 [info] Getting sessions for all scopes...
2026-01-02 01:31:55.942 [info] Got 5 sessions for ...
2026-01-02 01:31:55.943 [info] Getting sessions for all scopes...
2026-01-02 01:31:55.943 [info] Got 5 sessions for ...
2026-01-02 01:31:55.965 [info] Getting sessions for read:user,repo,user:email,workflow...
2026-01-02 01:31:55.965 [info] Got 1 sessions for read:user,repo,user:email,workflow...
2026-01-02 01:31:56.199 [info] Getting sessions for all scopes...
2026-01-02 01:31:56.199 [info] Got 5 sessions for ...
2026-01-02 01:31:56.529 [info] Getting sessions for read:user,repo,user:email,workflow...
2026-01-02 01:31:56.529 [info] Got 1 sessions for read:user,repo,user:email,workflow...
2026-01-02 01:32:10.407 [info] Getting sessions for all scopes...
2026-01-02 01:32:10.430 [info] Got 5 sessions for ...
2026-01-02 01:32:20.024 [info] Getting sessions for read:user,repo,user:email,workflow...
2026-01-02 01:32:20.025 [info] Got 1 sessions for read:user,repo,user:email,workflow...
2026-01-02 03:34:23.747 [info] Getting sessions for all scopes...
2026-01-02 03:34:23.777 [info] Got 5 sessions for ...
2026-01-02 03:34:24.226 [info] Getting sessions for read:user,repo,user:email,workflow...
2026-01-02 03:34:24.226 [info] Got 1 sessions for read:user,repo,user:email,workflow...
2026-01-02 03:34:24.864 [info] Getting sessions for all scopes...
2026-01-02 03:34:24.864 [info] Got 5 sessions for ...
2026-01-02 03:34:24.865 [info] Getting sessions for all scopes...
2026-01-02 03:34:24.865 [info] Got 5 sessions for ...
2026-01-02 03:34:24.891 [info] Getting sessions for read:user,repo,user:email,workflow...
2026-01-02 03:34:24.891 [info] Got 1 sessions for read:user,repo,user:email,workflow...
2026-01-02 03:34:26.016 [info] Getting sessions for all scopes...
2026-01-02 03:34:26.016 [info] Got 5 sessions for ...
2026-01-02 03:34:31.017 [info] Getting sessions for read:user,repo,user:email,workflow...
2026-01-02 03:34:31.019 [info] Got 1 sessions for read:user,repo,user:email,workflow...
2026-01-02 03:34:32.751 [info] Getting sessions for all scopes...
2026-01-02 03:34:32.751 [info] Got 5 sessions for ...
2026-01-02 03:34:33.690 [info] Getting sessions for read:user,repo,user:email,workflow...
2026-01-02 03:34:33.690 [info] Got 1 sessions for read:user,repo,user:email,workflow...
2026-01-02 04:35:15.848 [info] Getting sessions for all scopes...
2026-01-02 04:35:15.850 [info] Got 5 sessions for ...
2026-01-02 04:35:16.751 [info] Getting sessions for read:user,repo,user:email,workflow...
2026-01-02 04:35:16.751 [info] Got 1 sessions for read:user,repo,user:email,workflow...
2026-01-02 04:35:17.433 [info] Getting sessions for all scopes...
2026-01-02 04:35:17.433 [info] Got 5 sessions for ...
2026-01-02 04:35:17.435 [info] Getting sessions for all scopes...
2026-01-02 04:35:17.435 [info] Got 5 sessions for ...
2026-01-02 04:35:17.458 [info] Getting sessions for read:user,repo,user:email,workflow...
2026-01-02 04:35:17.458 [info] Got 1 sessions for read:user,repo,user:email,workflow...
2026-01-02 04:35:18.985 [info] Getting sessions for all scopes...
2026-01-02 04:35:18.985 [info] Got 5 sessions for ...
2026-01-02 04:35:18.986 [info] Getting sessions for all scopes...
2026-01-02 04:35:18.987 [info] Got 5 sessions for ...
2026-01-02 04:35:19.030 [info] Getting sessions for read:user,repo,user:email,workflow...
2026-01-02 04:35:19.030 [info] Got 1 sessions for read:user,repo,user:email,workflow...
2026-01-02 04:35:19.055 [info] Getting sessions for all scopes...
2026-01-02 04:35:19.055 [info] Got 5 sessions for ...
2026-01-02 04:35:19.163 [info] Getting sessions for read:user,repo,user:email,workflow...
2026-01-02 04:35:19.163 [info] Got 1 sessions for read:user,repo,user:email,workflow...
2026-01-02 04:35:20.867 [info] Getting sessions for all scopes...
2026-01-02 04:35:20.867 [info] Got 5 sessions for ...
2026-01-02 04:35:20.958 [info] Getting sessions for read:user,repo,user:email,workflow...
2026-01-02 04:35:20.959 [info] Got 1 sessions for read:user,repo,user:email,workflow...
2026-01-02 04:35:21.472 [info] Getting sessions for all scopes...
2026-01-02 04:35:21.472 [info] Got 5 sessions for ...
2026-01-02 04:35:21.474 [info] Getting sessions for read:user,repo,user:email,workflow...
2026-01-02 04:35:21.474 [info] Got 1 sessions for read:user,repo,user:email,workflow...
2026-01-02 05:36:28.543 [info] Getting sessions for all scopes...
2026-01-02 05:36:28.543 [info] Got 5 sessions for ...
2026-01-02 05:36:28.754 [info] Getting sessions for read:user,repo,user:email,workflow...
2026-01-02 05:36:28.754 [info] Got 1 sessions for read:user,repo,user:email,workflow...
2026-01-02 05:36:30.902 [info] Getting sessions for all scopes...
2026-01-02 05:36:30.902 [info] Got 5 sessions for ...
2026-01-02 05:36:30.903 [info] Getting sessions for all scopes...
2026-01-02 05:36:30.903 [info] Got 5 sessions for ...
2026-01-02 05:36:31.334 [info] Getting sessions for read:user,repo,user:email,workflow...
2026-01-02 05:36:31.334 [info] Got 1 sessions for read:user,repo,user:email,workflow...
2026-01-02 05:36:32.593 [info] Getting sessions for all scopes...
2026-01-02 05:36:32.593 [info] Got 5 sessions for ...
2026-01-02 05:36:32.593 [info] Getting sessions for all scopes...
2026-01-02 05:36:32.595 [info] Got 5 sessions for ...
2026-01-02 05:36:32.759 [info] Getting sessions for read:user,repo,user:email,workflow...
2026-01-02 05:36:32.759 [info] Got 1 sessions for read:user,repo,user:email,workflow...
2026-01-02 05:36:36.789 [info] Getting sessions for all scopes...
2026-01-02 05:36:36.791 [info] Got 5 sessions for ...
2026-01-02 05:36:36.792 [info] Getting sessions for all scopes...
2026-01-02 05:36:36.792 [info] Got 5 sessions for ...
2026-01-02 05:36:36.849 [info] Getting sessions for read:user,repo,user:email,workflow...
2026-01-02 05:36:36.849 [info] Got 1 sessions for read:user,repo,user:email,workflow...
2026-01-02 05:36:39.067 [info] Getting sessions for all scopes...
2026-01-02 05:36:39.067 [info] Got 5 sessions for ...
2026-01-02 05:36:40.227 [info] Getting sessions for read:user,repo,user:email,workflow...
2026-01-02 05:36:40.227 [info] Got 1 sessions for read:user,repo,user:email,workflow...
2026-01-02 06:31:42.129 [info] Getting sessions for all scopes...
2026-01-02 06:31:42.132 [info] Got 5 sessions for ...
2026-01-02 06:31:42.472 [info] Getting sessions for read:user,repo,user:email,workflow...
2026-01-02 06:31:42.472 [info] Got 1 sessions for read:user,repo,user:email,workflow...
2026-01-02 06:31:43.965 [info] Getting sessions for all scopes...
2026-01-02 06:31:43.965 [info] Got 5 sessions for ...
2026-01-02 06:31:43.966 [info] Getting sessions for all scopes...
2026-01-02 06:31:43.966 [info] Got 5 sessions for ...
2026-01-02 06:31:44.035 [info] Getting sessions for read:user,repo,user:email,workflow...
2026-01-02 06:31:44.036 [info] Got 1 sessions for read:user,repo,user:email,workflow...
2026-01-02 06:31:50.536 [info] Getting sessions for all scopes...
2026-01-02 06:31:50.541 [info] Got 5 sessions for ...
2026-01-02 06:31:50.551 [info] Getting sessions for all scopes...
2026-01-02 06:31:50.551 [info] Got 5 sessions for ...
2026-01-02 06:31:50.940 [info] Getting sessions for read:user,repo,user:email,workflow...
2026-01-02 06:31:50.940 [info] Got 1 sessions for read:user,repo,user:email,workflow...
2026-01-02 06:31:50.951 [info] Getting sessions for all scopes...
2026-01-02 06:31:50.951 [info] Got 5 sessions for ...
2026-01-02 06:31:50.981 [info] Getting sessions for read:user,repo,user:email,workflow...
2026-01-02 06:31:50.982 [info] Got 1 sessions for read:user,repo,user:email,workflow...
2026-01-02 07:26:51.164 [info] Getting sessions for all scopes...
2026-01-02 07:26:51.170 [info] Got 5 sessions for ...
2026-01-02 07:26:51.198 [info] Getting sessions for read:user,repo,user:email,workflow...
2026-01-02 07:26:51.200 [info] Got 1 sessions for read:user,repo,user:email,workflow...
2026-01-02 07:26:51.959 [info] Getting sessions for all scopes...
2026-01-02 07:26:51.959 [info] Got 5 sessions for ...
2026-01-02 07:26:51.960 [info] Getting sessions for all scopes...
2026-01-02 07:26:51.960 [info] Got 5 sessions for ...
2026-01-02 07:26:52.008 [info] Getting sessions for read:user,repo,user:email,workflow...
2026-01-02 07:26:52.008 [info] Got 1 sessions for read:user,repo,user:email,workflow...
2026-01-02 07:26:52.898 [info] Getting sessions for all scopes...
2026-01-02 07:26:52.898 [info] Got 5 sessions for ...
2026-01-02 07:26:52.898 [info] Getting sessions for all scopes...
2026-01-02 07:26:52.898 [info] Got 5 sessions for ...
2026-01-02 07:26:52.903 [info] Getting sessions for read:user,repo,user:email,workflow...
2026-01-02 07:26:52.904 [info] Got 1 sessions for read:user,repo,user:email,workflow...
2026-01-02 07:26:53.424 [info] Getting sessions for all scopes...
2026-01-02 07:26:53.424 [info] Got 5 sessions for ...
2026-01-02 07:26:53.424 [info] Getting sessions for all scopes...
2026-01-02 07:26:53.424 [info] Got 5 sessions for ...
2026-01-02 07:26:53.429 [info] Getting sessions for read:user,repo,user:email,workflow...
2026-01-02 07:26:53.429 [info] Got 1 sessions for read:user,repo,user:email,workflow...
2026-01-02 07:26:53.592 [info] Getting sessions for all scopes...
2026-01-02 07:26:53.592 [info] Got 5 sessions for ...
2026-01-02 07:26:53.608 [info] Getting sessions for read:user,repo,user:email,workflow...
2026-01-02 07:26:53.608 [info] Got 1 sessions for read:user,repo,user:email,workflow...
2026-01-02 08:21:53.182 [info] Getting sessions for all scopes...
2026-01-02 08:21:53.189 [info] Got 5 sessions for ...
2026-01-02 08:21:53.212 [info] Getting sessions for read:user,repo,user:email,workflow...
2026-01-02 08:21:53.212 [info] Got 1 sessions for read:user,repo,user:email,workflow...
2026-01-02 08:21:53.877 [info] Getting sessions for all scopes...
2026-01-02 08:21:53.877 [info] Got 5 sessions for ...
2026-01-02 08:21:53.878 [info] Getting sessions for all scopes...
2026-01-02 08:21:53.878 [info] Got 5 sessions for ...
2026-01-02 08:21:53.922 [info] Getting sessions for read:user,repo,user:email,workflow...
2026-01-02 08:21:53.923 [info] Got 1 sessions for read:user,repo,user:email,workflow...
2026-01-02 08:21:54.031 [info] Getting sessions for all scopes...
2026-01-02 08:21:54.031 [info] Got 5 sessions for ...
2026-01-02 08:21:54.037 [info] Getting sessions for read:user,repo,user:email,workflow...
2026-01-02 08:21:54.037 [info] Got 1 sessions for read:user,repo,user:email,workflow...
2026-01-02 08:21:54.719 [info] Getting sessions for all scopes...
2026-01-02 08:21:54.719 [info] Got 5 sessions for ...
2026-01-02 08:21:54.722 [info] Getting sessions for read:user,repo,user:email,workflow...
2026-01-02 08:21:54.722 [info] Got 1 sessions for read:user,repo,user:email,workflow...
2026-01-02 08:32:10.887 [info] Getting sessions for read:user,repo,user:email...
2026-01-02 08:32:10.889 [info] Got 1 sessions for read:user,repo,user:email...
2026-01-02 09:16:55.542 [info] Getting sessions for all scopes...
2026-01-02 09:16:55.545 [info] Got 5 sessions for ...
2026-01-02 09:16:56.241 [info] Getting sessions for read:user,repo,user:email,workflow...
2026-01-02 09:16:56.241 [info] Got 1 sessions for read:user,repo,user:email,workflow...
2026-01-02 09:16:58.140 [info] Getting sessions for all scopes...
2026-01-02 09:16:58.140 [info] Got 5 sessions for ...
2026-01-02 09:16:58.144 [info] Getting sessions for all scopes...
2026-01-02 09:16:58.144 [info] Got 5 sessions for ...
2026-01-02 09:16:58.273 [info] Getting sessions for read:user,repo,user:email,workflow...
2026-01-02 09:16:58.273 [info] Got 1 sessions for read:user,repo,user:email,workflow...
2026-01-02 09:16:59.777 [info] Getting sessions for all scopes...
2026-01-02 09:16:59.777 [info] Got 5 sessions for ...
2026-01-02 09:16:59.778 [info] Getting sessions for all scopes...
2026-01-02 09:16:59.778 [info] Got 5 sessions for ...
2026-01-02 09:17:00.616 [info] Getting sessions for read:user,repo,user:email,workflow...
2026-01-02 09:17:00.616 [info] Got 1 sessions for read:user,repo,user:email,workflow...
2026-01-02 09:17:01.058 [info] Getting sessions for all scopes...
2026-01-02 09:17:01.058 [info] Got 5 sessions for ...
2026-01-02 09:17:01.058 [info] Getting sessions for all scopes...
2026-01-02 09:17:01.058 [info] Got 5 sessions for ...
2026-01-02 09:17:01.090 [info] Getting sessions for read:user,repo,user:email,workflow...
2026-01-02 09:17:01.090 [info] Got 1 sessions for read:user,repo,user:email,workflow...
2026-01-02 09:17:01.715 [info] Getting sessions for all scopes...
2026-01-02 09:17:01.715 [info] Got 5 sessions for ...
2026-01-02 09:17:01.817 [info] Getting sessions for read:user,repo,user:email,workflow...
2026-01-02 09:17:01.817 [info] Got 1 sessions for read:user,repo,user:email,workflow...
2026-01-02 09:17:02.924 [info] Getting sessions for all scopes...
2026-01-02 09:17:02.924 [info] Got 5 sessions for ...
2026-01-02 09:17:03.467 [info] Getting sessions for read:user,repo,user:email,workflow...
2026-01-02 09:17:03.467 [info] Got 1 sessions for read:user,repo,user:email,workflow...
2026-01-02 10:11:59.137 [info] Getting sessions for all scopes...
2026-01-02 10:11:59.144 [info] Got 5 sessions for ...
2026-01-02 10:11:59.195 [info] Getting sessions for read:user,repo,user:email,workflow...
2026-01-02 10:11:59.196 [info] Got 1 sessions for read:user,repo,user:email,workflow...
2026-01-02 10:12:00.077 [info] Getting sessions for all scopes...
2026-01-02 10:12:00.077 [info] Got 5 sessions for ...
2026-01-02 10:12:00.078 [info] Getting sessions for all scopes...
2026-01-02 10:12:00.078 [info] Got 5 sessions for ...
2026-01-02 10:12:00.132 [info] Getting sessions for read:user,repo,user:email,workflow...
2026-01-02 10:12:00.132 [info] Got 1 sessions for read:user,repo,user:email,workflow...
2026-01-02 10:12:01.590 [info] Getting sessions for all scopes...
2026-01-02 10:12:01.590 [info] Got 5 sessions for ...
2026-01-02 10:12:01.590 [info] Getting sessions for all scopes...
2026-01-02 10:12:01.590 [info] Got 5 sessions for ...
2026-01-02 10:12:01.998 [info] Getting sessions for read:user,repo,user:email,workflow...
2026-01-02 10:12:01.998 [info] Got 1 sessions for read:user,repo,user:email,workflow...
2026-01-02 10:12:02.559 [info] Getting sessions for all scopes...
2026-01-02 10:12:02.560 [info] Got 5 sessions for ...
2026-01-02 10:12:02.570 [info] Getting sessions for read:user,repo,user:email,workflow...
2026-01-02 10:12:02.570 [info] Got 1 sessions for read:user,repo,user:email,workflow...
2026-01-02 11:07:01.035 [info] Getting sessions for all scopes...
2026-01-02 11:07:01.040 [info] Got 5 sessions for ...
2026-01-02 11:07:01.068 [info] Getting sessions for read:user,repo,user:email,workflow...
2026-01-02 11:07:01.071 [info] Got 1 sessions for read:user,repo,user:email,workflow...
2026-01-02 11:07:01.780 [info] Getting sessions for all scopes...
2026-01-02 11:07:01.780 [info] Got 5 sessions for ...
2026-01-02 11:07:01.780 [info] Getting sessions for all scopes...
2026-01-02 11:07:01.780 [info] Got 5 sessions for ...
2026-01-02 11:07:01.814 [info] Getting sessions for read:user,repo,user:email,workflow...
2026-01-02 11:07:01.814 [info] Got 1 sessions for read:user,repo,user:email,workflow...
2026-01-02 11:07:02.551 [info] Getting sessions for all scopes...
2026-01-02 11:07:02.551 [info] Got 5 sessions for ...
2026-01-02 11:07:02.551 [info] Getting sessions for all scopes...
2026-01-02 11:07:02.551 [info] Got 5 sessions for ...
2026-01-02 11:07:02.564 [info] Getting sessions for read:user,repo,user:email,workflow...
2026-01-02 11:07:02.564 [info] Got 1 sessions for read:user,repo,user:email,workflow...
2026-01-02 11:07:03.178 [info] Getting sessions for all scopes...
2026-01-02 11:07:03.178 [info] Got 5 sessions for ...
2026-01-02 11:07:03.178 [info] Getting sessions for all scopes...
2026-01-02 11:07:03.178 [info] Got 5 sessions for ...
2026-01-02 11:07:03.197 [info] Getting sessions for read:user,repo,user:email,workflow...
2026-01-02 11:07:03.197 [info] Got 1 sessions for read:user,repo,user:email,workflow...
2026-01-02 11:07:03.269 [info] Getting sessions for all scopes...
2026-01-02 11:07:03.269 [info] Got 5 sessions for ...
2026-01-02 11:07:03.275 [info] Getting sessions for read:user,repo,user:email,workflow...
2026-01-02 11:07:03.275 [info] Got 1 sessions for read:user,repo,user:email,workflow...
2026-01-02 12:02:02.174 [info] Getting sessions for all scopes...
2026-01-02 12:02:02.182 [info] Got 5 sessions for ...
2026-01-02 12:02:02.224 [info] Getting sessions for read:user,repo,user:email,workflow...
2026-01-02 12:02:02.226 [info] Got 1 sessions for read:user,repo,user:email,workflow...
2026-01-02 12:02:02.960 [info] Getting sessions for all scopes...
2026-01-02 12:02:02.960 [info] Got 5 sessions for ...
2026-01-02 12:02:02.960 [info] Getting sessions for all scopes...
2026-01-02 12:02:02.961 [info] Got 5 sessions for ...
2026-01-02 12:02:03.010 [info] Getting sessions for read:user,repo,user:email,workflow...
2026-01-02 12:02:03.010 [info] Got 1 sessions for read:user,repo,user:email,workflow...
2026-01-02 12:02:03.136 [info] Getting sessions for all scopes...
2026-01-02 12:02:03.136 [info] Got 5 sessions for ...
2026-01-02 12:02:03.144 [info] Getting sessions for read:user,repo,user:email,workflow...
2026-01-02 12:02:03.144 [info] Got 1 sessions for read:user,repo,user:email,workflow...
2026-01-02 12:02:03.808 [info] Getting sessions for all scopes...
2026-01-02 12:02:03.808 [info] Got 5 sessions for ...
2026-01-02 12:02:03.810 [info] Getting sessions for read:user,repo,user:email,workflow...
2026-01-02 12:02:03.810 [info] Got 1 sessions for read:user,repo,user:email,workflow...
2026-01-02 12:57:03.078 [info] Getting sessions for all scopes...
2026-01-02 12:57:03.080 [info] Got 5 sessions for ...
2026-01-02 12:57:03.086 [info] Getting sessions for read:user,repo,user:email,workflow...
2026-01-02 12:57:03.086 [info] Got 1 sessions for read:user,repo,user:email,workflow...
2026-01-02 12:57:03.660 [info] Getting sessions for all scopes...
2026-01-02 12:57:03.661 [info] Got 5 sessions for ...
2026-01-02 12:57:03.663 [info] Getting sessions for all scopes...
2026-01-02 12:57:03.663 [info] Got 5 sessions for ...
2026-01-02 12:57:03.682 [info] Getting sessions for read:user,repo,user:email,workflow...
2026-01-02 12:57:03.682 [info] Got 1 sessions for read:user,repo,user:email,workflow...
2026-01-02 12:57:03.724 [info] Getting sessions for all scopes...
2026-01-02 12:57:03.724 [info] Got 5 sessions for ...
2026-01-02 12:57:03.726 [info] Getting sessions for read:user,repo,user:email,workflow...
2026-01-02 12:57:03.726 [info] Got 1 sessions for read:user,repo,user:email,workflow...
2026-01-02 12:57:04.429 [info] Getting sessions for all scopes...
2026-01-02 12:57:04.429 [info] Got 5 sessions for ...
2026-01-02 12:57:04.433 [info] Getting sessions for read:user,repo,user:email,workflow...
2026-01-02 12:57:04.433 [info] Got 1 sessions for read:user,repo,user:email,workflow...
2026-01-02 13:52:03.982 [info] Getting sessions for all scopes...
2026-01-02 13:52:03.984 [info] Got 5 sessions for ...
2026-01-02 13:52:03.996 [info] Getting sessions for read:user,repo,user:email,workflow...
2026-01-02 13:52:03.998 [info] Got 1 sessions for read:user,repo,user:email,workflow...
2026-01-02 13:52:04.742 [info] Getting sessions for all scopes...
2026-01-02 13:52:04.742 [info] Got 5 sessions for ...
2026-01-02 13:52:04.743 [info] Getting sessions for all scopes...
2026-01-02 13:52:04.743 [info] Got 5 sessions for ...
2026-01-02 13:52:04.990 [info] Getting sessions for read:user,repo,user:email,workflow...
2026-01-02 13:52:04.990 [info] Got 1 sessions for read:user,repo,user:email,workflow...
2026-01-02 13:52:05.087 [info] Getting sessions for all scopes...
2026-01-02 13:52:05.087 [info] Got 5 sessions for ...
2026-01-02 13:52:05.093 [info] Getting sessions for read:user,repo,user:email,workflow...
2026-01-02 13:52:05.093 [info] Got 1 sessions for read:user,repo,user:email,workflow...
2026-01-02 13:52:06.669 [info] Getting sessions for all scopes...
2026-01-02 13:52:06.669 [info] Got 5 sessions for ...
2026-01-02 13:52:06.673 [info] Getting sessions for read:user,repo,user:email,workflow...
2026-01-02 13:52:06.673 [info] Got 1 sessions for read:user,repo,user:email,workflow...
2026-01-02 13:52:07.653 [info] Getting sessions for all scopes...
2026-01-02 13:52:07.653 [info] Got 5 sessions for ...
2026-01-02 13:52:07.661 [info] Getting sessions for read:user,repo,user:email,workflow...
2026-01-02 13:52:07.661 [info] Got 1 sessions for read:user,repo,user:email,workflow...
2026-01-02 14:15:26.845 [info] Getting sessions for all scopes...
2026-01-02 14:15:26.849 [info] Got 5 sessions for ...
2026-01-02 14:15:26.967 [info] Getting sessions for read:user,repo,user:email,workflow...
2026-01-02 14:15:26.967 [info] Got 1 sessions for read:user,repo,user:email,workflow...
2026-01-02 14:15:27.670 [info] Getting sessions for all scopes...
2026-01-02 14:15:27.670 [info] Got 5 sessions for ...
2026-01-02 14:15:27.677 [info] Getting sessions for all scopes...
2026-01-02 14:15:27.677 [info] Got 5 sessions for ...
2026-01-02 14:15:27.758 [info] Getting sessions for read:user,repo,user:email,workflow...
2026-01-02 14:15:27.758 [info] Got 1 sessions for read:user,repo,user:email,workflow...
2026-01-02 14:15:27.971 [info] Getting sessions for all scopes...
2026-01-02 14:15:27.971 [info] Got 5 sessions for ...
2026-01-02 14:15:28.022 [info] Getting sessions for read:user,repo,user:email,workflow...
2026-01-02 14:15:28.022 [info] Got 1 sessions for read:user,repo,user:email,workflow...
2026-01-02 14:15:28.980 [info] Getting sessions for all scopes...
2026-01-02 14:15:28.981 [info] Got 5 sessions for ...
2026-01-02 14:15:28.988 [info] Getting sessions for read:user,repo,user:email,workflow...
2026-01-02 14:15:28.988 [info] Got 1 sessions for read:user,repo,user:email,workflow...
