2025-12-28 11:14:10.699 [info] Reading sessions from keychain...
2025-12-28 11:14:10.699 [info] Getting sessions for all scopes...
2025-12-28 11:14:10.699 [info] Got stored sessions!
2025-12-28 11:14:10.699 [info] Got 5 verified sessions.
2025-12-28 11:14:10.699 [info] Got 5 sessions for ...
2025-12-28 11:14:10.699 [info] Getting sessions for all scopes...
2025-12-28 11:14:10.699 [info] Got 5 sessions for ...
2025-12-28 11:14:10.699 [info] Getting sessions for all scopes...
2025-12-28 11:14:10.700 [info] Got 5 sessions for ...
2025-12-28 11:14:10.700 [info] Getting sessions for all scopes...
2025-12-28 11:14:10.700 [info] Got 5 sessions for ...
2025-12-28 11:14:10.700 [info] Getting sessions for all scopes...
2025-12-28 11:14:10.700 [info] Got 5 sessions for ...
2025-12-28 11:14:10.700 [info] Getting sessions for all scopes...
2025-12-28 11:14:10.700 [info] Got 5 sessions for ...
2025-12-28 11:14:10.700 [info] Getting sessions for all scopes...
2025-12-28 11:14:10.700 [info] Got 5 sessions for ...
2025-12-28 11:14:10.700 [info] Getting sessions for all scopes...
2025-12-28 11:14:10.700 [info] Got 5 sessions for ...
2025-12-28 11:14:10.700 [info] Getting sessions for all scopes...
2025-12-28 11:14:10.700 [info] Got 5 sessions for ...
2025-12-28 11:14:10.700 [info] Getting sessions for all scopes...
2025-12-28 11:14:10.700 [info] Got 5 sessions for ...
2025-12-28 11:14:10.700 [info] Getting sessions for all scopes...
2025-12-28 11:14:10.700 [info] Got 5 sessions for ...
2025-12-28 11:14:10.700 [info] Getting sessions for all scopes...
2025-12-28 11:14:10.700 [info] Got 5 sessions for ...
2025-12-28 11:14:10.700 [info] Getting sessions for all scopes...
2025-12-28 11:14:10.700 [info] Got 5 sessions for ...
2025-12-28 11:14:10.700 [info] Getting sessions for all scopes...
2025-12-28 11:14:10.700 [info] Got 5 sessions for ...
2025-12-28 11:14:10.700 [info] Getting sessions for all scopes...
2025-12-28 11:14:10.700 [info] Got 5 sessions for ...
2025-12-28 11:14:10.700 [info] Getting sessions for all scopes...
2025-12-28 11:14:10.700 [info] Got 5 sessions for ...
2025-12-28 11:14:10.700 [info] Getting sessions for all scopes...
2025-12-28 11:14:10.700 [info] Got 5 sessions for ...
2025-12-28 11:14:10.700 [info] Getting sessions for all scopes...
2025-12-28 11:14:10.700 [info] Got 5 sessions for ...
