2025-12-31 09:08:41.733 [info] [main] Log level: Info
2025-12-31 09:08:41.733 [info] [main] Validating found git in: "/usr/bin/git"
2025-12-31 09:08:41.797 [info] [main] Using git "2.39.5 (Apple Git-154)" from "/usr/bin/git"
2025-12-31 09:08:41.806 [info] [Model][doInitialScan] Initial repository scan started
2025-12-31 09:08:42.014 [info] > git rev-parse --show-toplevel [52ms]
2025-12-31 09:08:44.406 [info] > git rev-parse --git-dir --git-common-dir --show-superproject-working-tree [2385ms]
2025-12-31 09:08:44.485 [info] [Model][openRepository] Opened repository (path): /Users/leifwsogge/Library/Mobile Documents/com~apple~CloudDocs/Space LEAF Corp.global.secure.net/planetary-sensing-system
2025-12-31 09:08:44.485 [info] [Model][openRepository] Opened repository (real path): /Users/leifwsogge/Library/Mobile Documents/com~apple~CloudDocs/Space LEAF Corp.global.secure.net/planetary-sensing-system
2025-12-31 09:08:44.486 [info] [Model][openRepository] Opened repository (kind): repository
2025-12-31 09:08:44.491 [info] [Model][doInitialScan] Initial repository scan completed - repositories (1), closed repositories (0), parent repositories (0), unsafe repositories (0)
2025-12-31 09:08:45.574 [info] > git fetch [1090ms]
2025-12-31 09:08:46.339 [info] > git config --get commit.template [952ms]
2025-12-31 09:08:46.537 [info] > git config --get commit.template [200ms]
2025-12-31 09:08:46.563 [info] [Git][getRemotes] No remotes found in the git config file
2025-12-31 09:08:46.572 [info] [Git][getRemotes] No remotes found in the git config file
2025-12-31 09:08:47.551 [info] > git check-ignore -v -z --stdin [1008ms]
2025-12-31 09:08:47.553 [info] > git show --textconv :License [924ms]
2025-12-31 09:08:47.554 [info] > git ls-files --stage -- License [920ms]
2025-12-31 09:08:50.167 [info] > git for-each-ref --format=%(refname)%00%(upstream:short)%00%(objectname)%00%(upstream:track)%00%(upstream:remotename)%00%(upstream:remoteref) --ignore-case refs/heads/main refs/remotes/main [3606ms]
2025-12-31 09:08:50.200 [info] > git for-each-ref --format=%(refname)%00%(upstream:short)%00%(objectname)%00%(upstream:track)%00%(upstream:remotename)%00%(upstream:remoteref) --ignore-case refs/heads/main refs/remotes/main [3628ms]
2025-12-31 09:08:50.484 [info] > git config --get commit.template [176ms]
2025-12-31 09:08:50.484 [info] > git hash-object -t tree /dev/null [285ms]
2025-12-31 09:08:50.496 [warning] [GitFileSystemProvider][readFile] File not found - git:/Users/leifwsogge/Library/Mobile%20Documents/com~apple~CloudDocs/Space%20LEAF%20Corp.global.secure.net/planetary-sensing-system/License.git?%7B%22path%22%3A%22%2FUsers%2Fleifwsogge%2FLibrary%2FMobile%20Documents%2Fcom~apple~CloudDocs%2FSpace%20LEAF%20Corp.global.secure.net%2Fplanetary-sensing-system%2FLicense%22%2C%22ref%22%3A%22%22%7D
2025-12-31 09:08:50.585 [info] > git for-each-ref --format=%(refname)%00%(upstream:short)%00%(objectname)%00%(upstream:track)%00%(upstream:remotename)%00%(upstream:remoteref) --ignore-case refs/heads/main refs/remotes/main [402ms]
2025-12-31 09:08:50.646 [info] > git hash-object -t tree /dev/null [3088ms]
2025-12-31 09:08:50.646 [warning] [GitFileSystemProvider][stat] File not found - git:/Users/leifwsogge/Library/Mobile%20Documents/com~apple~CloudDocs/Space%20LEAF%20Corp.global.secure.net/planetary-sensing-system/License.git?%7B%22path%22%3A%22%2FUsers%2Fleifwsogge%2FLibrary%2FMobile%20Documents%2Fcom~apple~CloudDocs%2FSpace%20LEAF%20Corp.global.secure.net%2Fplanetary-sensing-system%2FLicense%22%2C%22ref%22%3A%22%22%7D
2025-12-31 09:08:50.705 [info] > git config --get --local branch.main.vscode-merge-base [74ms]
2025-12-31 09:08:50.705 [warning] [Git][config] git config failed: Failed to execute git
2025-12-31 09:08:51.336 [info] [Git][getRemotes] No remotes found in the git config file
2025-12-31 09:08:51.353 [info] > git reflog main --grep-reflog=branch: Created from *. [645ms]
2025-12-31 09:08:51.983 [info] > git for-each-ref --format=%(refname)%00%(upstream:short)%00%(objectname)%00%(upstream:track)%00%(upstream:remotename)%00%(upstream:remoteref) --ignore-case refs/heads/main refs/remotes/main [647ms]
2025-12-31 09:08:52.105 [info] > git status -z -uall [117ms]
2025-12-31 09:08:52.107 [info] > git config --local -l [358ms]
2025-12-31 09:08:52.114 [info] > git for-each-ref --sort -committerdate --format %(refname)%00%(objectname)%00%(*objectname) [120ms]
2025-12-31 09:08:52.353 [info] > git config --get commit.template [178ms]
2025-12-31 09:08:52.354 [info] > git config --get --local branch.main.remote [242ms]
2025-12-31 09:08:52.354 [warning] [Git][config] git config failed: Failed to execute git
2025-12-31 09:08:52.488 [info] [Git][getRemotes] No remotes found in the git config file
2025-12-31 09:08:52.525 [info] > git config --get --local branch.main.merge [167ms]
2025-12-31 09:08:52.525 [warning] [Git][config] git config failed: Failed to execute git
2025-12-31 09:08:52.564 [info] > git for-each-ref --format=%(refname)%00%(upstream:short)%00%(objectname)%00%(upstream:track)%00%(upstream:remotename)%00%(upstream:remoteref) --ignore-case refs/heads/main refs/remotes/main [76ms]
2025-12-31 09:08:52.657 [info] > git status -z -uall [90ms]
2025-12-31 09:08:52.674 [info] > git for-each-ref --sort -committerdate --format %(refname)%00%(objectname)%00%(*objectname) [98ms]
2025-12-31 09:08:58.317 [info] [Git][getRemotes] No remotes found in the git config file
2025-12-31 09:08:58.356 [info] > git config --get commit.template [40ms]
2025-12-31 09:08:58.359 [info] > git for-each-ref --format=%(refname)%00%(upstream:short)%00%(objectname)%00%(upstream:track)%00%(upstream:remotename)%00%(upstream:remoteref) --ignore-case refs/heads/main refs/remotes/main [42ms]
2025-12-31 09:08:58.401 [info] > git for-each-ref --sort -committerdate --format %(refname)%00%(objectname)%00%(*objectname) [38ms]
2025-12-31 09:08:58.403 [info] > git status -z -uall [43ms]
2025-12-31 09:09:56.587 [info] > git show --textconv :repo layout.txt [80ms]
2025-12-31 09:09:56.589 [info] > git ls-files --stage -- repo layout.txt [78ms]
2025-12-31 09:09:56.590 [warning] [GitFileSystemProvider][stat] File not found - git:/Users/leifwsogge/Library/Mobile%20Documents/com~apple~CloudDocs/Space%20LEAF%20Corp.global.secure.net/planetary-sensing-system/repo%20layout.txt.git?%7B%22path%22%3A%22%2FUsers%2Fleifwsogge%2FLibrary%2FMobile%20Documents%2Fcom~apple~CloudDocs%2FSpace%20LEAF%20Corp.global.secure.net%2Fplanetary-sensing-system%2Frepo%20layout.txt%22%2C%22ref%22%3A%22%22%7D
2025-12-31 09:09:56.591 [warning] [GitFileSystemProvider][readFile] File not found - git:/Users/leifwsogge/Library/Mobile%20Documents/com~apple~CloudDocs/Space%20LEAF%20Corp.global.secure.net/planetary-sensing-system/repo%20layout.txt.git?%7B%22path%22%3A%22%2FUsers%2Fleifwsogge%2FLibrary%2FMobile%20Documents%2Fcom~apple~CloudDocs%2FSpace%20LEAF%20Corp.global.secure.net%2Fplanetary-sensing-system%2Frepo%20layout.txt%22%2C%22ref%22%3A%22%22%7D
2025-12-31 09:09:56.682 [info] > git check-ignore -v -z --stdin [108ms]
2025-12-31 09:09:57.275 [info] [Git][getRemotes] No remotes found in the git config file
2025-12-31 09:09:57.310 [info] > git config --get commit.template [37ms]
2025-12-31 09:09:57.317 [info] > git for-each-ref --format=%(refname)%00%(upstream:short)%00%(objectname)%00%(upstream:track)%00%(upstream:remotename)%00%(upstream:remoteref) --ignore-case refs/heads/main refs/remotes/main [43ms]
2025-12-31 09:09:57.359 [info] > git for-each-ref --sort -committerdate --format %(refname)%00%(objectname)%00%(*objectname) [38ms]
2025-12-31 09:09:57.361 [info] > git status -z -uall [43ms]
2025-12-31 09:10:02.375 [info] [Git][getRemotes] No remotes found in the git config file
2025-12-31 09:10:02.411 [info] > git config --get commit.template [36ms]
2025-12-31 09:10:02.413 [info] > git for-each-ref --format=%(refname)%00%(upstream:short)%00%(objectname)%00%(upstream:track)%00%(upstream:remotename)%00%(upstream:remoteref) --ignore-case refs/heads/main refs/remotes/main [36ms]
2025-12-31 09:10:02.452 [info] > git for-each-ref --sort -committerdate --format %(refname)%00%(objectname)%00%(*objectname) [36ms]
2025-12-31 09:10:02.453 [info] > git status -z -uall [39ms]
2025-12-31 09:10:20.640 [info] [Git][getRemotes] No remotes found in the git config file
2025-12-31 09:10:20.879 [info] > git config --get commit.template [248ms]
2025-12-31 09:10:20.896 [info] > git for-each-ref --format=%(refname)%00%(upstream:short)%00%(objectname)%00%(upstream:track)%00%(upstream:remotename)%00%(upstream:remoteref) --ignore-case refs/heads/main refs/remotes/main [258ms]
2025-12-31 09:10:21.649 [info] > git for-each-ref --sort -committerdate --format %(refname)%00%(objectname)%00%(*objectname) [723ms]
2025-12-31 09:10:21.662 [info] > git status -z -uall [758ms]
2025-12-31 09:10:26.132 [info] > git check-ignore -v -z --stdin [54ms]
2025-12-31 09:10:32.090 [info] > git show --textconv :src/models.py [151ms]
2025-12-31 09:10:32.093 [info] > git ls-files --stage -- src/models.py [126ms]
2025-12-31 09:10:32.094 [warning] [GitFileSystemProvider][stat] File not found - git:/Users/leifwsogge/Library/Mobile%20Documents/com~apple~CloudDocs/Space%20LEAF%20Corp.global.secure.net/planetary-sensing-system/src/models.py.git?%7B%22path%22%3A%22%2FUsers%2Fleifwsogge%2FLibrary%2FMobile%20Documents%2Fcom~apple~CloudDocs%2FSpace%20LEAF%20Corp.global.secure.net%2Fplanetary-sensing-system%2Fsrc%2Fmodels.py%22%2C%22ref%22%3A%22%22%7D
2025-12-31 09:10:32.096 [info] > git config --get commit.template [178ms]
2025-12-31 09:10:32.156 [warning] [GitFileSystemProvider][readFile] File not found - git:/Users/leifwsogge/Library/Mobile%20Documents/com~apple~CloudDocs/Space%20LEAF%20Corp.global.secure.net/planetary-sensing-system/src/models.py.git?%7B%22path%22%3A%22%2FUsers%2Fleifwsogge%2FLibrary%2FMobile%20Documents%2Fcom~apple~CloudDocs%2FSpace%20LEAF%20Corp.global.secure.net%2Fplanetary-sensing-system%2Fsrc%2Fmodels.py%22%2C%22ref%22%3A%22%22%7D
2025-12-31 09:10:32.174 [info] [Git][getRemotes] No remotes found in the git config file
2025-12-31 09:10:32.417 [info] > git for-each-ref --format=%(refname)%00%(upstream:short)%00%(objectname)%00%(upstream:track)%00%(upstream:remotename)%00%(upstream:remoteref) --ignore-case refs/heads/main refs/remotes/main [244ms]
2025-12-31 09:10:32.635 [info] > git status -z -uall [214ms]
2025-12-31 09:10:32.638 [info] > git for-each-ref --sort -committerdate --format %(refname)%00%(objectname)%00%(*objectname) [212ms]
2025-12-31 09:10:44.911 [info] [Git][getRemotes] No remotes found in the git config file
2025-12-31 09:10:46.791 [info] > git config --get commit.template [1935ms]
2025-12-31 09:10:49.703 [info] > git for-each-ref --format=%(refname)%00%(upstream:short)%00%(objectname)%00%(upstream:track)%00%(upstream:remotename)%00%(upstream:remoteref) --ignore-case refs/heads/main refs/remotes/main [4755ms]
2025-12-31 09:10:51.566 [info] > git status -z -uall [1854ms]
2025-12-31 09:10:52.164 [info] > git for-each-ref --sort -committerdate --format %(refname)%00%(objectname)%00%(*objectname) [2434ms]
2025-12-31 09:11:05.918 [info] > git check-ignore -v -z --stdin [226ms]
2025-12-31 09:11:06.302 [info] [Git][getRemotes] No remotes found in the git config file
2025-12-31 09:11:06.411 [info] > git config --get commit.template [109ms]
2025-12-31 09:11:06.430 [info] > git for-each-ref --format=%(refname)%00%(upstream:short)%00%(objectname)%00%(upstream:track)%00%(upstream:remotename)%00%(upstream:remoteref) --ignore-case refs/heads/main refs/remotes/main [126ms]
2025-12-31 09:11:06.563 [info] > git for-each-ref --sort -committerdate --format %(refname)%00%(objectname)%00%(*objectname) [125ms]
2025-12-31 09:11:06.634 [info] > git status -z -uall [200ms]
2025-12-31 09:11:06.715 [info] > git show --textconv :src/firewall.py [173ms]
2025-12-31 09:11:06.717 [warning] [GitFileSystemProvider][readFile] File not found - git:/Users/leifwsogge/Library/Mobile%20Documents/com~apple~CloudDocs/Space%20LEAF%20Corp.global.secure.net/planetary-sensing-system/src/firewall.py.git?%7B%22path%22%3A%22%2FUsers%2Fleifwsogge%2FLibrary%2FMobile%20Documents%2Fcom~apple~CloudDocs%2FSpace%20LEAF%20Corp.global.secure.net%2Fplanetary-sensing-system%2Fsrc%2Ffirewall.py%22%2C%22ref%22%3A%22%22%7D
2025-12-31 09:11:06.771 [info] > git ls-files --stage -- src/firewall.py [222ms]
2025-12-31 09:11:06.773 [warning] [GitFileSystemProvider][stat] File not found - git:/Users/leifwsogge/Library/Mobile%20Documents/com~apple~CloudDocs/Space%20LEAF%20Corp.global.secure.net/planetary-sensing-system/src/firewall.py.git?%7B%22path%22%3A%22%2FUsers%2Fleifwsogge%2FLibrary%2FMobile%20Documents%2Fcom~apple~CloudDocs%2FSpace%20LEAF%20Corp.global.secure.net%2Fplanetary-sensing-system%2Fsrc%2Ffirewall.py%22%2C%22ref%22%3A%22%22%7D
2025-12-31 09:11:21.020 [info] [Git][getRemotes] No remotes found in the git config file
2025-12-31 09:11:21.320 [info] > git config --get commit.template [305ms]
2025-12-31 09:11:22.515 [info] > git for-each-ref --format=%(refname)%00%(upstream:short)%00%(objectname)%00%(upstream:track)%00%(upstream:remotename)%00%(upstream:remoteref) --ignore-case refs/heads/main refs/remotes/main [1495ms]
2025-12-31 09:11:22.597 [info] > git for-each-ref --sort -committerdate --format %(refname)%00%(objectname)%00%(*objectname) [75ms]
2025-12-31 09:11:22.605 [info] > git status -z -uall [87ms]
2025-12-31 09:11:37.552 [info] > git check-ignore -v -z --stdin [172ms]
2025-12-31 09:11:38.996 [info] > git ls-files --stage -- src/verification.py [278ms]
2025-12-31 09:11:39.002 [warning] [GitFileSystemProvider][stat] File not found - git:/Users/leifwsogge/Library/Mobile%20Documents/com~apple~CloudDocs/Space%20LEAF%20Corp.global.secure.net/planetary-sensing-system/src/verification.py.git?%7B%22path%22%3A%22%2FUsers%2Fleifwsogge%2FLibrary%2FMobile%20Documents%2Fcom~apple~CloudDocs%2FSpace%20LEAF%20Corp.global.secure.net%2Fplanetary-sensing-system%2Fsrc%2Fverification.py%22%2C%22ref%22%3A%22%22%7D
2025-12-31 09:11:39.010 [info] > git show --textconv :src/verification.py [296ms]
2025-12-31 09:11:39.011 [warning] [GitFileSystemProvider][readFile] File not found - git:/Users/leifwsogge/Library/Mobile%20Documents/com~apple~CloudDocs/Space%20LEAF%20Corp.global.secure.net/planetary-sensing-system/src/verification.py.git?%7B%22path%22%3A%22%2FUsers%2Fleifwsogge%2FLibrary%2FMobile%20Documents%2Fcom~apple~CloudDocs%2FSpace%20LEAF%20Corp.global.secure.net%2Fplanetary-sensing-system%2Fsrc%2Fverification.py%22%2C%22ref%22%3A%22%22%7D
2025-12-31 09:11:44.071 [info] [Git][getRemotes] No remotes found in the git config file
2025-12-31 09:11:44.837 [info] > git config --get commit.template [1184ms]
2025-12-31 09:11:46.468 [info] > git for-each-ref --format=%(refname)%00%(upstream:short)%00%(objectname)%00%(upstream:track)%00%(upstream:remotename)%00%(upstream:remoteref) --ignore-case refs/heads/main refs/remotes/main [2397ms]
2025-12-31 09:11:47.310 [info] > git for-each-ref --sort -committerdate --format %(refname)%00%(objectname)%00%(*objectname) [835ms]
2025-12-31 09:11:47.317 [info] > git status -z -uall [845ms]
2025-12-31 09:11:47.698 [info] > git blame --root --incremental caba69d271d57179f2d0073a3eb745320d84590a -- src/verification.py [895ms]
2025-12-31 09:11:47.698 [info] fatal: no such path src/verification.py in caba69d271d57179f2d0073a3eb745320d84590a
2025-12-31 09:11:50.293 [info] > git fetch [111ms]
2025-12-31 09:11:50.303 [info] [Git][getRemotes] No remotes found in the git config file
2025-12-31 09:11:50.385 [info] > git config --get commit.template [88ms]
2025-12-31 09:11:50.421 [info] > git for-each-ref --format=%(refname)%00%(upstream:short)%00%(objectname)%00%(upstream:track)%00%(upstream:remotename)%00%(upstream:remoteref) --ignore-case refs/heads/main refs/remotes/main [116ms]
2025-12-31 09:11:50.518 [info] > git for-each-ref --sort -committerdate --format %(refname)%00%(objectname)%00%(*objectname) [91ms]
2025-12-31 09:11:50.524 [info] > git status -z -uall [99ms]
2025-12-31 09:12:04.311 [info] [Git][getRemotes] No remotes found in the git config file
2025-12-31 09:12:04.834 [info] > git for-each-ref --format=%(refname)%00%(upstream:short)%00%(objectname)%00%(upstream:track)%00%(upstream:remotename)%00%(upstream:remoteref) --ignore-case refs/heads/main refs/remotes/main [525ms]
2025-12-31 09:12:04.844 [info] > git config --get commit.template [585ms]
2025-12-31 09:12:05.040 [info] > git status -z -uall [192ms]
2025-12-31 09:12:05.114 [info] > git for-each-ref --sort -committerdate --format %(refname)%00%(objectname)%00%(*objectname) [264ms]
2025-12-31 09:12:11.022 [info] > git check-ignore -v -z --stdin [324ms]
2025-12-31 09:12:11.057 [info] [Git][getRemotes] No remotes found in the git config file
2025-12-31 09:12:11.150 [info] > git config --get commit.template [94ms]
2025-12-31 09:12:11.159 [info] > git for-each-ref --format=%(refname)%00%(upstream:short)%00%(objectname)%00%(upstream:track)%00%(upstream:remotename)%00%(upstream:remoteref) --ignore-case refs/heads/main refs/remotes/main [98ms]
2025-12-31 09:12:11.431 [info] > git for-each-ref --sort -committerdate --format %(refname)%00%(objectname)%00%(*objectname) [266ms]
2025-12-31 09:12:11.432 [info] > git status -z -uall [270ms]
2025-12-31 09:12:21.342 [info] [Git][getRemotes] No remotes found in the git config file
2025-12-31 09:12:21.403 [info] > git config --get commit.template [65ms]
2025-12-31 09:12:21.403 [info] > git for-each-ref --format=%(refname)%00%(upstream:short)%00%(objectname)%00%(upstream:track)%00%(upstream:remotename)%00%(upstream:remoteref) --ignore-case refs/heads/main refs/remotes/main [61ms]
2025-12-31 09:12:21.468 [info] > git status -z -uall [62ms]
2025-12-31 09:12:21.473 [info] > git for-each-ref --sort -committerdate --format %(refname)%00%(objectname)%00%(*objectname) [65ms]
2025-12-31 09:12:52.680 [info] [Git][getRemotes] No remotes found in the git config file
2025-12-31 09:12:53.061 [info] > git config --get commit.template [847ms]
2025-12-31 09:12:53.079 [info] > git for-each-ref --format=%(refname)%00%(upstream:short)%00%(objectname)%00%(upstream:track)%00%(upstream:remotename)%00%(upstream:remoteref) --ignore-case refs/heads/main refs/remotes/main [400ms]
2025-12-31 09:12:53.265 [info] > git status -z -uall [183ms]
2025-12-31 09:12:53.284 [info] > git for-each-ref --sort -committerdate --format %(refname)%00%(objectname)%00%(*objectname) [198ms]
2025-12-31 09:12:56.722 [info] > git check-ignore -v -z --stdin [61ms]
2025-12-31 09:12:57.593 [info] > git show --textconv :src/config.py [185ms]
2025-12-31 09:12:57.608 [warning] [GitFileSystemProvider][readFile] File not found - git:/Users/leifwsogge/Library/Mobile%20Documents/com~apple~CloudDocs/Space%20LEAF%20Corp.global.secure.net/planetary-sensing-system/src/config.py.git?%7B%22path%22%3A%22%2FUsers%2Fleifwsogge%2FLibrary%2FMobile%20Documents%2Fcom~apple~CloudDocs%2FSpace%20LEAF%20Corp.global.secure.net%2Fplanetary-sensing-system%2Fsrc%2Fconfig.py%22%2C%22ref%22%3A%22%22%7D
2025-12-31 09:12:57.657 [info] > git ls-files --stage -- src/config.py [244ms]
2025-12-31 09:12:57.660 [warning] [GitFileSystemProvider][stat] File not found - git:/Users/leifwsogge/Library/Mobile%20Documents/com~apple~CloudDocs/Space%20LEAF%20Corp.global.secure.net/planetary-sensing-system/src/config.py.git?%7B%22path%22%3A%22%2FUsers%2Fleifwsogge%2FLibrary%2FMobile%20Documents%2Fcom~apple~CloudDocs%2FSpace%20LEAF%20Corp.global.secure.net%2Fplanetary-sensing-system%2Fsrc%2Fconfig.py%22%2C%22ref%22%3A%22%22%7D
2025-12-31 09:12:58.517 [info] [Git][getRemotes] No remotes found in the git config file
2025-12-31 09:12:59.418 [info] > git config --get commit.template [1109ms]
2025-12-31 09:12:59.437 [info] > git for-each-ref --format=%(refname)%00%(upstream:short)%00%(objectname)%00%(upstream:track)%00%(upstream:remotename)%00%(upstream:remoteref) --ignore-case refs/heads/main refs/remotes/main [920ms]
2025-12-31 09:12:59.614 [info] > git for-each-ref --sort -committerdate --format %(refname)%00%(objectname)%00%(*objectname) [170ms]
2025-12-31 09:12:59.651 [info] > git status -z -uall [210ms]
2025-12-31 09:13:05.589 [info] [Git][getRemotes] No remotes found in the git config file
2025-12-31 09:13:05.658 [info] > git config --get commit.template [78ms]
2025-12-31 09:13:05.668 [info] > git for-each-ref --format=%(refname)%00%(upstream:short)%00%(objectname)%00%(upstream:track)%00%(upstream:remotename)%00%(upstream:remoteref) --ignore-case refs/heads/main refs/remotes/main [79ms]
2025-12-31 09:13:05.743 [info] > git for-each-ref --sort -committerdate --format %(refname)%00%(objectname)%00%(*objectname) [70ms]
2025-12-31 09:13:05.749 [info] > git status -z -uall [79ms]
2025-12-31 09:13:25.525 [info] [Git][getRemotes] No remotes found in the git config file
2025-12-31 09:13:26.399 [info] > git config --get commit.template [1166ms]
2025-12-31 09:13:26.417 [info] > git for-each-ref --format=%(refname)%00%(upstream:short)%00%(objectname)%00%(upstream:track)%00%(upstream:remotename)%00%(upstream:remoteref) --ignore-case refs/heads/main refs/remotes/main [864ms]
2025-12-31 09:13:26.602 [info] > git status -z -uall [182ms]
2025-12-31 09:13:26.612 [info] > git for-each-ref --sort -committerdate --format %(refname)%00%(objectname)%00%(*objectname) [189ms]
2025-12-31 09:13:33.335 [info] [Git][getRemotes] No remotes found in the git config file
2025-12-31 09:13:33.463 [info] > git check-ignore -v -z --stdin [355ms]
2025-12-31 09:13:33.490 [info] > git config --get commit.template [202ms]
2025-12-31 09:13:33.490 [info] > git for-each-ref --format=%(refname)%00%(upstream:short)%00%(objectname)%00%(upstream:track)%00%(upstream:remotename)%00%(upstream:remoteref) --ignore-case refs/heads/main refs/remotes/main [161ms]
2025-12-31 09:13:34.559 [info] > git status -z -uall [1067ms]
2025-12-31 09:13:34.798 [info] > git for-each-ref --sort -committerdate --format %(refname)%00%(objectname)%00%(*objectname) [1303ms]
2025-12-31 09:13:34.849 [info] > git show --textconv :README.md [301ms]
2025-12-31 09:13:34.849 [warning] [GitFileSystemProvider][readFile] File not found - git:/Users/leifwsogge/Library/Mobile%20Documents/com~apple~CloudDocs/Space%20LEAF%20Corp.global.secure.net/planetary-sensing-system/README.md.git?%7B%22path%22%3A%22%2FUsers%2Fleifwsogge%2FLibrary%2FMobile%20Documents%2Fcom~apple~CloudDocs%2FSpace%20LEAF%20Corp.global.secure.net%2Fplanetary-sensing-system%2FREADME.md%22%2C%22ref%22%3A%22%22%7D
2025-12-31 09:13:34.881 [info] > git ls-files --stage -- README.md [326ms]
2025-12-31 09:13:34.881 [warning] [GitFileSystemProvider][stat] File not found - git:/Users/leifwsogge/Library/Mobile%20Documents/com~apple~CloudDocs/Space%20LEAF%20Corp.global.secure.net/planetary-sensing-system/README.md.git?%7B%22path%22%3A%22%2FUsers%2Fleifwsogge%2FLibrary%2FMobile%20Documents%2Fcom~apple~CloudDocs%2FSpace%20LEAF%20Corp.global.secure.net%2Fplanetary-sensing-system%2FREADME.md%22%2C%22ref%22%3A%22%22%7D
2025-12-31 09:13:43.493 [info] [Git][getRemotes] No remotes found in the git config file
2025-12-31 09:13:44.271 [info] > git config --get commit.template [780ms]
2025-12-31 09:13:44.282 [info] > git for-each-ref --format=%(refname)%00%(upstream:short)%00%(objectname)%00%(upstream:track)%00%(upstream:remotename)%00%(upstream:remoteref) --ignore-case refs/heads/main refs/remotes/main [786ms]
2025-12-31 09:13:44.772 [info] > git status -z -uall [482ms]
2025-12-31 09:13:44.798 [info] > git for-each-ref --sort -committerdate --format %(refname)%00%(objectname)%00%(*objectname) [503ms]
2025-12-31 09:13:56.891 [info] [Git][getRemotes] No remotes found in the git config file
2025-12-31 09:13:56.967 [info] > git config --get commit.template [78ms]
2025-12-31 09:13:56.974 [info] > git for-each-ref --format=%(refname)%00%(upstream:short)%00%(objectname)%00%(upstream:track)%00%(upstream:remotename)%00%(upstream:remoteref) --ignore-case refs/heads/main refs/remotes/main [84ms]
2025-12-31 09:13:57.042 [info] > git for-each-ref --sort -committerdate --format %(refname)%00%(objectname)%00%(*objectname) [64ms]
2025-12-31 09:13:57.050 [info] > git status -z -uall [75ms]
2025-12-31 09:14:02.076 [info] [Git][getRemotes] No remotes found in the git config file
2025-12-31 09:14:02.165 [info] > git config --get commit.template [100ms]
2025-12-31 09:14:02.174 [info] > git for-each-ref --format=%(refname)%00%(upstream:short)%00%(objectname)%00%(upstream:track)%00%(upstream:remotename)%00%(upstream:remoteref) --ignore-case refs/heads/main refs/remotes/main [98ms]
2025-12-31 09:14:02.235 [info] > git status -z -uall [60ms]
2025-12-31 09:14:02.237 [info] > git for-each-ref --sort -committerdate --format %(refname)%00%(objectname)%00%(*objectname) [59ms]
2025-12-31 09:14:09.682 [info] [Git][getRemotes] No remotes found in the git config file
2025-12-31 09:14:09.770 [info] > git config --get commit.template [103ms]
2025-12-31 09:14:09.777 [info] > git for-each-ref --format=%(refname)%00%(upstream:short)%00%(objectname)%00%(upstream:track)%00%(upstream:remotename)%00%(upstream:remoteref) --ignore-case refs/heads/main refs/remotes/main [95ms]
2025-12-31 09:14:09.844 [info] > git for-each-ref --sort -committerdate --format %(refname)%00%(objectname)%00%(*objectname) [63ms]
2025-12-31 09:14:09.845 [info] > git status -z -uall [66ms]
2025-12-31 15:01:50.882 [info] > git config --get commit.template [2535ms]
2025-12-31 15:01:50.958 [info] > git for-each-ref --format=%(refname)%00%(upstream:short)%00%(objectname)%00%(upstream:track)%00%(upstream:remotename)%00%(upstream:remoteref) --ignore-case refs/heads/main refs/remotes/main [2199ms]
2025-12-31 15:01:51.427 [info] > git for-each-ref --sort -committerdate --format %(refname)%00%(objectname)%00%(*objectname) [439ms]
2025-12-31 15:01:51.481 [info] > git status -z -uall [508ms]
2025-12-31 15:01:52.256 [info] > git fetch [5332ms]
2025-12-31 15:01:52.285 [info] > git merge-base refs/heads/main refs/remotes/origin/main [631ms]
2025-12-31 15:01:52.520 [info] > git show --textconv :src/verification.py [143ms]
2025-12-31 15:01:52.528 [info] > git for-each-ref --format=%(refname)%00%(upstream:short)%00%(objectname)%00%(upstream:track)%00%(upstream:remotename)%00%(upstream:remoteref) --ignore-case refs/heads/main refs/remotes/main [205ms]
2025-12-31 15:01:52.534 [info] > git ls-files --stage -- src/verification.py [152ms]
2025-12-31 15:01:52.614 [info] > git diff --name-status -z --diff-filter=ADMR --find-renames=50% 0a56db6239402e06af6fda09667a4586a79d6039...refs/remotes/origin/main -- [320ms]
2025-12-31 15:01:52.628 [info] > git config --get commit.template [353ms]
2025-12-31 15:01:52.903 [info] > git for-each-ref --sort -committerdate --format %(refname)%00%(objectname)%00%(*objectname) [267ms]
2025-12-31 15:01:54.275 [info] > git status -z -uall [1643ms]
2025-12-31 15:01:54.303 [info] > git cat-file -s 294b6e2a04d832ac54c2268a157f31b187ffcb14 [1734ms]
2025-12-31 15:01:54.682 [info] > git config --local -l [989ms]
2025-12-31 15:01:57.926 [info] > git blame --root --incremental 0a56db6239402e06af6fda09667a4586a79d6039 -- src/verification.py [1684ms]
2025-12-31 15:02:09.029 [info] > git ls-files --stage -- src/verification.py [705ms]
2025-12-31 15:02:09.111 [info] > git cat-file -s 294b6e2a04d832ac54c2268a157f31b187ffcb14 [80ms]
2025-12-31 15:02:09.117 [info] > git for-each-ref --format=%(refname)%00%(upstream:short)%00%(objectname)%00%(upstream:track)%00%(upstream:remotename)%00%(upstream:remoteref) --ignore-case refs/heads/main refs/remotes/main [568ms]
2025-12-31 15:02:09.299 [info] > git config --get commit.template [1008ms]
2025-12-31 15:02:09.387 [info] > git for-each-ref --sort -committerdate --format %(refname)%00%(objectname)%00%(*objectname) [82ms]
2025-12-31 15:02:09.389 [info] > git status -z -uall [87ms]
2025-12-31 15:02:09.458 [info] > git show --textconv :src/verification.py [329ms]
2026-01-01 21:21:30.492 [info] > git config --get commit.template [1846ms]
2026-01-01 21:21:31.962 [info] > git for-each-ref --format=%(refname)%00%(upstream:short)%00%(objectname)%00%(upstream:track)%00%(upstream:remotename)%00%(upstream:remoteref) --ignore-case refs/heads/main refs/remotes/main [1393ms]
2026-01-01 21:21:32.395 [info] > git for-each-ref --sort -committerdate --format %(refname)%00%(objectname)%00%(*objectname) [408ms]
2026-01-01 21:21:58.752 [info] > git ls-files --stage -- src/verification.py [28463ms]
2026-01-01 21:22:01.543 [info] > git cat-file -s 294b6e2a04d832ac54c2268a157f31b187ffcb14 [2778ms]
2026-01-01 21:22:03.777 [info] > git show --textconv :src/verification.py [2209ms]
2026-01-01 21:22:04.510 [info] > git status -z -uall [32531ms]
2026-01-01 21:22:04.965 [info] > git fetch [37232ms]
2026-01-01 21:22:05.102 [info] > git for-each-ref --format=%(refname)%00%(upstream:short)%00%(objectname)%00%(upstream:track)%00%(upstream:remotename)%00%(upstream:remoteref) --ignore-case refs/heads/main refs/remotes/main [118ms]
2026-01-01 21:22:05.135 [info] > git config --get commit.template [156ms]
2026-01-01 21:22:05.278 [info] > git for-each-ref --sort -committerdate --format %(refname)%00%(objectname)%00%(*objectname) [130ms]
2026-01-01 21:22:08.459 [info] > git ls-files --stage -- src/verification.py [2077ms]
2026-01-01 21:22:08.678 [info] > git cat-file -s 294b6e2a04d832ac54c2268a157f31b187ffcb14 [215ms]
2026-01-01 21:22:09.188 [info] > git show --textconv :src/verification.py [502ms]
2026-01-01 21:22:20.003 [info] > git check-ignore -v -z --stdin [1732ms]
2026-01-01 21:22:21.022 [info] > git ls-files --stage -- reference/captains_secure_link_module_v0_1.py [82ms]
2026-01-01 21:22:21.041 [warning] [GitFileSystemProvider][stat] File not found - git:/Users/leifwsogge/Library/Mobile%20Documents/com~apple~CloudDocs/Space%20LEAF%20Corp.global.secure.net/planetary-sensing-system/reference/captains_secure_link_module_v0_1.py.git?%7B%22path%22%3A%22%2FUsers%2Fleifwsogge%2FLibrary%2FMobile%20Documents%2Fcom~apple~CloudDocs%2FSpace%20LEAF%20Corp.global.secure.net%2Fplanetary-sensing-system%2Freference%2Fcaptains_secure_link_module_v0_1.py%22%2C%22ref%22%3A%22%22%7D
2026-01-01 21:22:21.092 [info] > git show --textconv :reference/captains_secure_link_module_v0_1.py [156ms]
2026-01-01 21:22:21.094 [warning] [GitFileSystemProvider][readFile] File not found - git:/Users/leifwsogge/Library/Mobile%20Documents/com~apple~CloudDocs/Space%20LEAF%20Corp.global.secure.net/planetary-sensing-system/reference/captains_secure_link_module_v0_1.py.git?%7B%22path%22%3A%22%2FUsers%2Fleifwsogge%2FLibrary%2FMobile%20Documents%2Fcom~apple~CloudDocs%2FSpace%20LEAF%20Corp.global.secure.net%2Fplanetary-sensing-system%2Freference%2Fcaptains_secure_link_module_v0_1.py%22%2C%22ref%22%3A%22%22%7D
2026-01-01 21:22:43.317 [info] > git blame --root --incremental 0a56db6239402e06af6fda09667a4586a79d6039 -- reference/captains_secure_link_module_v0_1.py [1036ms]
2026-01-01 21:22:43.320 [info] fatal: no such path reference/captains_secure_link_module_v0_1.py in 0a56db6239402e06af6fda09667a4586a79d6039
2026-01-01 21:22:50.579 [info] > git ls-files --stage -- License [88ms]
2026-01-01 21:22:53.207 [info] > git status -z -uall [48066ms]
2026-01-01 21:22:53.363 [info] > git config --get commit.template [64ms]
2026-01-01 21:22:53.394 [info] > git for-each-ref --format=%(refname)%00%(upstream:short)%00%(objectname)%00%(upstream:track)%00%(upstream:remotename)%00%(upstream:remoteref) --ignore-case refs/heads/main refs/remotes/main [75ms]
2026-01-01 21:22:53.544 [info] > git status -z -uall [132ms]
2026-01-01 21:22:53.600 [info] > git for-each-ref --sort -committerdate --format %(refname)%00%(objectname)%00%(*objectname) [63ms]
2026-01-01 21:23:03.850 [info] > git show --textconv :License [13369ms]
2026-01-01 21:23:03.893 [info] > git cat-file -s 6d30262ef70de41381632729306cd88f2e58a007 [13311ms]
2026-01-01 21:23:06.264 [info] > git for-each-ref --format=%(refname)%00%(upstream:short)%00%(objectname)%00%(upstream:track)%00%(upstream:remotename)%00%(upstream:remoteref) --ignore-case refs/heads/main refs/remotes/main [388ms]
2026-01-01 21:23:06.453 [info] > git config --get commit.template [587ms]
2026-01-01 21:23:06.694 [info] > git for-each-ref --sort -committerdate --format %(refname)%00%(objectname)%00%(*objectname) [231ms]
2026-01-01 21:23:06.710 [info] > git status -z -uall [253ms]
2026-01-01 21:23:22.290 [info] > git blame --root --incremental 0a56db6239402e06af6fda09667a4586a79d6039 -- License [18313ms]
2026-01-01 21:23:28.710 [info] > git config --get commit.template [105ms]
2026-01-01 21:23:28.736 [info] > git for-each-ref --format=%(refname)%00%(upstream:short)%00%(objectname)%00%(upstream:track)%00%(upstream:remotename)%00%(upstream:remoteref) --ignore-case refs/heads/main refs/remotes/main [125ms]
2026-01-01 21:23:28.952 [info] > git for-each-ref --sort -committerdate --format %(refname)%00%(objectname)%00%(*objectname) [205ms]
2026-01-01 21:23:28.960 [info] > git status -z -uall [217ms]
2026-01-01 21:23:34.348 [info] > git check-ignore -v -z --stdin [139ms]
2026-01-01 21:23:34.864 [info] > git config --get commit.template [153ms]
2026-01-01 21:23:34.943 [info] > git for-each-ref --format=%(refname)%00%(upstream:short)%00%(objectname)%00%(upstream:track)%00%(upstream:remotename)%00%(upstream:remoteref) --ignore-case refs/heads/main refs/remotes/main [221ms]
2026-01-01 21:23:35.091 [info] > git for-each-ref --sort -committerdate --format %(refname)%00%(objectname)%00%(*objectname) [141ms]
2026-01-01 21:23:35.093 [info] > git status -z -uall [147ms]
2026-01-01 21:23:35.676 [info] > git show --textconv :reference/simulations/captains_union_link_sim_v0_1.py [62ms]
2026-01-01 21:23:35.677 [warning] [GitFileSystemProvider][readFile] File not found - git:/Users/leifwsogge/Library/Mobile%20Documents/com~apple~CloudDocs/Space%20LEAF%20Corp.global.secure.net/planetary-sensing-system/reference/simulations/captains_union_link_sim_v0_1.py.git?%7B%22path%22%3A%22%2FUsers%2Fleifwsogge%2FLibrary%2FMobile%20Documents%2Fcom~apple~CloudDocs%2FSpace%20LEAF%20Corp.global.secure.net%2Fplanetary-sensing-system%2Freference%2Fsimulations%2Fcaptains_union_link_sim_v0_1.py%22%2C%22ref%22%3A%22%22%7D
2026-01-01 21:23:35.681 [info] > git ls-files --stage -- reference/simulations/captains_union_link_sim_v0_1.py [64ms]
2026-01-01 21:23:35.681 [warning] [GitFileSystemProvider][stat] File not found - git:/Users/leifwsogge/Library/Mobile%20Documents/com~apple~CloudDocs/Space%20LEAF%20Corp.global.secure.net/planetary-sensing-system/reference/simulations/captains_union_link_sim_v0_1.py.git?%7B%22path%22%3A%22%2FUsers%2Fleifwsogge%2FLibrary%2FMobile%20Documents%2Fcom~apple~CloudDocs%2FSpace%20LEAF%20Corp.global.secure.net%2Fplanetary-sensing-system%2Freference%2Fsimulations%2Fcaptains_union_link_sim_v0_1.py%22%2C%22ref%22%3A%22%22%7D
2026-01-01 21:23:53.849 [info] > git config --get commit.template [1037ms]
2026-01-01 21:23:54.593 [info] > git for-each-ref --format=%(refname)%00%(upstream:short)%00%(objectname)%00%(upstream:track)%00%(upstream:remotename)%00%(upstream:remoteref) --ignore-case refs/heads/main refs/remotes/main [1681ms]
2026-01-01 21:23:55.727 [info] > git status -z -uall [1129ms]
2026-01-01 21:23:55.756 [info] > git for-each-ref --sort -committerdate --format %(refname)%00%(objectname)%00%(*objectname) [1154ms]
2026-01-01 21:24:44.407 [info] > git config --get commit.template [530ms]
2026-01-01 21:24:44.498 [info] > git ls-files --stage -- License [654ms]
2026-01-01 21:24:44.652 [info] > git for-each-ref --format=%(refname)%00%(upstream:short)%00%(objectname)%00%(upstream:track)%00%(upstream:remotename)%00%(upstream:remoteref) --ignore-case refs/heads/main refs/remotes/main [757ms]
2026-01-01 21:24:44.789 [info] > git for-each-ref --sort -committerdate --format %(refname)%00%(objectname)%00%(*objectname) [130ms]
2026-01-01 21:24:44.892 [info] > git cat-file -s 6d30262ef70de41381632729306cd88f2e58a007 [391ms]
2026-01-01 21:24:45.286 [info] > git status -z -uall [629ms]
2026-01-01 21:24:45.519 [info] > git show --textconv :License [587ms]
2026-01-01 21:24:50.786 [info] > git for-each-ref --format=%(refname)%00%(upstream:short)%00%(objectname)%00%(upstream:track)%00%(upstream:remotename)%00%(upstream:remoteref) --ignore-case refs/heads/main refs/remotes/main [481ms]
2026-01-01 21:24:50.877 [info] > git config --get commit.template [575ms]
2026-01-01 21:24:51.353 [info] > git for-each-ref --sort -committerdate --format %(refname)%00%(objectname)%00%(*objectname) [469ms]
2026-01-01 21:24:51.522 [info] > git status -z -uall [641ms]
2026-01-01 21:24:57.636 [info] > git config --get commit.template [75ms]
2026-01-01 21:24:57.649 [info] > git for-each-ref --format=%(refname)%00%(upstream:short)%00%(objectname)%00%(upstream:track)%00%(upstream:remotename)%00%(upstream:remoteref) --ignore-case refs/heads/main refs/remotes/main [85ms]
2026-01-01 21:24:57.738 [info] > git status -z -uall [84ms]
2026-01-01 21:24:57.741 [info] > git for-each-ref --sort -committerdate --format %(refname)%00%(objectname)%00%(*objectname) [84ms]
2026-01-01 21:25:05.775 [info] > git config --get commit.template [79ms]
2026-01-01 21:25:05.791 [info] > git for-each-ref --format=%(refname)%00%(upstream:short)%00%(objectname)%00%(upstream:track)%00%(upstream:remotename)%00%(upstream:remoteref) --ignore-case refs/heads/main refs/remotes/main [91ms]
2026-01-01 21:25:05.894 [info] > git ls-files --stage -- License [106ms]
2026-01-01 21:25:05.975 [info] > git status -z -uall [178ms]
2026-01-01 21:25:05.986 [info] > git for-each-ref --sort -committerdate --format %(refname)%00%(objectname)%00%(*objectname) [187ms]
2026-01-01 21:25:06.059 [info] > git cat-file -s 6d30262ef70de41381632729306cd88f2e58a007 [161ms]
2026-01-01 21:25:06.262 [info] > git show --textconv :License [198ms]
2026-01-01 21:25:27.723 [info] > git config --get commit.template [103ms]
2026-01-01 21:25:28.552 [info] > git for-each-ref --format=%(refname)%00%(upstream:short)%00%(objectname)%00%(upstream:track)%00%(upstream:remotename)%00%(upstream:remoteref) --ignore-case refs/heads/main refs/remotes/main [915ms]
2026-01-01 21:25:28.869 [info] > git status -z -uall [313ms]
2026-01-01 21:25:29.070 [info] > git for-each-ref --sort -committerdate --format %(refname)%00%(objectname)%00%(*objectname) [511ms]
2026-01-01 21:25:42.080 [info] > git config --get commit.template [82ms]
2026-01-01 21:25:42.089 [info] > git for-each-ref --format=%(refname)%00%(upstream:short)%00%(objectname)%00%(upstream:track)%00%(upstream:remotename)%00%(upstream:remoteref) --ignore-case refs/heads/main refs/remotes/main [86ms]
2026-01-01 21:25:42.260 [info] > git for-each-ref --sort -committerdate --format %(refname)%00%(objectname)%00%(*objectname) [165ms]
2026-01-01 21:25:42.287 [info] > git status -z -uall [195ms]
2026-01-01 21:25:47.387 [info] > git config --get commit.template [84ms]
2026-01-01 21:25:47.394 [info] > git for-each-ref --format=%(refname)%00%(upstream:short)%00%(objectname)%00%(upstream:track)%00%(upstream:remotename)%00%(upstream:remoteref) --ignore-case refs/heads/main refs/remotes/main [84ms]
2026-01-01 21:25:47.677 [info] > git for-each-ref --sort -committerdate --format %(refname)%00%(objectname)%00%(*objectname) [208ms]
2026-01-01 21:25:47.682 [info] > git status -z -uall [216ms]
2026-01-01 21:25:52.815 [info] > git config --get commit.template [114ms]
2026-01-01 21:25:52.850 [info] > git for-each-ref --format=%(refname)%00%(upstream:short)%00%(objectname)%00%(upstream:track)%00%(upstream:remotename)%00%(upstream:remoteref) --ignore-case refs/heads/main refs/remotes/main [141ms]
2026-01-01 21:25:52.937 [info] > git for-each-ref --sort -committerdate --format %(refname)%00%(objectname)%00%(*objectname) [82ms]
2026-01-01 21:25:52.950 [info] > git status -z -uall [97ms]
2026-01-01 21:25:54.423 [info] > git fetch [1111ms]
2026-01-01 21:25:54.475 [info] > git config --get commit.template [49ms]
2026-01-01 21:25:54.482 [info] > git for-each-ref --format=%(refname)%00%(upstream:short)%00%(objectname)%00%(upstream:track)%00%(upstream:remotename)%00%(upstream:remoteref) --ignore-case refs/heads/main refs/remotes/main [55ms]
2026-01-01 21:25:54.539 [info] > git for-each-ref --sort -committerdate --format %(refname)%00%(objectname)%00%(*objectname) [50ms]
2026-01-01 21:25:54.541 [info] > git status -z -uall [55ms]
2026-01-01 21:25:55.642 [info] > git ls-files --stage -- License [50ms]
2026-01-01 21:25:55.695 [info] > git cat-file -s 6d30262ef70de41381632729306cd88f2e58a007 [50ms]
2026-01-01 21:25:55.753 [info] > git show --textconv :License [49ms]
2026-01-01 21:25:58.048 [info] > git config --get commit.template [89ms]
2026-01-01 21:25:58.065 [info] > git for-each-ref --format=%(refname)%00%(upstream:short)%00%(objectname)%00%(upstream:track)%00%(upstream:remotename)%00%(upstream:remoteref) --ignore-case refs/heads/main refs/remotes/main [97ms]
2026-01-01 21:25:58.141 [info] > git status -z -uall [66ms]
2026-01-01 21:25:58.142 [info] > git for-each-ref --sort -committerdate --format %(refname)%00%(objectname)%00%(*objectname) [62ms]
2026-01-01 21:26:07.952 [info] > git for-each-ref --format=%(refname)%00%(upstream:short)%00%(objectname)%00%(upstream:track)%00%(upstream:remotename)%00%(upstream:remoteref) --ignore-case refs/heads/main refs/remotes/main [82ms]
2026-01-01 21:26:07.962 [info] > git config --get commit.template [95ms]
2026-01-01 21:26:08.033 [info] > git for-each-ref --sort -committerdate --format %(refname)%00%(objectname)%00%(*objectname) [64ms]
2026-01-01 21:26:08.034 [info] > git status -z -uall [69ms]
2026-01-01 21:26:13.580 [info] > git config --get commit.template [37ms]
2026-01-01 21:26:13.583 [info] > git for-each-ref --format=%(refname)%00%(upstream:short)%00%(objectname)%00%(upstream:track)%00%(upstream:remotename)%00%(upstream:remoteref) --ignore-case refs/heads/main refs/remotes/main [37ms]
2026-01-01 21:26:13.630 [info] > git status -z -uall [45ms]
2026-01-01 21:26:13.635 [info] > git for-each-ref --sort -committerdate --format %(refname)%00%(objectname)%00%(*objectname) [49ms]
2026-01-01 21:26:18.945 [info] > git config --get commit.template [43ms]
2026-01-01 21:26:18.948 [info] > git for-each-ref --format=%(refname)%00%(upstream:short)%00%(objectname)%00%(upstream:track)%00%(upstream:remotename)%00%(upstream:remoteref) --ignore-case refs/heads/main refs/remotes/main [44ms]
2026-01-01 21:26:19.011 [info] > git for-each-ref --sort -committerdate --format %(refname)%00%(objectname)%00%(*objectname) [58ms]
2026-01-01 21:26:19.014 [info] > git status -z -uall [63ms]
2026-01-01 21:26:24.099 [info] > git for-each-ref --format=%(refname)%00%(upstream:short)%00%(objectname)%00%(upstream:track)%00%(upstream:remotename)%00%(upstream:remoteref) --ignore-case refs/heads/main refs/remotes/main [72ms]
2026-01-01 21:26:24.145 [info] > git config --get commit.template [123ms]
2026-01-01 21:26:24.203 [info] > git status -z -uall [55ms]
2026-01-01 21:26:24.207 [info] > git for-each-ref --sort -committerdate --format %(refname)%00%(objectname)%00%(*objectname) [57ms]
2026-01-01 21:26:35.872 [info] > git for-each-ref --format=%(refname)%00%(upstream:short)%00%(objectname)%00%(upstream:track)%00%(upstream:remotename)%00%(upstream:remoteref) --ignore-case refs/heads/main refs/remotes/main [255ms]
2026-01-01 21:26:35.932 [info] > git config --get commit.template [340ms]
2026-01-01 21:26:36.016 [info] > git for-each-ref --sort -committerdate --format %(refname)%00%(objectname)%00%(*objectname) [77ms]
2026-01-01 21:26:36.025 [info] > git status -z -uall [89ms]
2026-01-01 21:26:48.738 [info] > git config --get commit.template [131ms]
2026-01-01 21:26:48.757 [info] > git for-each-ref --format=%(refname)%00%(upstream:short)%00%(objectname)%00%(upstream:track)%00%(upstream:remotename)%00%(upstream:remoteref) --ignore-case refs/heads/main refs/remotes/main [141ms]
2026-01-01 21:26:48.886 [info] > git for-each-ref --sort -committerdate --format %(refname)%00%(objectname)%00%(*objectname) [81ms]
2026-01-01 21:26:48.893 [info] > git status -z -uall [88ms]
2026-01-01 21:28:43.008 [info] > git config --get commit.template [81ms]
2026-01-01 21:28:43.035 [info] > git for-each-ref --format=%(refname)%00%(upstream:short)%00%(objectname)%00%(upstream:track)%00%(upstream:remotename)%00%(upstream:remoteref) --ignore-case refs/heads/main refs/remotes/main [105ms]
2026-01-01 21:28:43.084 [info] > git for-each-ref --sort -committerdate --format %(refname)%00%(objectname)%00%(*objectname) [45ms]
2026-01-01 21:28:43.104 [info] > git status -z -uall [67ms]
2026-01-01 21:28:48.382 [info] > git config --get commit.template [56ms]
2026-01-01 21:28:48.396 [info] > git for-each-ref --format=%(refname)%00%(upstream:short)%00%(objectname)%00%(upstream:track)%00%(upstream:remotename)%00%(upstream:remoteref) --ignore-case refs/heads/main refs/remotes/main [65ms]
2026-01-01 21:28:48.461 [info] > git status -z -uall [61ms]
2026-01-01 21:28:48.461 [info] > git for-each-ref --sort -committerdate --format %(refname)%00%(objectname)%00%(*objectname) [59ms]
2026-01-01 21:28:55.172 [info] > git fetch [623ms]
2026-01-01 21:28:55.275 [info] > git config --get commit.template [97ms]
2026-01-01 21:28:55.279 [info] > git for-each-ref --format=%(refname)%00%(upstream:short)%00%(objectname)%00%(upstream:track)%00%(upstream:remotename)%00%(upstream:remoteref) --ignore-case refs/heads/main refs/remotes/main [96ms]
2026-01-01 21:28:55.367 [info] > git for-each-ref --sort -committerdate --format %(refname)%00%(objectname)%00%(*objectname) [82ms]
2026-01-01 21:28:55.373 [info] > git status -z -uall [91ms]
2026-01-01 21:28:58.599 [info] > git config --get commit.template [65ms]
2026-01-01 21:28:58.615 [info] > git for-each-ref --format=%(refname)%00%(upstream:short)%00%(objectname)%00%(upstream:track)%00%(upstream:remotename)%00%(upstream:remoteref) --ignore-case refs/heads/main refs/remotes/main [74ms]
2026-01-01 21:28:58.675 [info] > git status -z -uall [57ms]
2026-01-01 21:28:58.676 [info] > git for-each-ref --sort -committerdate --format %(refname)%00%(objectname)%00%(*objectname) [55ms]
2026-01-01 21:29:03.753 [info] > git config --get commit.template [71ms]
2026-01-01 21:29:03.761 [info] > git for-each-ref --format=%(refname)%00%(upstream:short)%00%(objectname)%00%(upstream:track)%00%(upstream:remotename)%00%(upstream:remoteref) --ignore-case refs/heads/main refs/remotes/main [76ms]
2026-01-01 21:29:03.828 [info] > git status -z -uall [65ms]
2026-01-01 21:29:03.828 [info] > git for-each-ref --sort -committerdate --format %(refname)%00%(objectname)%00%(*objectname) [63ms]
2026-01-01 21:29:08.896 [info] > git config --get commit.template [53ms]
2026-01-01 21:29:08.899 [info] > git for-each-ref --format=%(refname)%00%(upstream:short)%00%(objectname)%00%(upstream:track)%00%(upstream:remotename)%00%(upstream:remoteref) --ignore-case refs/heads/main refs/remotes/main [54ms]
2026-01-01 21:29:08.950 [info] > git status -z -uall [50ms]
2026-01-01 21:29:08.951 [info] > git for-each-ref --sort -committerdate --format %(refname)%00%(objectname)%00%(*objectname) [48ms]
2026-01-01 21:31:17.686 [info] > git config --get commit.template [59ms]
2026-01-01 21:31:17.691 [info] > git for-each-ref --format=%(refname)%00%(upstream:short)%00%(objectname)%00%(upstream:track)%00%(upstream:remotename)%00%(upstream:remoteref) --ignore-case refs/heads/main refs/remotes/main [63ms]
2026-01-01 21:31:17.746 [info] > git for-each-ref --sort -committerdate --format %(refname)%00%(objectname)%00%(*objectname) [49ms]
2026-01-01 21:31:17.763 [info] > git status -z -uall [69ms]
2026-01-01 21:31:23.891 [info] > git config --get commit.template [61ms]
2026-01-01 21:31:23.896 [info] > git for-each-ref --format=%(refname)%00%(upstream:short)%00%(objectname)%00%(upstream:track)%00%(upstream:remotename)%00%(upstream:remoteref) --ignore-case refs/heads/main refs/remotes/main [62ms]
2026-01-01 21:31:24.011 [info] > git status -z -uall [112ms]
2026-01-01 21:31:24.011 [info] > git for-each-ref --sort -committerdate --format %(refname)%00%(objectname)%00%(*objectname) [109ms]
2026-01-01 21:31:56.364 [info] > git fetch [986ms]
2026-01-01 21:31:56.569 [info] > git config --get commit.template [195ms]
2026-01-01 21:31:56.577 [info] > git for-each-ref --format=%(refname)%00%(upstream:short)%00%(objectname)%00%(upstream:track)%00%(upstream:remotename)%00%(upstream:remoteref) --ignore-case refs/heads/main refs/remotes/main [197ms]
2026-01-01 21:31:56.639 [info] > git for-each-ref --sort -committerdate --format %(refname)%00%(objectname)%00%(*objectname) [58ms]
2026-01-01 21:31:56.649 [info] > git status -z -uall [71ms]
2026-01-01 21:32:01.924 [info] > git config --get commit.template [77ms]
2026-01-01 21:32:01.927 [info] > git for-each-ref --format=%(refname)%00%(upstream:short)%00%(objectname)%00%(upstream:track)%00%(upstream:remotename)%00%(upstream:remoteref) --ignore-case refs/heads/main refs/remotes/main [77ms]
2026-01-01 21:32:01.998 [info] > git for-each-ref --sort -committerdate --format %(refname)%00%(objectname)%00%(*objectname) [67ms]
2026-01-01 21:32:02.013 [info] > git status -z -uall [84ms]
2026-01-01 21:32:07.768 [info] > git config --get commit.template [62ms]
2026-01-01 21:32:07.771 [info] > git for-each-ref --format=%(refname)%00%(upstream:short)%00%(objectname)%00%(upstream:track)%00%(upstream:remotename)%00%(upstream:remoteref) --ignore-case refs/heads/main refs/remotes/main [60ms]
2026-01-01 21:32:07.833 [info] > git status -z -uall [59ms]
2026-01-01 21:32:07.838 [info] > git for-each-ref --sort -committerdate --format %(refname)%00%(objectname)%00%(*objectname) [61ms]
2026-01-01 21:32:47.201 [info] > git config --get commit.template [48ms]
2026-01-01 21:32:47.206 [info] > git for-each-ref --format=%(refname)%00%(upstream:short)%00%(objectname)%00%(upstream:track)%00%(upstream:remotename)%00%(upstream:remoteref) --ignore-case refs/heads/main refs/remotes/main [51ms]
2026-01-01 21:32:47.270 [info] > git for-each-ref --sort -committerdate --format %(refname)%00%(objectname)%00%(*objectname) [59ms]
2026-01-01 21:32:47.271 [info] > git status -z -uall [62ms]
2026-01-01 21:32:52.333 [info] > git config --get commit.template [56ms]
2026-01-01 21:32:52.339 [info] > git for-each-ref --format=%(refname)%00%(upstream:short)%00%(objectname)%00%(upstream:track)%00%(upstream:remotename)%00%(upstream:remoteref) --ignore-case refs/heads/main refs/remotes/main [59ms]
2026-01-01 21:32:52.411 [info] > git for-each-ref --sort -committerdate --format %(refname)%00%(objectname)%00%(*objectname) [68ms]
2026-01-01 21:32:52.419 [info] > git status -z -uall [78ms]
2026-01-02 08:31:25.258 [info] > git fetch [30299ms]
2026-01-02 08:31:25.516 [info] > git config --get commit.template [210ms]
2026-01-02 08:31:25.617 [info] > git for-each-ref --format=%(refname)%00%(upstream:short)%00%(objectname)%00%(upstream:track)%00%(upstream:remotename)%00%(upstream:remoteref) --ignore-case refs/heads/main refs/remotes/main [166ms]
2026-01-02 08:31:25.841 [info] > git status -z -uall [220ms]
2026-01-02 08:31:25.858 [info] > git for-each-ref --sort -committerdate --format %(refname)%00%(objectname)%00%(*objectname) [233ms]
2026-01-02 09:40:10.293 [info] > git fetch [856ms]
2026-01-02 09:40:10.992 [info] > git config --get commit.template [240ms]
2026-01-02 09:40:11.403 [info] > git for-each-ref --format=%(refname)%00%(upstream:short)%00%(objectname)%00%(upstream:track)%00%(upstream:remotename)%00%(upstream:remoteref) --ignore-case refs/heads/main refs/remotes/main [451ms]
2026-01-02 09:40:13.223 [info] > git for-each-ref --sort -committerdate --format %(refname)%00%(objectname)%00%(*objectname) [1756ms]
2026-01-02 09:40:13.240 [info] > git status -z -uall [1796ms]
2026-01-02 14:15:20.036 [info] > git fetch [1916ms]
2026-01-02 14:15:20.570 [info] > git config --get commit.template [185ms]
2026-01-02 14:15:20.573 [info] > git for-each-ref --format=%(refname)%00%(upstream:short)%00%(objectname)%00%(upstream:track)%00%(upstream:remotename)%00%(upstream:remoteref) --ignore-case refs/heads/main refs/remotes/main [157ms]
2026-01-02 14:15:20.728 [info] > git for-each-ref --sort -committerdate --format %(refname)%00%(objectname)%00%(*objectname) [112ms]
2026-01-02 14:15:20.742 [info] > git status -z -uall [140ms]
2026-01-02 14:15:47.885 [info] > git for-each-ref --format=%(refname)%00%(upstream:short)%00%(objectname)%00%(upstream:track)%00%(upstream:remotename)%00%(upstream:remoteref) --ignore-case refs/heads/main refs/remotes/main [72ms]
2026-01-02 14:15:47.922 [info] > git config --get commit.template [401ms]
2026-01-02 14:15:48.124 [info] > git for-each-ref --sort -committerdate --format %(refname)%00%(objectname)%00%(*objectname) [191ms]
2026-01-02 14:15:48.141 [info] > git status -z -uall [216ms]
2026-01-02 14:15:53.275 [info] > git for-each-ref --format=%(refname)%00%(upstream:short)%00%(objectname)%00%(upstream:track)%00%(upstream:remotename)%00%(upstream:remoteref) --ignore-case refs/heads/main refs/remotes/main [114ms]
2026-01-02 14:15:53.306 [info] > git config --get commit.template [154ms]
2026-01-02 14:15:53.513 [info] > git for-each-ref --sort -committerdate --format %(refname)%00%(objectname)%00%(*objectname) [199ms]
2026-01-02 14:15:53.688 [info] > git status -z -uall [379ms]
