2025-12-30 08:03:32.693 [info] [main] Log level: Info
2025-12-30 08:03:32.693 [info] [main] Validating found git in: "/usr/bin/git"
2025-12-30 08:03:32.693 [info] [main] Using git "2.39.5 (Apple Git-154)" from "/usr/bin/git"
2025-12-30 08:03:32.693 [info] [Model][doInitialScan] Initial repository scan started
2025-12-30 08:03:33.300 [info] > git rev-parse --show-toplevel [601ms]
2025-12-30 08:03:33.571 [info] > git rev-parse --git-dir --git-common-dir --show-superproject-working-tree [245ms]
2025-12-30 08:03:33.627 [info] [Model][openRepository] Opened repository (path): /Users/leifwsogge/Library/Mobile Documents/com~apple~CloudDocs/Space LEAF Corp.global.secure.net/Space-LEAF-Corp-air-and-sea-prototype
2025-12-30 08:03:33.627 [info] [Model][openRepository] Opened repository (real path): /Users/leifwsogge/Library/Mobile Documents/com~apple~CloudDocs/Space LEAF Corp.global.secure.net/Space-LEAF-Corp-air-and-sea-prototype
2025-12-30 08:03:33.627 [info] [Model][openRepository] Opened repository (kind): repository
2025-12-30 08:03:33.645 [info] [Model][doInitialScan] Initial repository scan completed - repositories (1), closed repositories (0), parent repositories (0), unsafe repositories (0)
2025-12-30 08:03:33.787 [info] [Git][getRemotes] No remotes found in the git config file
2025-12-30 08:03:35.423 [info] > git fetch [1801ms]
2025-12-30 08:03:35.427 [info] > git config --get commit.template [1769ms]
2025-12-30 08:03:48.117 [info] > git config --get commit.template [12597ms]
2025-12-30 08:03:48.119 [info] > git for-each-ref --format=%(refname)%00%(upstream:short)%00%(objectname)%00%(upstream:track)%00%(upstream:remotename)%00%(upstream:remoteref) --ignore-case refs/heads/main refs/remotes/main [14332ms]
2025-12-30 08:03:48.818 [info] [Git][getRemotes] No remotes found in the git config file
2025-12-30 08:03:49.270 [info] > git check-ignore -v -z --stdin [940ms]
2025-12-30 08:03:49.279 [info] > git config --get commit.template [617ms]
2025-12-30 08:03:49.279 [info] > git for-each-ref --format=%(refname)%00%(upstream:short)%00%(objectname)%00%(upstream:track)%00%(upstream:remotename)%00%(upstream:remoteref) --ignore-case refs/heads/main refs/remotes/main [1103ms]
2025-12-30 08:03:49.361 [info] [Git][getRemotes] No remotes found in the git config file
2025-12-30 08:03:49.372 [info] > git for-each-ref --format=%(refname)%00%(upstream:short)%00%(objectname)%00%(upstream:track)%00%(upstream:remotename)%00%(upstream:remoteref) --ignore-case refs/heads/main refs/remotes/main [554ms]
2025-12-30 08:03:49.607 [info] > git config --get --local branch.main.vscode-merge-base [321ms]
2025-12-30 08:03:49.607 [warning] [Git][config] git config failed: Failed to execute git
2025-12-30 08:03:49.611 [info] > git config --local -l [451ms]
2025-12-30 08:03:49.637 [info] > git for-each-ref --format=%(refname)%00%(upstream:short)%00%(objectname)%00%(upstream:track)%00%(upstream:remotename)%00%(upstream:remoteref) --ignore-case refs/heads/main refs/remotes/main [277ms]
2025-12-30 08:03:49.789 [info] > git status -z -uall [137ms]
2025-12-30 08:03:49.791 [info] > git reflog main --grep-reflog=branch: Created from *. [180ms]
2025-12-30 08:03:49.796 [info] > git config --get --local branch.main.remote [176ms]
2025-12-30 08:03:49.796 [warning] [Git][config] git config failed: Failed to execute git
2025-12-30 08:03:50.134 [info] > git config --get --local branch.main.merge [325ms]
2025-12-30 08:03:50.134 [warning] [Git][config] git config failed: Failed to execute git
2025-12-30 08:03:50.137 [info] > git for-each-ref --sort -committerdate --format %(refname)%00%(objectname)%00%(*objectname) [459ms]
2025-12-30 08:03:51.111 [info] > git config --get commit.template [69ms]
2025-12-30 08:03:51.148 [info] [Git][getRemotes] No remotes found in the git config file
2025-12-30 08:03:51.234 [info] > git for-each-ref --format=%(refname)%00%(upstream:short)%00%(objectname)%00%(upstream:track)%00%(upstream:remotename)%00%(upstream:remoteref) --ignore-case refs/heads/main refs/remotes/main [87ms]
2025-12-30 08:03:51.479 [info] > git status -z -uall [244ms]
2025-12-30 08:03:51.526 [info] > git for-each-ref --sort -committerdate --format %(refname)%00%(objectname)%00%(*objectname) [289ms]
2025-12-30 08:03:52.963 [info] [Git][getRemotes] No remotes found in the git config file
2025-12-30 08:03:53.029 [info] > git config --get commit.template [68ms]
2025-12-30 08:03:53.044 [info] > git for-each-ref --format=%(refname)%00%(upstream:short)%00%(objectname)%00%(upstream:track)%00%(upstream:remotename)%00%(upstream:remoteref) --ignore-case refs/heads/main refs/remotes/main [81ms]
2025-12-30 08:03:53.114 [info] > git for-each-ref --sort -committerdate --format %(refname)%00%(objectname)%00%(*objectname) [67ms]
2025-12-30 08:03:53.123 [info] > git status -z -uall [78ms]
2025-12-30 08:06:04.581 [info] [Git][getRemotes] No remotes found in the git config file
2025-12-30 08:06:04.635 [info] > git config --get commit.template [58ms]
2025-12-30 08:06:04.638 [info] > git for-each-ref --format=%(refname)%00%(upstream:short)%00%(objectname)%00%(upstream:track)%00%(upstream:remotename)%00%(upstream:remoteref) --ignore-case refs/heads/main refs/remotes/main [57ms]
2025-12-30 08:06:04.683 [info] > git for-each-ref --sort -committerdate --format %(refname)%00%(objectname)%00%(*objectname) [42ms]
2025-12-30 08:06:04.694 [info] > git status -z -uall [54ms]
2025-12-30 08:06:07.059 [info] > git check-ignore -v -z --stdin [72ms]
2025-12-30 08:06:07.108 [info] > git ls-files --stage -- license [65ms]
2025-12-30 08:06:07.119 [info] > git show --textconv :license [79ms]
2025-12-30 08:06:07.183 [info] > git hash-object -t tree /dev/null [72ms]
2025-12-30 08:06:07.183 [warning] [GitFileSystemProvider][stat] File not found - git:/Users/leifwsogge/Library/Mobile%20Documents/com~apple~CloudDocs/Space%20LEAF%20Corp.global.secure.net/Space-LEAF-Corp-air-and-sea-prototype/license.git?%7B%22path%22%3A%22%2FUsers%2Fleifwsogge%2FLibrary%2FMobile%20Documents%2Fcom~apple~CloudDocs%2FSpace%20LEAF%20Corp.global.secure.net%2FSpace-LEAF-Corp-air-and-sea-prototype%2Flicense%22%2C%22ref%22%3A%22%22%7D
2025-12-30 08:06:07.191 [info] > git hash-object -t tree /dev/null [70ms]
2025-12-30 08:06:07.191 [warning] [GitFileSystemProvider][readFile] File not found - git:/Users/leifwsogge/Library/Mobile%20Documents/com~apple~CloudDocs/Space%20LEAF%20Corp.global.secure.net/Space-LEAF-Corp-air-and-sea-prototype/license.git?%7B%22path%22%3A%22%2FUsers%2Fleifwsogge%2FLibrary%2FMobile%20Documents%2Fcom~apple~CloudDocs%2FSpace%20LEAF%20Corp.global.secure.net%2FSpace-LEAF-Corp-air-and-sea-prototype%2Flicense%22%2C%22ref%22%3A%22%22%7D
2025-12-30 08:06:09.710 [info] [Git][getRemotes] No remotes found in the git config file
2025-12-30 08:06:09.791 [info] > git config --get commit.template [86ms]
2025-12-30 08:06:09.799 [info] > git for-each-ref --format=%(refname)%00%(upstream:short)%00%(objectname)%00%(upstream:track)%00%(upstream:remotename)%00%(upstream:remoteref) --ignore-case refs/heads/main refs/remotes/main [90ms]
2025-12-30 08:06:09.895 [info] > git for-each-ref --sort -committerdate --format %(refname)%00%(objectname)%00%(*objectname) [90ms]
2025-12-30 08:06:09.897 [info] > git status -z -uall [96ms]
2025-12-30 08:06:16.319 [info] [Git][getRemotes] No remotes found in the git config file
2025-12-30 08:06:16.461 [info] > git config --get commit.template [151ms]
2025-12-30 08:06:16.472 [info] > git for-each-ref --format=%(refname)%00%(upstream:short)%00%(objectname)%00%(upstream:track)%00%(upstream:remotename)%00%(upstream:remoteref) --ignore-case refs/heads/main refs/remotes/main [148ms]
2025-12-30 08:06:16.579 [info] > git for-each-ref --sort -committerdate --format %(refname)%00%(objectname)%00%(*objectname) [99ms]
2025-12-30 08:06:16.583 [info] > git status -z -uall [106ms]
2025-12-30 08:06:21.592 [info] [Git][getRemotes] No remotes found in the git config file
2025-12-30 08:06:21.640 [info] > git config --get commit.template [49ms]
2025-12-30 08:06:21.644 [info] > git for-each-ref --format=%(refname)%00%(upstream:short)%00%(objectname)%00%(upstream:track)%00%(upstream:remotename)%00%(upstream:remoteref) --ignore-case refs/heads/main refs/remotes/main [50ms]
2025-12-30 08:06:21.861 [info] > git for-each-ref --sort -committerdate --format %(refname)%00%(objectname)%00%(*objectname) [214ms]
2025-12-30 08:06:21.864 [info] > git status -z -uall [219ms]
2025-12-30 08:06:26.875 [info] [Git][getRemotes] No remotes found in the git config file
2025-12-30 08:06:26.962 [info] > git config --get commit.template [88ms]
2025-12-30 08:06:27.013 [info] > git for-each-ref --format=%(refname)%00%(upstream:short)%00%(objectname)%00%(upstream:track)%00%(upstream:remotename)%00%(upstream:remoteref) --ignore-case refs/heads/main refs/remotes/main [135ms]
2025-12-30 08:06:27.089 [info] > git status -z -uall [74ms]
2025-12-30 08:06:27.093 [info] > git for-each-ref --sort -committerdate --format %(refname)%00%(objectname)%00%(*objectname) [75ms]
2025-12-30 08:06:32.109 [info] [Git][getRemotes] No remotes found in the git config file
2025-12-30 08:06:32.227 [info] > git config --get commit.template [121ms]
2025-12-30 08:06:32.232 [info] > git for-each-ref --format=%(refname)%00%(upstream:short)%00%(objectname)%00%(upstream:track)%00%(upstream:remotename)%00%(upstream:remoteref) --ignore-case refs/heads/main refs/remotes/main [123ms]
2025-12-30 08:06:32.343 [info] > git for-each-ref --sort -committerdate --format %(refname)%00%(objectname)%00%(*objectname) [106ms]
2025-12-30 08:06:32.345 [info] > git status -z -uall [112ms]
2025-12-30 08:06:39.582 [info] [Git][getRemotes] No remotes found in the git config file
2025-12-30 08:06:39.637 [info] > git config --get commit.template [57ms]
2025-12-30 08:06:39.646 [info] > git for-each-ref --format=%(refname)%00%(upstream:short)%00%(objectname)%00%(upstream:track)%00%(upstream:remotename)%00%(upstream:remoteref) --ignore-case refs/heads/main refs/remotes/main [64ms]
2025-12-30 08:06:39.689 [info] > git status -z -uall [41ms]
2025-12-30 08:06:39.689 [info] > git for-each-ref --sort -committerdate --format %(refname)%00%(objectname)%00%(*objectname) [40ms]
2025-12-30 08:06:44.703 [info] [Git][getRemotes] No remotes found in the git config file
2025-12-30 08:06:44.747 [info] > git config --get commit.template [46ms]
2025-12-30 08:06:44.751 [info] > git for-each-ref --format=%(refname)%00%(upstream:short)%00%(objectname)%00%(upstream:track)%00%(upstream:remotename)%00%(upstream:remoteref) --ignore-case refs/heads/main refs/remotes/main [48ms]
2025-12-30 08:06:44.797 [info] > git for-each-ref --sort -committerdate --format %(refname)%00%(objectname)%00%(*objectname) [42ms]
2025-12-30 08:06:44.798 [info] > git status -z -uall [45ms]
2025-12-30 08:06:49.452 [info] > git fetch [64ms]
2025-12-30 08:06:49.455 [info] [Git][getRemotes] No remotes found in the git config file
2025-12-30 08:06:49.494 [info] > git config --get commit.template [40ms]
2025-12-30 08:06:49.499 [info] > git for-each-ref --format=%(refname)%00%(upstream:short)%00%(objectname)%00%(upstream:track)%00%(upstream:remotename)%00%(upstream:remoteref) --ignore-case refs/heads/main refs/remotes/main [43ms]
2025-12-30 08:06:49.553 [info] > git for-each-ref --sort -committerdate --format %(refname)%00%(objectname)%00%(*objectname) [51ms]
2025-12-30 08:06:49.557 [info] > git status -z -uall [57ms]
2025-12-30 08:07:38.364 [info] [Git][getRemotes] No remotes found in the git config file
2025-12-30 08:07:38.414 [info] > git config --get commit.template [53ms]
2025-12-30 08:07:38.422 [info] > git for-each-ref --format=%(refname)%00%(upstream:short)%00%(objectname)%00%(upstream:track)%00%(upstream:remotename)%00%(upstream:remoteref) --ignore-case refs/heads/main refs/remotes/main [59ms]
2025-12-30 08:07:38.467 [info] > git for-each-ref --sort -committerdate --format %(refname)%00%(objectname)%00%(*objectname) [41ms]
2025-12-30 08:07:38.470 [info] > git status -z -uall [46ms]
2025-12-30 08:07:43.487 [info] [Git][getRemotes] No remotes found in the git config file
2025-12-30 08:07:43.525 [info] > git config --get commit.template [39ms]
2025-12-30 08:07:43.527 [info] > git for-each-ref --format=%(refname)%00%(upstream:short)%00%(objectname)%00%(upstream:track)%00%(upstream:remotename)%00%(upstream:remoteref) --ignore-case refs/heads/main refs/remotes/main [38ms]
2025-12-30 08:07:43.563 [info] > git for-each-ref --sort -committerdate --format %(refname)%00%(objectname)%00%(*objectname) [34ms]
2025-12-30 08:07:43.564 [info] > git status -z -uall [36ms]
2025-12-30 08:07:48.579 [info] [Git][getRemotes] No remotes found in the git config file
2025-12-30 08:07:48.673 [info] > git config --get commit.template [98ms]
2025-12-30 08:07:48.682 [info] > git for-each-ref --format=%(refname)%00%(upstream:short)%00%(objectname)%00%(upstream:track)%00%(upstream:remotename)%00%(upstream:remoteref) --ignore-case refs/heads/main refs/remotes/main [103ms]
2025-12-30 08:07:48.776 [info] > git for-each-ref --sort -committerdate --format %(refname)%00%(objectname)%00%(*objectname) [87ms]
2025-12-30 08:07:48.780 [info] > git status -z -uall [93ms]
2025-12-30 08:07:53.898 [info] [Git][getRemotes] No remotes found in the git config file
2025-12-30 08:07:53.990 [info] > git for-each-ref --format=%(refname)%00%(upstream:short)%00%(objectname)%00%(upstream:track)%00%(upstream:remotename)%00%(upstream:remoteref) --ignore-case refs/heads/main refs/remotes/main [101ms]
2025-12-30 08:07:53.994 [info] > git config --get commit.template [170ms]
2025-12-30 08:07:54.061 [info] > git for-each-ref --sort -committerdate --format %(refname)%00%(objectname)%00%(*objectname) [61ms]
2025-12-30 08:07:54.064 [info] > git status -z -uall [68ms]
2025-12-30 08:07:59.104 [info] [Git][getRemotes] No remotes found in the git config file
2025-12-30 08:07:59.175 [info] > git config --get commit.template [75ms]
2025-12-30 08:07:59.179 [info] > git for-each-ref --format=%(refname)%00%(upstream:short)%00%(objectname)%00%(upstream:track)%00%(upstream:remotename)%00%(upstream:remoteref) --ignore-case refs/heads/main refs/remotes/main [73ms]
2025-12-30 08:07:59.292 [info] > git for-each-ref --sort -committerdate --format %(refname)%00%(objectname)%00%(*objectname) [108ms]
2025-12-30 08:07:59.298 [info] > git status -z -uall [116ms]
2025-12-30 08:08:04.340 [info] [Git][getRemotes] No remotes found in the git config file
2025-12-30 08:08:04.425 [info] > git config --get commit.template [91ms]
2025-12-30 08:08:04.428 [info] > git for-each-ref --format=%(refname)%00%(upstream:short)%00%(objectname)%00%(upstream:track)%00%(upstream:remotename)%00%(upstream:remoteref) --ignore-case refs/heads/main refs/remotes/main [88ms]
2025-12-30 08:08:04.515 [info] > git status -z -uall [85ms]
2025-12-30 08:08:04.518 [info] > git for-each-ref --sort -committerdate --format %(refname)%00%(objectname)%00%(*objectname) [85ms]
2025-12-30 08:08:17.316 [info] [Git][getRemotes] No remotes found in the git config file
2025-12-30 08:08:17.361 [info] > git config --get commit.template [46ms]
2025-12-30 08:08:17.365 [info] > git for-each-ref --format=%(refname)%00%(upstream:short)%00%(objectname)%00%(upstream:track)%00%(upstream:remotename)%00%(upstream:remoteref) --ignore-case refs/heads/main refs/remotes/main [46ms]
2025-12-30 08:08:17.419 [info] > git status -z -uall [52ms]
2025-12-30 08:08:17.421 [info] > git for-each-ref --sort -committerdate --format %(refname)%00%(objectname)%00%(*objectname) [51ms]
2025-12-30 08:08:22.431 [info] [Git][getRemotes] No remotes found in the git config file
2025-12-30 08:08:22.634 [info] > git config --get commit.template [204ms]
2025-12-30 08:08:22.698 [info] > git for-each-ref --format=%(refname)%00%(upstream:short)%00%(objectname)%00%(upstream:track)%00%(upstream:remotename)%00%(upstream:remoteref) --ignore-case refs/heads/main refs/remotes/main [266ms]
2025-12-30 08:08:23.016 [info] > git for-each-ref --sort -committerdate --format %(refname)%00%(objectname)%00%(*objectname) [308ms]
2025-12-30 08:08:23.018 [info] > git status -z -uall [313ms]
2025-12-30 08:08:44.155 [info] > git check-ignore -v -z --stdin [125ms]
2025-12-30 08:08:44.406 [info] > git ls-files --stage -- README.md [87ms]
2025-12-30 08:08:44.407 [warning] [GitFileSystemProvider][stat] File not found - git:/Users/leifwsogge/Library/Mobile%20Documents/com~apple~CloudDocs/Space%20LEAF%20Corp.global.secure.net/Space-LEAF-Corp-air-and-sea-prototype/README.md.git?%7B%22path%22%3A%22%2FUsers%2Fleifwsogge%2FLibrary%2FMobile%20Documents%2Fcom~apple~CloudDocs%2FSpace%20LEAF%20Corp.global.secure.net%2FSpace-LEAF-Corp-air-and-sea-prototype%2FREADME.md%22%2C%22ref%22%3A%22%22%7D
2025-12-30 08:08:44.412 [info] > git show --textconv :README.md [97ms]
2025-12-30 08:08:44.413 [warning] [GitFileSystemProvider][readFile] File not found - git:/Users/leifwsogge/Library/Mobile%20Documents/com~apple~CloudDocs/Space%20LEAF%20Corp.global.secure.net/Space-LEAF-Corp-air-and-sea-prototype/README.md.git?%7B%22path%22%3A%22%2FUsers%2Fleifwsogge%2FLibrary%2FMobile%20Documents%2Fcom~apple~CloudDocs%2FSpace%20LEAF%20Corp.global.secure.net%2FSpace-LEAF-Corp-air-and-sea-prototype%2FREADME.md%22%2C%22ref%22%3A%22%22%7D
2025-12-30 08:08:44.447 [info] [Git][getRemotes] No remotes found in the git config file
2025-12-30 08:08:44.503 [info] > git config --get commit.template [59ms]
2025-12-30 08:08:44.551 [info] > git for-each-ref --format=%(refname)%00%(upstream:short)%00%(objectname)%00%(upstream:track)%00%(upstream:remotename)%00%(upstream:remoteref) --ignore-case refs/heads/main refs/remotes/main [102ms]
2025-12-30 08:08:44.665 [info] > git for-each-ref --sort -committerdate --format %(refname)%00%(objectname)%00%(*objectname) [109ms]
2025-12-30 08:08:44.671 [info] > git status -z -uall [118ms]
2025-12-30 08:08:51.171 [info] [Git][getRemotes] No remotes found in the git config file
2025-12-30 08:08:52.056 [info] > git for-each-ref --format=%(refname)%00%(upstream:short)%00%(objectname)%00%(upstream:track)%00%(upstream:remotename)%00%(upstream:remoteref) --ignore-case refs/heads/main refs/remotes/main [886ms]
2025-12-30 08:08:52.066 [info] > git config --get commit.template [1220ms]
2025-12-30 08:08:52.133 [info] > git status -z -uall [65ms]
2025-12-30 08:08:52.133 [info] > git for-each-ref --sort -committerdate --format %(refname)%00%(objectname)%00%(*objectname) [62ms]
2025-12-30 08:08:57.143 [info] [Git][getRemotes] No remotes found in the git config file
2025-12-30 08:08:57.199 [info] > git config --get commit.template [59ms]
2025-12-30 08:08:57.205 [info] > git for-each-ref --format=%(refname)%00%(upstream:short)%00%(objectname)%00%(upstream:track)%00%(upstream:remotename)%00%(upstream:remoteref) --ignore-case refs/heads/main refs/remotes/main [62ms]
2025-12-30 08:08:57.270 [info] > git for-each-ref --sort -committerdate --format %(refname)%00%(objectname)%00%(*objectname) [62ms]
2025-12-30 08:08:57.272 [info] > git status -z -uall [66ms]
2025-12-30 08:09:02.284 [info] [Git][getRemotes] No remotes found in the git config file
2025-12-30 08:09:02.348 [info] > git config --get commit.template [66ms]
2025-12-30 08:09:02.350 [info] > git for-each-ref --format=%(refname)%00%(upstream:short)%00%(objectname)%00%(upstream:track)%00%(upstream:remotename)%00%(upstream:remoteref) --ignore-case refs/heads/main refs/remotes/main [65ms]
2025-12-30 08:09:02.414 [info] > git for-each-ref --sort -committerdate --format %(refname)%00%(objectname)%00%(*objectname) [58ms]
2025-12-30 08:09:02.416 [info] > git status -z -uall [63ms]
2025-12-30 08:09:07.427 [info] [Git][getRemotes] No remotes found in the git config file
2025-12-30 08:09:07.462 [info] > git config --get commit.template [37ms]
2025-12-30 08:09:07.465 [info] > git for-each-ref --format=%(refname)%00%(upstream:short)%00%(objectname)%00%(upstream:track)%00%(upstream:remotename)%00%(upstream:remoteref) --ignore-case refs/heads/main refs/remotes/main [38ms]
2025-12-30 08:09:07.504 [info] > git for-each-ref --sort -committerdate --format %(refname)%00%(objectname)%00%(*objectname) [37ms]
2025-12-30 08:09:07.505 [info] > git status -z -uall [39ms]
2025-12-30 08:09:17.982 [info] [Git][getRemotes] No remotes found in the git config file
2025-12-30 08:09:18.982 [info] > git for-each-ref --format=%(refname)%00%(upstream:short)%00%(objectname)%00%(upstream:track)%00%(upstream:remotename)%00%(upstream:remoteref) --ignore-case refs/heads/main refs/remotes/main [1001ms]
2025-12-30 08:09:18.988 [info] > git config --get commit.template [1010ms]
2025-12-30 08:09:19.140 [info] > git status -z -uall [149ms]
2025-12-30 08:09:19.175 [info] > git for-each-ref --sort -committerdate --format %(refname)%00%(objectname)%00%(*objectname) [181ms]
2025-12-30 08:09:24.335 [info] > git check-ignore -v -z --stdin [77ms]
2025-12-30 08:09:37.875 [info] > git show --textconv :main.py [1536ms]
2025-12-30 08:09:37.876 [info] > git ls-files --stage -- main.py [1533ms]
2025-12-30 08:09:37.877 [warning] [GitFileSystemProvider][stat] File not found - git:/Users/leifwsogge/Library/Mobile%20Documents/com~apple~CloudDocs/Space%20LEAF%20Corp.global.secure.net/Space-LEAF-Corp-air-and-sea-prototype/main.py.git?%7B%22path%22%3A%22%2FUsers%2Fleifwsogge%2FLibrary%2FMobile%20Documents%2Fcom~apple~CloudDocs%2FSpace%20LEAF%20Corp.global.secure.net%2FSpace-LEAF-Corp-air-and-sea-prototype%2Fmain.py%22%2C%22ref%22%3A%22%22%7D
2025-12-30 08:09:37.877 [info] > git config --get commit.template [1562ms]
2025-12-30 08:09:38.010 [warning] [GitFileSystemProvider][readFile] File not found - git:/Users/leifwsogge/Library/Mobile%20Documents/com~apple~CloudDocs/Space%20LEAF%20Corp.global.secure.net/Space-LEAF-Corp-air-and-sea-prototype/main.py.git?%7B%22path%22%3A%22%2FUsers%2Fleifwsogge%2FLibrary%2FMobile%20Documents%2Fcom~apple~CloudDocs%2FSpace%20LEAF%20Corp.global.secure.net%2FSpace-LEAF-Corp-air-and-sea-prototype%2Fmain.py%22%2C%22ref%22%3A%22%22%7D
2025-12-30 08:09:38.031 [info] [Git][getRemotes] No remotes found in the git config file
2025-12-30 08:09:38.500 [info] > git for-each-ref --format=%(refname)%00%(upstream:short)%00%(objectname)%00%(upstream:track)%00%(upstream:remotename)%00%(upstream:remoteref) --ignore-case refs/heads/main refs/remotes/main [467ms]
2025-12-30 08:09:38.694 [info] > git for-each-ref --sort -committerdate --format %(refname)%00%(objectname)%00%(*objectname) [187ms]
2025-12-30 08:09:38.694 [info] > git blame --root --incremental 261b1b16f620a849cb14a1441d39491a8548acaa -- main.py [163ms]
2025-12-30 08:09:38.694 [info] fatal: no such path main.py in 261b1b16f620a849cb14a1441d39491a8548acaa
2025-12-30 08:09:38.712 [info] > git status -z -uall [209ms]
2025-12-30 08:09:43.726 [info] [Git][getRemotes] No remotes found in the git config file
2025-12-30 08:09:43.762 [info] > git config --get commit.template [37ms]
2025-12-30 08:09:43.765 [info] > git for-each-ref --format=%(refname)%00%(upstream:short)%00%(objectname)%00%(upstream:track)%00%(upstream:remotename)%00%(upstream:remoteref) --ignore-case refs/heads/main refs/remotes/main [36ms]
2025-12-30 08:09:43.815 [info] > git for-each-ref --sort -committerdate --format %(refname)%00%(objectname)%00%(*objectname) [48ms]
2025-12-30 08:09:43.818 [info] > git status -z -uall [52ms]
2025-12-30 08:09:52.665 [info] > git fetch [880ms]
2025-12-30 08:09:52.674 [info] [Git][getRemotes] No remotes found in the git config file
2025-12-30 08:09:52.846 [info] > git config --get commit.template [174ms]
2025-12-30 08:09:52.959 [info] > git for-each-ref --format=%(refname)%00%(upstream:short)%00%(objectname)%00%(upstream:track)%00%(upstream:remotename)%00%(upstream:remoteref) --ignore-case refs/heads/main refs/remotes/main [281ms]
2025-12-30 08:09:53.058 [info] > git status -z -uall [96ms]
2025-12-30 08:09:53.066 [info] > git for-each-ref --sort -committerdate --format %(refname)%00%(objectname)%00%(*objectname) [100ms]
2025-12-30 08:09:58.979 [info] > git show --textconv :ocean/clams_lab.py [92ms]
2025-12-30 08:09:58.980 [warning] [GitFileSystemProvider][readFile] File not found - git:/Users/leifwsogge/Library/Mobile%20Documents/com~apple~CloudDocs/Space%20LEAF%20Corp.global.secure.net/Space-LEAF-Corp-air-and-sea-prototype/ocean/clams_lab.py.git?%7B%22path%22%3A%22%2FUsers%2Fleifwsogge%2FLibrary%2FMobile%20Documents%2Fcom~apple~CloudDocs%2FSpace%20LEAF%20Corp.global.secure.net%2FSpace-LEAF-Corp-air-and-sea-prototype%2Focean%2Fclams_lab.py%22%2C%22ref%22%3A%22%22%7D
2025-12-30 08:09:58.982 [info] > git ls-files --stage -- ocean/clams_lab.py [92ms]
2025-12-30 08:09:58.983 [warning] [GitFileSystemProvider][stat] File not found - git:/Users/leifwsogge/Library/Mobile%20Documents/com~apple~CloudDocs/Space%20LEAF%20Corp.global.secure.net/Space-LEAF-Corp-air-and-sea-prototype/ocean/clams_lab.py.git?%7B%22path%22%3A%22%2FUsers%2Fleifwsogge%2FLibrary%2FMobile%20Documents%2Fcom~apple~CloudDocs%2FSpace%20LEAF%20Corp.global.secure.net%2FSpace-LEAF-Corp-air-and-sea-prototype%2Focean%2Fclams_lab.py%22%2C%22ref%22%3A%22%22%7D
2025-12-30 08:09:59.149 [info] > git check-ignore -v -z --stdin [121ms]
2025-12-30 08:09:59.568 [info] [Git][getRemotes] No remotes found in the git config file
2025-12-30 08:09:59.620 [info] > git for-each-ref --format=%(refname)%00%(upstream:short)%00%(objectname)%00%(upstream:track)%00%(upstream:remotename)%00%(upstream:remoteref) --ignore-case refs/heads/main refs/remotes/main [50ms]
2025-12-30 08:09:59.623 [info] > git config --get commit.template [56ms]
2025-12-30 08:09:59.684 [info] > git for-each-ref --sort -committerdate --format %(refname)%00%(objectname)%00%(*objectname) [56ms]
2025-12-30 08:09:59.689 [info] > git status -z -uall [64ms]
2025-12-30 08:10:06.225 [info] [Git][getRemotes] No remotes found in the git config file
2025-12-30 08:10:06.502 [info] > git config --get commit.template [342ms]
2025-12-30 08:10:06.522 [info] > git for-each-ref --format=%(refname)%00%(upstream:short)%00%(objectname)%00%(upstream:track)%00%(upstream:remotename)%00%(upstream:remoteref) --ignore-case refs/heads/main refs/remotes/main [297ms]
2025-12-30 08:10:06.783 [info] > git for-each-ref --sort -committerdate --format %(refname)%00%(objectname)%00%(*objectname) [254ms]
2025-12-30 08:10:06.812 [info] > git status -z -uall [286ms]
2025-12-30 08:10:11.821 [info] [Git][getRemotes] No remotes found in the git config file
2025-12-30 08:10:11.868 [info] > git config --get commit.template [49ms]
2025-12-30 08:10:11.874 [info] > git for-each-ref --format=%(refname)%00%(upstream:short)%00%(objectname)%00%(upstream:track)%00%(upstream:remotename)%00%(upstream:remoteref) --ignore-case refs/heads/main refs/remotes/main [53ms]
2025-12-30 08:10:11.933 [info] > git for-each-ref --sort -committerdate --format %(refname)%00%(objectname)%00%(*objectname) [57ms]
2025-12-30 08:10:11.934 [info] > git status -z -uall [59ms]
2025-12-30 08:10:20.160 [info] [Git][getRemotes] No remotes found in the git config file
2025-12-30 08:10:21.221 [info] > git config --get commit.template [1062ms]
2025-12-30 08:10:21.231 [info] > git for-each-ref --format=%(refname)%00%(upstream:short)%00%(objectname)%00%(upstream:track)%00%(upstream:remotename)%00%(upstream:remoteref) --ignore-case refs/heads/main refs/remotes/main [1068ms]
2025-12-30 08:10:21.379 [info] > git for-each-ref --sort -committerdate --format %(refname)%00%(objectname)%00%(*objectname) [143ms]
2025-12-30 08:10:21.448 [info] > git status -z -uall [215ms]
2025-12-30 08:10:26.436 [info] > git ls-files --stage -- atmosphere/nano_swarm.py [61ms]
2025-12-30 08:10:26.436 [warning] [GitFileSystemProvider][stat] File not found - git:/Users/leifwsogge/Library/Mobile%20Documents/com~apple~CloudDocs/Space%20LEAF%20Corp.global.secure.net/Space-LEAF-Corp-air-and-sea-prototype/atmosphere/nano_swarm.py.git?%7B%22path%22%3A%22%2FUsers%2Fleifwsogge%2FLibrary%2FMobile%20Documents%2Fcom~apple~CloudDocs%2FSpace%20LEAF%20Corp.global.secure.net%2FSpace-LEAF-Corp-air-and-sea-prototype%2Fatmosphere%2Fnano_swarm.py%22%2C%22ref%22%3A%22%22%7D
2025-12-30 08:10:26.443 [info] > git show --textconv :atmosphere/nano_swarm.py [72ms]
2025-12-30 08:10:26.443 [warning] [GitFileSystemProvider][readFile] File not found - git:/Users/leifwsogge/Library/Mobile%20Documents/com~apple~CloudDocs/Space%20LEAF%20Corp.global.secure.net/Space-LEAF-Corp-air-and-sea-prototype/atmosphere/nano_swarm.py.git?%7B%22path%22%3A%22%2FUsers%2Fleifwsogge%2FLibrary%2FMobile%20Documents%2Fcom~apple~CloudDocs%2FSpace%20LEAF%20Corp.global.secure.net%2FSpace-LEAF-Corp-air-and-sea-prototype%2Fatmosphere%2Fnano_swarm.py%22%2C%22ref%22%3A%22%22%7D
2025-12-30 08:10:26.464 [info] > git check-ignore -v -z --stdin [66ms]
2025-12-30 08:10:27.174 [info] [Git][getRemotes] No remotes found in the git config file
2025-12-30 08:10:27.228 [info] > git config --get commit.template [56ms]
2025-12-30 08:10:27.243 [info] > git for-each-ref --format=%(refname)%00%(upstream:short)%00%(objectname)%00%(upstream:track)%00%(upstream:remotename)%00%(upstream:remoteref) --ignore-case refs/heads/main refs/remotes/main [69ms]
2025-12-30 08:10:27.446 [info] > git for-each-ref --sort -committerdate --format %(refname)%00%(objectname)%00%(*objectname) [197ms]
2025-12-30 08:10:27.459 [info] > git status -z -uall [213ms]
2025-12-30 08:10:32.471 [info] [Git][getRemotes] No remotes found in the git config file
2025-12-30 08:10:32.656 [info] > git config --get commit.template [188ms]
2025-12-30 08:10:32.659 [info] > git for-each-ref --format=%(refname)%00%(upstream:short)%00%(objectname)%00%(upstream:track)%00%(upstream:remotename)%00%(upstream:remoteref) --ignore-case refs/heads/main refs/remotes/main [189ms]
2025-12-30 08:10:32.712 [info] > git status -z -uall [50ms]
2025-12-30 08:10:32.732 [info] > git for-each-ref --sort -committerdate --format %(refname)%00%(objectname)%00%(*objectname) [68ms]
2025-12-30 08:10:37.743 [info] [Git][getRemotes] No remotes found in the git config file
2025-12-30 08:10:37.792 [info] > git config --get commit.template [51ms]
2025-12-30 08:10:37.794 [info] > git for-each-ref --format=%(refname)%00%(upstream:short)%00%(objectname)%00%(upstream:track)%00%(upstream:remotename)%00%(upstream:remoteref) --ignore-case refs/heads/main refs/remotes/main [51ms]
2025-12-30 08:10:38.315 [info] > git for-each-ref --sort -committerdate --format %(refname)%00%(objectname)%00%(*objectname) [515ms]
2025-12-30 08:10:38.342 [info] > git status -z -uall [544ms]
2025-12-30 08:10:44.635 [info] [Git][getRemotes] No remotes found in the git config file
2025-12-30 08:10:45.067 [info] > git config --get commit.template [461ms]
2025-12-30 08:10:45.097 [info] > git for-each-ref --format=%(refname)%00%(upstream:short)%00%(objectname)%00%(upstream:track)%00%(upstream:remotename)%00%(upstream:remoteref) --ignore-case refs/heads/main refs/remotes/main [480ms]
2025-12-30 08:10:45.392 [info] > git status -z -uall [289ms]
2025-12-30 08:10:45.396 [info] > git for-each-ref --sort -committerdate --format %(refname)%00%(objectname)%00%(*objectname) [286ms]
2025-12-30 08:10:49.459 [info] > git check-ignore -v -z --stdin [67ms]
2025-12-30 08:10:50.234 [info] > git ls-files --stage -- relay/satellite_relay.py [110ms]
2025-12-30 08:10:50.234 [warning] [GitFileSystemProvider][stat] File not found - git:/Users/leifwsogge/Library/Mobile%20Documents/com~apple~CloudDocs/Space%20LEAF%20Corp.global.secure.net/Space-LEAF-Corp-air-and-sea-prototype/relay/satellite_relay.py.git?%7B%22path%22%3A%22%2FUsers%2Fleifwsogge%2FLibrary%2FMobile%20Documents%2Fcom~apple~CloudDocs%2FSpace%20LEAF%20Corp.global.secure.net%2FSpace-LEAF-Corp-air-and-sea-prototype%2Frelay%2Fsatellite_relay.py%22%2C%22ref%22%3A%22%22%7D
2025-12-30 08:10:50.237 [info] > git show --textconv :relay/satellite_relay.py [122ms]
2025-12-30 08:10:50.238 [warning] [GitFileSystemProvider][readFile] File not found - git:/Users/leifwsogge/Library/Mobile%20Documents/com~apple~CloudDocs/Space%20LEAF%20Corp.global.secure.net/Space-LEAF-Corp-air-and-sea-prototype/relay/satellite_relay.py.git?%7B%22path%22%3A%22%2FUsers%2Fleifwsogge%2FLibrary%2FMobile%20Documents%2Fcom~apple~CloudDocs%2FSpace%20LEAF%20Corp.global.secure.net%2FSpace-LEAF-Corp-air-and-sea-prototype%2Frelay%2Fsatellite_relay.py%22%2C%22ref%22%3A%22%22%7D
2025-12-30 08:10:50.407 [info] [Git][getRemotes] No remotes found in the git config file
2025-12-30 08:10:50.529 [info] > git config --get commit.template [123ms]
2025-12-30 08:10:50.535 [info] > git for-each-ref --format=%(refname)%00%(upstream:short)%00%(objectname)%00%(upstream:track)%00%(upstream:remotename)%00%(upstream:remoteref) --ignore-case refs/heads/main refs/remotes/main [124ms]
2025-12-30 08:10:50.614 [info] > git for-each-ref --sort -committerdate --format %(refname)%00%(objectname)%00%(*objectname) [72ms]
2025-12-30 08:10:50.614 [info] > git status -z -uall [76ms]
2025-12-30 08:10:56.717 [info] [Git][getRemotes] No remotes found in the git config file
2025-12-30 08:10:58.010 [info] > git config --get commit.template [1311ms]
2025-12-30 08:10:58.017 [info] > git for-each-ref --format=%(refname)%00%(upstream:short)%00%(objectname)%00%(upstream:track)%00%(upstream:remotename)%00%(upstream:remoteref) --ignore-case refs/heads/main refs/remotes/main [1301ms]
2025-12-30 08:10:58.201 [info] > git for-each-ref --sort -committerdate --format %(refname)%00%(objectname)%00%(*objectname) [178ms]
2025-12-30 08:10:58.265 [info] > git status -z -uall [246ms]
2025-12-30 08:11:03.279 [info] [Git][getRemotes] No remotes found in the git config file
2025-12-30 08:11:03.380 [info] > git config --get commit.template [103ms]
2025-12-30 08:11:03.383 [info] > git for-each-ref --format=%(refname)%00%(upstream:short)%00%(objectname)%00%(upstream:track)%00%(upstream:remotename)%00%(upstream:remoteref) --ignore-case refs/heads/main refs/remotes/main [104ms]
2025-12-30 08:11:03.460 [info] > git for-each-ref --sort -committerdate --format %(refname)%00%(objectname)%00%(*objectname) [71ms]
2025-12-30 08:11:03.482 [info] > git status -z -uall [97ms]
2025-12-30 08:11:13.875 [info] [Git][getRemotes] No remotes found in the git config file
2025-12-30 08:11:14.053 [info] > git config --get commit.template [309ms]
2025-12-30 08:11:14.089 [info] > git for-each-ref --format=%(refname)%00%(upstream:short)%00%(objectname)%00%(upstream:track)%00%(upstream:remotename)%00%(upstream:remoteref) --ignore-case refs/heads/main refs/remotes/main [215ms]
2025-12-30 08:11:14.210 [info] > git for-each-ref --sort -committerdate --format %(refname)%00%(objectname)%00%(*objectname) [115ms]
2025-12-30 08:11:14.211 [info] > git status -z -uall [119ms]
2025-12-30 08:11:19.760 [info] > git show --textconv :ocean/crystal_encoder.py [87ms]
2025-12-30 08:11:19.765 [warning] [GitFileSystemProvider][readFile] File not found - git:/Users/leifwsogge/Library/Mobile%20Documents/com~apple~CloudDocs/Space%20LEAF%20Corp.global.secure.net/Space-LEAF-Corp-air-and-sea-prototype/ocean/crystal_encoder.py.git?%7B%22path%22%3A%22%2FUsers%2Fleifwsogge%2FLibrary%2FMobile%20Documents%2Fcom~apple~CloudDocs%2FSpace%20LEAF%20Corp.global.secure.net%2FSpace-LEAF-Corp-air-and-sea-prototype%2Focean%2Fcrystal_encoder.py%22%2C%22ref%22%3A%22%22%7D
2025-12-30 08:11:19.778 [info] > git ls-files --stage -- ocean/crystal_encoder.py [101ms]
2025-12-30 08:11:19.780 [warning] [GitFileSystemProvider][stat] File not found - git:/Users/leifwsogge/Library/Mobile%20Documents/com~apple~CloudDocs/Space%20LEAF%20Corp.global.secure.net/Space-LEAF-Corp-air-and-sea-prototype/ocean/crystal_encoder.py.git?%7B%22path%22%3A%22%2FUsers%2Fleifwsogge%2FLibrary%2FMobile%20Documents%2Fcom~apple~CloudDocs%2FSpace%20LEAF%20Corp.global.secure.net%2FSpace-LEAF-Corp-air-and-sea-prototype%2Focean%2Fcrystal_encoder.py%22%2C%22ref%22%3A%22%22%7D
2025-12-30 08:11:19.871 [info] > git check-ignore -v -z --stdin [65ms]
2025-12-30 08:11:20.395 [info] [Git][getRemotes] No remotes found in the git config file
2025-12-30 08:11:20.709 [info] > git config --get commit.template [316ms]
2025-12-30 08:11:21.232 [info] > git for-each-ref --format=%(refname)%00%(upstream:short)%00%(objectname)%00%(upstream:track)%00%(upstream:remotename)%00%(upstream:remoteref) --ignore-case refs/heads/main refs/remotes/main [834ms]
2025-12-30 08:11:22.028 [info] > git for-each-ref --sort -committerdate --format %(refname)%00%(objectname)%00%(*objectname) [784ms]
2025-12-30 08:11:22.252 [info] > git status -z -uall [1012ms]
2025-12-30 08:11:29.244 [info] [Git][getRemotes] No remotes found in the git config file
2025-12-30 08:11:29.326 [info] > git config --get commit.template [82ms]
2025-12-30 08:11:29.328 [info] > git for-each-ref --format=%(refname)%00%(upstream:short)%00%(objectname)%00%(upstream:track)%00%(upstream:remotename)%00%(upstream:remoteref) --ignore-case refs/heads/main refs/remotes/main [81ms]
2025-12-30 08:11:29.376 [info] > git for-each-ref --sort -committerdate --format %(refname)%00%(objectname)%00%(*objectname) [45ms]
2025-12-30 08:11:29.378 [info] > git status -z -uall [49ms]
2025-12-30 08:11:34.391 [info] [Git][getRemotes] No remotes found in the git config file
2025-12-30 08:11:34.426 [info] > git config --get commit.template [37ms]
2025-12-30 08:11:34.428 [info] > git for-each-ref --format=%(refname)%00%(upstream:short)%00%(objectname)%00%(upstream:track)%00%(upstream:remotename)%00%(upstream:remoteref) --ignore-case refs/heads/main refs/remotes/main [37ms]
2025-12-30 08:11:34.464 [info] > git for-each-ref --sort -committerdate --format %(refname)%00%(objectname)%00%(*objectname) [33ms]
2025-12-30 08:11:34.466 [info] > git status -z -uall [36ms]
2025-12-30 08:11:57.948 [info] > git check-ignore -v -z --stdin [54ms]
2025-12-30 08:11:58.077 [info] > git ls-files --stage -- interface/dashboard.py [57ms]
2025-12-30 08:11:58.078 [warning] [GitFileSystemProvider][stat] File not found - git:/Users/leifwsogge/Library/Mobile%20Documents/com~apple~CloudDocs/Space%20LEAF%20Corp.global.secure.net/Space-LEAF-Corp-air-and-sea-prototype/interface/dashboard.py.git?%7B%22path%22%3A%22%2FUsers%2Fleifwsogge%2FLibrary%2FMobile%20Documents%2Fcom~apple~CloudDocs%2FSpace%20LEAF%20Corp.global.secure.net%2FSpace-LEAF-Corp-air-and-sea-prototype%2Finterface%2Fdashboard.py%22%2C%22ref%22%3A%22%22%7D
2025-12-30 08:11:58.093 [info] > git show --textconv :interface/dashboard.py [77ms]
2025-12-30 08:11:58.094 [warning] [GitFileSystemProvider][readFile] File not found - git:/Users/leifwsogge/Library/Mobile%20Documents/com~apple~CloudDocs/Space%20LEAF%20Corp.global.secure.net/Space-LEAF-Corp-air-and-sea-prototype/interface/dashboard.py.git?%7B%22path%22%3A%22%2FUsers%2Fleifwsogge%2FLibrary%2FMobile%20Documents%2Fcom~apple~CloudDocs%2FSpace%20LEAF%20Corp.global.secure.net%2FSpace-LEAF-Corp-air-and-sea-prototype%2Finterface%2Fdashboard.py%22%2C%22ref%22%3A%22%22%7D
2025-12-30 08:11:58.481 [info] [Git][getRemotes] No remotes found in the git config file
2025-12-30 08:11:58.615 [info] > git config --get commit.template [138ms]
2025-12-30 08:11:58.733 [info] > git for-each-ref --format=%(refname)%00%(upstream:short)%00%(objectname)%00%(upstream:track)%00%(upstream:remotename)%00%(upstream:remoteref) --ignore-case refs/heads/main refs/remotes/main [249ms]
2025-12-30 08:11:59.329 [info] > git for-each-ref --sort -committerdate --format %(refname)%00%(objectname)%00%(*objectname) [590ms]
2025-12-30 08:12:00.028 [info] > git status -z -uall [1293ms]
2025-12-30 08:12:05.047 [info] [Git][getRemotes] No remotes found in the git config file
2025-12-30 08:12:05.111 [info] > git config --get commit.template [68ms]
2025-12-30 08:12:05.119 [info] > git for-each-ref --format=%(refname)%00%(upstream:short)%00%(objectname)%00%(upstream:track)%00%(upstream:remotename)%00%(upstream:remoteref) --ignore-case refs/heads/main refs/remotes/main [72ms]
2025-12-30 08:12:05.289 [info] > git status -z -uall [169ms]
2025-12-30 08:12:05.290 [info] > git for-each-ref --sort -committerdate --format %(refname)%00%(objectname)%00%(*objectname) [167ms]
2025-12-30 08:12:10.313 [info] [Git][getRemotes] No remotes found in the git config file
2025-12-30 08:12:10.386 [info] > git config --get commit.template [83ms]
2025-12-30 08:12:10.399 [info] > git for-each-ref --format=%(refname)%00%(upstream:short)%00%(objectname)%00%(upstream:track)%00%(upstream:remotename)%00%(upstream:remoteref) --ignore-case refs/heads/main refs/remotes/main [86ms]
2025-12-30 08:12:10.537 [info] > git status -z -uall [136ms]
2025-12-30 08:12:10.538 [info] > git for-each-ref --sort -committerdate --format %(refname)%00%(objectname)%00%(*objectname) [134ms]
2025-12-30 08:12:21.239 [info] [Git][getRemotes] No remotes found in the git config file
2025-12-30 08:12:21.934 [info] > git config --get commit.template [698ms]
2025-12-30 08:12:22.086 [info] > git for-each-ref --format=%(refname)%00%(upstream:short)%00%(objectname)%00%(upstream:track)%00%(upstream:remotename)%00%(upstream:remoteref) --ignore-case refs/heads/main refs/remotes/main [847ms]
2025-12-30 08:12:22.257 [info] > git for-each-ref --sort -committerdate --format %(refname)%00%(objectname)%00%(*objectname) [164ms]
2025-12-30 08:12:22.264 [info] > git status -z -uall [175ms]
2025-12-30 08:12:48.404 [info] [Git][getRemotes] No remotes found in the git config file
2025-12-30 08:12:48.478 [info] > git config --get commit.template [77ms]
2025-12-30 08:12:48.486 [info] > git for-each-ref --format=%(refname)%00%(upstream:short)%00%(objectname)%00%(upstream:track)%00%(upstream:remotename)%00%(upstream:remoteref) --ignore-case refs/heads/main refs/remotes/main [82ms]
2025-12-30 08:12:48.569 [info] > git for-each-ref --sort -committerdate --format %(refname)%00%(objectname)%00%(*objectname) [77ms]
2025-12-30 08:12:48.581 [info] > git status -z -uall [93ms]
2025-12-30 08:12:53.158 [info] > git fetch [76ms]
2025-12-30 08:12:53.164 [info] [Git][getRemotes] No remotes found in the git config file
2025-12-30 08:12:53.217 [info] > git config --get commit.template [56ms]
2025-12-30 08:12:53.225 [info] > git for-each-ref --format=%(refname)%00%(upstream:short)%00%(objectname)%00%(upstream:track)%00%(upstream:remotename)%00%(upstream:remoteref) --ignore-case refs/heads/main refs/remotes/main [60ms]
2025-12-30 08:12:53.278 [info] > git for-each-ref --sort -committerdate --format %(refname)%00%(objectname)%00%(*objectname) [50ms]
2025-12-30 08:12:53.280 [info] > git status -z -uall [54ms]
2025-12-30 08:12:53.593 [info] [Git][getRemotes] No remotes found in the git config file
2025-12-30 08:12:53.640 [info] > git config --get commit.template [48ms]
2025-12-30 08:12:53.643 [info] > git for-each-ref --format=%(refname)%00%(upstream:short)%00%(objectname)%00%(upstream:track)%00%(upstream:remotename)%00%(upstream:remoteref) --ignore-case refs/heads/main refs/remotes/main [48ms]
2025-12-30 08:12:53.690 [info] > git status -z -uall [46ms]
2025-12-30 08:12:53.690 [info] > git for-each-ref --sort -committerdate --format %(refname)%00%(objectname)%00%(*objectname) [44ms]
2025-12-30 08:12:58.712 [info] [Git][getRemotes] No remotes found in the git config file
2025-12-30 08:12:58.776 [info] > git config --get commit.template [73ms]
2025-12-30 08:12:58.780 [info] > git for-each-ref --format=%(refname)%00%(upstream:short)%00%(objectname)%00%(upstream:track)%00%(upstream:remotename)%00%(upstream:remoteref) --ignore-case refs/heads/main refs/remotes/main [68ms]
2025-12-30 08:12:58.823 [info] > git for-each-ref --sort -committerdate --format %(refname)%00%(objectname)%00%(*objectname) [40ms]
2025-12-30 08:12:58.826 [info] > git status -z -uall [45ms]
2025-12-30 08:13:03.837 [info] [Git][getRemotes] No remotes found in the git config file
2025-12-30 08:13:03.904 [info] > git config --get commit.template [70ms]
2025-12-30 08:13:03.908 [info] > git for-each-ref --format=%(refname)%00%(upstream:short)%00%(objectname)%00%(upstream:track)%00%(upstream:remotename)%00%(upstream:remoteref) --ignore-case refs/heads/main refs/remotes/main [72ms]
2025-12-30 08:13:03.965 [info] > git for-each-ref --sort -committerdate --format %(refname)%00%(objectname)%00%(*objectname) [52ms]
2025-12-30 08:13:03.969 [info] > git status -z -uall [59ms]
2025-12-30 08:13:11.473 [info] [Git][getRemotes] No remotes found in the git config file
2025-12-30 08:13:11.530 [info] > git config --get commit.template [58ms]
2025-12-30 08:13:11.533 [info] > git for-each-ref --format=%(refname)%00%(upstream:short)%00%(objectname)%00%(upstream:track)%00%(upstream:remotename)%00%(upstream:remoteref) --ignore-case refs/heads/main refs/remotes/main [59ms]
2025-12-30 08:13:11.618 [info] > git status -z -uall [84ms]
2025-12-30 08:13:11.619 [info] > git for-each-ref --sort -committerdate --format %(refname)%00%(objectname)%00%(*objectname) [82ms]
2025-12-30 08:13:16.629 [info] [Git][getRemotes] No remotes found in the git config file
2025-12-30 08:13:16.679 [info] > git config --get commit.template [49ms]
2025-12-30 08:13:16.682 [info] > git for-each-ref --format=%(refname)%00%(upstream:short)%00%(objectname)%00%(upstream:track)%00%(upstream:remotename)%00%(upstream:remoteref) --ignore-case refs/heads/main refs/remotes/main [51ms]
2025-12-30 08:13:16.735 [info] > git for-each-ref --sort -committerdate --format %(refname)%00%(objectname)%00%(*objectname) [50ms]
2025-12-30 08:13:16.736 [info] > git status -z -uall [53ms]
2025-12-30 08:13:21.754 [info] [Git][getRemotes] No remotes found in the git config file
2025-12-30 08:13:21.824 [info] > git config --get commit.template [75ms]
2025-12-30 08:13:21.834 [info] > git for-each-ref --format=%(refname)%00%(upstream:short)%00%(objectname)%00%(upstream:track)%00%(upstream:remotename)%00%(upstream:remoteref) --ignore-case refs/heads/main refs/remotes/main [80ms]
2025-12-30 08:13:21.922 [info] > git for-each-ref --sort -committerdate --format %(refname)%00%(objectname)%00%(*objectname) [82ms]
2025-12-30 08:13:21.924 [info] > git status -z -uall [87ms]
2025-12-30 08:13:26.931 [info] [Git][getRemotes] No remotes found in the git config file
2025-12-30 08:13:26.981 [info] > git config --get commit.template [52ms]
2025-12-30 08:13:26.984 [info] > git for-each-ref --format=%(refname)%00%(upstream:short)%00%(objectname)%00%(upstream:track)%00%(upstream:remotename)%00%(upstream:remoteref) --ignore-case refs/heads/main refs/remotes/main [53ms]
2025-12-30 08:13:27.043 [info] > git for-each-ref --sort -committerdate --format %(refname)%00%(objectname)%00%(*objectname) [56ms]
2025-12-30 08:13:27.045 [info] > git status -z -uall [59ms]
2025-12-30 08:13:46.082 [info] [Git][getRemotes] No remotes found in the git config file
2025-12-30 08:13:46.140 [info] > git config --get commit.template [60ms]
2025-12-30 08:13:46.147 [info] > git for-each-ref --format=%(refname)%00%(upstream:short)%00%(objectname)%00%(upstream:track)%00%(upstream:remotename)%00%(upstream:remoteref) --ignore-case refs/heads/main refs/remotes/main [65ms]
2025-12-30 08:13:46.202 [info] > git for-each-ref --sort -committerdate --format %(refname)%00%(objectname)%00%(*objectname) [50ms]
2025-12-30 08:13:46.206 [info] > git status -z -uall [57ms]
2025-12-30 08:13:51.221 [info] [Git][getRemotes] No remotes found in the git config file
2025-12-30 08:13:51.267 [info] > git config --get commit.template [47ms]
2025-12-30 08:13:51.270 [info] > git for-each-ref --format=%(refname)%00%(upstream:short)%00%(objectname)%00%(upstream:track)%00%(upstream:remotename)%00%(upstream:remoteref) --ignore-case refs/heads/main refs/remotes/main [46ms]
2025-12-30 08:13:51.309 [info] > git for-each-ref --sort -committerdate --format %(refname)%00%(objectname)%00%(*objectname) [37ms]
2025-12-30 08:13:51.311 [info] > git status -z -uall [40ms]
2025-12-30 08:44:44.238 [info] > git config --get commit.template [165ms]
2025-12-30 08:44:44.500 [info] > git for-each-ref --format=%(refname)%00%(upstream:short)%00%(objectname)%00%(upstream:track)%00%(upstream:remotename)%00%(upstream:remoteref) --ignore-case refs/heads/main refs/remotes/main [325ms]
2025-12-30 08:44:44.746 [info] > git for-each-ref --sort -committerdate --format %(refname)%00%(objectname)%00%(*objectname) [223ms]
2025-12-30 08:44:44.968 [info] > git status -z -uall [450ms]
2025-12-30 08:44:45.219 [info] > git merge-base refs/heads/main refs/remotes/origin/main [189ms]
2025-12-30 08:44:45.424 [info] > git diff --name-status -z --diff-filter=ADMR --find-renames=50% fb38ed326c727c1f8c3edb796b7e06f5f0d01551...refs/remotes/origin/main -- [178ms]
2025-12-30 08:44:45.530 [info] > git fetch [2082ms]
2025-12-30 08:44:45.530 [info] From https://github.com/GuardianNinja/Space-LEAF-Corp-air-and-sea-prototype
   fb38ed3..ed5fe68  main       -> origin/main
2025-12-30 08:44:45.689 [info] > git config --get commit.template [98ms]
2025-12-30 08:44:45.813 [info] > git for-each-ref --format=%(refname)%00%(upstream:short)%00%(objectname)%00%(upstream:track)%00%(upstream:remotename)%00%(upstream:remoteref) --ignore-case refs/heads/main refs/remotes/main [220ms]
2025-12-30 08:44:45.887 [info] > git status -z -uall [68ms]
2025-12-30 08:44:45.969 [info] > git for-each-ref --sort -committerdate --format %(refname)%00%(objectname)%00%(*objectname) [146ms]
2025-12-30 08:44:46.062 [info] > git merge-base refs/heads/main refs/remotes/origin/main [76ms]
2025-12-30 08:44:46.376 [info] > git diff --name-status -z --diff-filter=ADMR --find-renames=50% fb38ed326c727c1f8c3edb796b7e06f5f0d01551...refs/remotes/origin/main -- [310ms]
2025-12-30 08:44:47.909 [info] > git config --local -l [633ms]
2025-12-30 08:44:53.496 [info] > git ls-files --stage -- license [4055ms]
2025-12-30 08:44:54.464 [info] > git show --textconv :license [5030ms]
2025-12-30 08:44:54.509 [info] > git for-each-ref --format=%(refname)%00%(upstream:short)%00%(objectname)%00%(upstream:track)%00%(upstream:remotename)%00%(upstream:remoteref) --ignore-case refs/heads/main refs/remotes/main [2790ms]
2025-12-30 08:44:56.424 [info] > git config --get commit.template [5274ms]
2025-12-30 08:44:59.009 [info] > git cat-file -s 7fd36d73f3c439165fd0dfd36caeb84e4eaa27c2 [5510ms]
2025-12-30 08:44:59.180 [info] > git ls-files --stage -- license [88ms]
2025-12-30 08:44:59.364 [info] > git config --local -l [4111ms]
2025-12-30 08:44:59.600 [info] > git status -z -uall [3173ms]
2025-12-30 08:44:59.626 [info] > git for-each-ref --sort -committerdate --format %(refname)%00%(objectname)%00%(*objectname) [3059ms]
2025-12-30 08:45:00.212 [info] > git cat-file -s 7fd36d73f3c439165fd0dfd36caeb84e4eaa27c2 [1029ms]
2025-12-30 08:45:00.249 [info] > git blame --root --incremental fb38ed326c727c1f8c3edb796b7e06f5f0d01551 -- license [924ms]
2025-12-30 08:45:39.010 [info] > git ls-files --stage -- license [2175ms]
2025-12-30 08:45:39.269 [info] > git config --get commit.template [1513ms]
2025-12-30 08:45:39.282 [info] > git for-each-ref --format=%(refname)%00%(upstream:short)%00%(objectname)%00%(upstream:track)%00%(upstream:remotename)%00%(upstream:remoteref) --ignore-case refs/heads/main refs/remotes/main [1445ms]
2025-12-30 08:45:39.330 [info] > git cat-file -s 7fd36d73f3c439165fd0dfd36caeb84e4eaa27c2 [306ms]
2025-12-30 08:45:39.373 [info] > git for-each-ref --sort -committerdate --format %(refname)%00%(objectname)%00%(*objectname) [81ms]
2025-12-30 08:45:39.377 [info] > git status -z -uall [87ms]
2025-12-30 08:45:39.623 [info] > git show --textconv :license [135ms]
2025-12-30 08:46:02.776 [info] > git ls-files --stage -- license [70ms]
2025-12-30 08:46:02.908 [info] > git config --get commit.template [85ms]
2025-12-30 08:46:02.908 [info] > git cat-file -s 7fd36d73f3c439165fd0dfd36caeb84e4eaa27c2 [129ms]
2025-12-30 08:46:02.929 [info] > git for-each-ref --format=%(refname)%00%(upstream:short)%00%(objectname)%00%(upstream:track)%00%(upstream:remotename)%00%(upstream:remoteref) --ignore-case refs/heads/main refs/remotes/main [103ms]
2025-12-30 08:46:03.023 [info] > git status -z -uall [87ms]
2025-12-30 08:46:03.057 [info] > git for-each-ref --sort -committerdate --format %(refname)%00%(objectname)%00%(*objectname) [118ms]
2025-12-30 08:46:03.105 [info] > git show --textconv :license [190ms]
2025-12-30 08:49:45.916 [info] > git fetch [1506ms]
2025-12-30 08:49:46.045 [info] > git for-each-ref --format=%(refname)%00%(upstream:short)%00%(objectname)%00%(upstream:track)%00%(upstream:remotename)%00%(upstream:remoteref) --ignore-case refs/heads/main refs/remotes/main [98ms]
2025-12-30 08:49:46.051 [info] > git config --get commit.template [112ms]
2025-12-30 08:49:46.153 [info] > git for-each-ref --sort -committerdate --format %(refname)%00%(objectname)%00%(*objectname) [97ms]
2025-12-30 08:49:46.192 [info] > git status -z -uall [139ms]
2025-12-30 08:49:54.629 [info] > git ls-files --stage -- license [1362ms]
2025-12-30 08:49:54.711 [info] > git cat-file -s 7fd36d73f3c439165fd0dfd36caeb84e4eaa27c2 [79ms]
2025-12-30 08:49:54.943 [info] > git show --textconv :license [225ms]
2025-12-31 06:45:20.953 [info] > git config --get commit.template [1610ms]
2025-12-31 06:45:22.273 [info] > git for-each-ref --format=%(refname)%00%(upstream:short)%00%(objectname)%00%(upstream:track)%00%(upstream:remotename)%00%(upstream:remoteref) --ignore-case refs/heads/main refs/remotes/main [1981ms]
2025-12-31 06:45:22.461 [info] > git for-each-ref --sort -committerdate --format %(refname)%00%(objectname)%00%(*objectname) [147ms]
2025-12-31 06:45:52.573 [info] > git ls-files --stage -- license [32987ms]
2025-12-31 06:45:55.296 [info] > git cat-file -s 7fd36d73f3c439165fd0dfd36caeb84e4eaa27c2 [2715ms]
2025-12-31 06:45:56.857 [info] > git show --textconv :license [1536ms]
2025-12-31 06:45:56.906 [info] > git fetch [37783ms]
2025-12-31 06:45:56.935 [info] > git status -z -uall [34631ms] (cancelled)
2025-12-31 06:45:57.141 [info] > git config --get commit.template [208ms]
2025-12-31 06:45:57.142 [info] > git for-each-ref --format=%(refname)%00%(upstream:short)%00%(objectname)%00%(upstream:track)%00%(upstream:remotename)%00%(upstream:remoteref) --ignore-case refs/heads/main refs/remotes/main [199ms]
2025-12-31 06:45:57.186 [info] > git for-each-ref --sort -committerdate --format %(refname)%00%(objectname)%00%(*objectname) [37ms]
2025-12-31 06:46:01.905 [info] > git status -z -uall [4759ms]
2025-12-31 07:24:38.332 [info] > git config --get commit.template [307ms]
2025-12-31 07:24:38.486 [info] > git ls-files --stage -- license [170ms]
2025-12-31 07:24:38.516 [info] > git for-each-ref --format=%(refname)%00%(upstream:short)%00%(objectname)%00%(upstream:track)%00%(upstream:remotename)%00%(upstream:remoteref) --ignore-case refs/heads/main refs/remotes/main [95ms]
2025-12-31 07:24:38.557 [info] > git cat-file -s 7fd36d73f3c439165fd0dfd36caeb84e4eaa27c2 [67ms]
2025-12-31 07:24:38.696 [info] > git for-each-ref --sort -committerdate --format %(refname)%00%(objectname)%00%(*objectname) [156ms]
2025-12-31 07:24:38.797 [info] > git show --textconv :license [218ms]
2025-12-31 07:24:38.983 [info] > git fetch [1084ms]
2025-12-31 07:24:39.043 [info] > git status -z -uall [518ms] (cancelled)
2025-12-31 07:24:39.280 [info] > git config --get commit.template [240ms]
2025-12-31 07:24:39.293 [info] > git for-each-ref --format=%(refname)%00%(upstream:short)%00%(objectname)%00%(upstream:track)%00%(upstream:remotename)%00%(upstream:remoteref) --ignore-case refs/heads/main refs/remotes/main [199ms]
2025-12-31 07:24:39.673 [info] > git for-each-ref --sort -committerdate --format %(refname)%00%(objectname)%00%(*objectname) [148ms]
2025-12-31 07:24:40.805 [info] > git ls-files --stage -- license [206ms]
2025-12-31 07:24:42.622 [info] > git cat-file -s 7fd36d73f3c439165fd0dfd36caeb84e4eaa27c2 [1814ms]
2025-12-31 07:24:42.915 [info] > git show --textconv :license [118ms]
2025-12-31 07:24:46.982 [info] > git status -z -uall [7461ms]
2025-12-31 07:25:09.994 [info] > git config --get commit.template [209ms]
2025-12-31 07:25:10.070 [info] > git for-each-ref --format=%(refname)%00%(upstream:short)%00%(objectname)%00%(upstream:track)%00%(upstream:remotename)%00%(upstream:remoteref) --ignore-case refs/heads/main refs/remotes/main [275ms]
2025-12-31 07:25:10.447 [info] > git for-each-ref --sort -committerdate --format %(refname)%00%(objectname)%00%(*objectname) [357ms]
2025-12-31 07:25:10.586 [info] > git status -z -uall [505ms]
2025-12-31 08:42:06.199 [info] > git fetch [1770ms]
2025-12-31 08:42:07.072 [info] > git config --get commit.template [564ms]
2025-12-31 08:42:07.079 [info] > git for-each-ref --format=%(refname)%00%(upstream:short)%00%(objectname)%00%(upstream:track)%00%(upstream:remotename)%00%(upstream:remoteref) --ignore-case refs/heads/main refs/remotes/main [448ms]
2025-12-31 08:42:07.619 [info] > git for-each-ref --sort -committerdate --format %(refname)%00%(objectname)%00%(*objectname) [529ms]
2025-12-31 08:42:07.636 [info] > git status -z -uall [554ms]
2025-12-31 09:08:08.525 [info] > git ls-files --stage -- license [288ms]
2025-12-31 09:08:08.670 [info] > git cat-file -s 7fd36d73f3c439165fd0dfd36caeb84e4eaa27c2 [141ms]
2025-12-31 09:08:08.871 [info] > git show --textconv :license [196ms]
2025-12-31 09:08:09.122 [info] > git fetch [1911ms]
2025-12-31 09:08:09.257 [info] > git config --get commit.template [124ms]
2025-12-31 09:08:09.295 [info] > git for-each-ref --format=%(refname)%00%(upstream:short)%00%(objectname)%00%(upstream:track)%00%(upstream:remotename)%00%(upstream:remoteref) --ignore-case refs/heads/main refs/remotes/main [147ms]
2025-12-31 09:08:09.454 [info] > git for-each-ref --sort -committerdate --format %(refname)%00%(objectname)%00%(*objectname) [135ms]
2025-12-31 09:08:09.464 [info] > git status -z -uall [148ms]
2025-12-31 09:08:10.984 [info] > git ls-files --stage -- license [400ms]
2025-12-31 09:08:11.054 [info] > git cat-file -s 7fd36d73f3c439165fd0dfd36caeb84e4eaa27c2 [67ms]
2025-12-31 09:08:11.293 [info] > git show --textconv :license [234ms]
2025-12-31 15:02:11.670 [info] > git fetch [907ms]
2025-12-31 15:02:11.790 [info] > git config --get commit.template [65ms]
2025-12-31 15:02:11.802 [info] > git for-each-ref --format=%(refname)%00%(upstream:short)%00%(objectname)%00%(upstream:track)%00%(upstream:remotename)%00%(upstream:remoteref) --ignore-case refs/heads/main refs/remotes/main [68ms]
2025-12-31 15:02:11.894 [info] > git status -z -uall [68ms]
2025-12-31 15:02:11.947 [info] > git for-each-ref --sort -committerdate --format %(refname)%00%(objectname)%00%(*objectname) [106ms]
2025-12-31 15:02:12.966 [info] > git ls-files --stage -- license [122ms]
2025-12-31 15:02:13.064 [info] > git cat-file -s 7fd36d73f3c439165fd0dfd36caeb84e4eaa27c2 [93ms]
2025-12-31 15:02:13.145 [info] > git show --textconv :license [69ms]
2025-12-31 19:49:47.594 [info] > git fetch [2041ms]
2025-12-31 19:49:47.988 [info] > git config --get commit.template [195ms]
2025-12-31 19:49:48.022 [info] > git for-each-ref --format=%(refname)%00%(upstream:short)%00%(objectname)%00%(upstream:track)%00%(upstream:remotename)%00%(upstream:remoteref) --ignore-case refs/heads/main refs/remotes/main [69ms]
2025-12-31 19:49:48.719 [info] > git status -z -uall [689ms]
2025-12-31 19:49:48.791 [info] > git for-each-ref --sort -committerdate --format %(refname)%00%(objectname)%00%(*objectname) [753ms]
2025-12-31 19:49:49.622 [info] > git ls-files --stage -- license [90ms]
2025-12-31 19:49:49.912 [info] > git cat-file -s 7fd36d73f3c439165fd0dfd36caeb84e4eaa27c2 [284ms]
2025-12-31 19:49:50.341 [info] > git show --textconv :license [157ms]
2026-01-01 10:15:14.618 [info] > git fetch [60326ms]
2026-01-01 10:15:14.787 [info] > git config --get commit.template [46ms]
2026-01-01 10:15:14.790 [info] > git for-each-ref --format=%(refname)%00%(upstream:short)%00%(objectname)%00%(upstream:track)%00%(upstream:remotename)%00%(upstream:remoteref) --ignore-case refs/heads/main refs/remotes/main [48ms]
2026-01-01 10:15:14.859 [info] > git for-each-ref --sort -committerdate --format %(refname)%00%(objectname)%00%(*objectname) [44ms]
2026-01-01 10:15:18.977 [info] > git status -z -uall [4173ms]
2026-01-01 10:25:09.444 [info] > git ls-files --stage -- license [483ms]
2026-01-01 10:25:09.456 [info] > git fetch [982ms]
2026-01-01 10:25:09.555 [info] > git config --get commit.template [68ms]
2026-01-01 10:25:10.359 [info] > git for-each-ref --format=%(refname)%00%(upstream:short)%00%(objectname)%00%(upstream:track)%00%(upstream:remotename)%00%(upstream:remoteref) --ignore-case refs/heads/main refs/remotes/main [867ms]
2026-01-01 10:25:11.336 [info] > git for-each-ref --sort -committerdate --format %(refname)%00%(objectname)%00%(*objectname) [968ms]
2026-01-01 10:25:11.695 [info] > git status -z -uall [1331ms]
2026-01-01 10:25:40.033 [info] > git cat-file -s 7fd36d73f3c439165fd0dfd36caeb84e4eaa27c2 [30578ms]
2026-01-01 10:25:40.159 [info] > git show --textconv :license [92ms]
2026-01-01 10:27:15.152 [info] > git ls-files --stage -- license [447ms]
2026-01-01 10:27:15.326 [info] > git cat-file -s 7fd36d73f3c439165fd0dfd36caeb84e4eaa27c2 [170ms]
2026-01-01 10:27:15.549 [info] > git show --textconv :license [98ms]
2026-01-01 14:52:35.537 [info] > git fetch [6605ms]
2026-01-01 14:52:36.407 [info] > git config --get commit.template [555ms]
2026-01-01 14:52:36.629 [info] > git for-each-ref --format=%(refname)%00%(upstream:short)%00%(objectname)%00%(upstream:track)%00%(upstream:remotename)%00%(upstream:remoteref) --ignore-case refs/heads/main refs/remotes/main [602ms]
2026-01-01 14:52:36.792 [info] > git for-each-ref --sort -committerdate --format %(refname)%00%(objectname)%00%(*objectname) [142ms]
2026-01-01 14:52:36.936 [info] > git status -z -uall [297ms]
2026-01-01 21:17:29.877 [info] > git fetch [1139ms]
2026-01-01 21:17:30.359 [info] > git ls-files --stage -- license [663ms]
2026-01-01 21:17:30.443 [info] > git config --get commit.template [228ms]
2026-01-01 21:17:30.513 [info] > git cat-file -s 7fd36d73f3c439165fd0dfd36caeb84e4eaa27c2 [143ms]
2026-01-01 21:17:30.555 [info] > git for-each-ref --format=%(refname)%00%(upstream:short)%00%(objectname)%00%(upstream:track)%00%(upstream:remotename)%00%(upstream:remoteref) --ignore-case refs/heads/main refs/remotes/main [129ms]
2026-01-01 21:17:30.691 [info] > git show --textconv :license [158ms]
2026-01-01 21:17:30.752 [info] > git for-each-ref --sort -committerdate --format %(refname)%00%(objectname)%00%(*objectname) [174ms]
2026-01-01 21:17:30.767 [info] > git status -z -uall [197ms]
2026-01-01 21:17:31.532 [info] > git ls-files --stage -- license [48ms]
2026-01-01 21:17:31.582 [info] > git cat-file -s 7fd36d73f3c439165fd0dfd36caeb84e4eaa27c2 [49ms]
2026-01-01 21:17:31.630 [info] > git show --textconv :license [45ms]
2026-01-01 21:20:59.854 [info] > git fetch [1348ms]
2026-01-01 21:21:00.099 [info] > git config --get commit.template [141ms]
2026-01-01 21:21:00.210 [info] > git for-each-ref --format=%(refname)%00%(upstream:short)%00%(objectname)%00%(upstream:track)%00%(upstream:remotename)%00%(upstream:remoteref) --ignore-case refs/heads/main refs/remotes/main [112ms]
2026-01-01 21:21:00.347 [info] > git status -z -uall [131ms]
2026-01-01 21:21:00.365 [info] > git for-each-ref --sort -committerdate --format %(refname)%00%(objectname)%00%(*objectname) [147ms]
2026-01-01 21:21:01.105 [info] > git ls-files --stage -- license [37ms]
2026-01-01 21:21:01.152 [info] > git cat-file -s 7fd36d73f3c439165fd0dfd36caeb84e4eaa27c2 [42ms]
2026-01-01 21:21:01.217 [info] > git show --textconv :license [60ms]
2026-01-02 14:15:07.517 [info] > git fetch [1966ms]
2026-01-02 14:15:07.636 [info] > git config --get commit.template [72ms]
2026-01-02 14:15:07.912 [info] > git for-each-ref --format=%(refname)%00%(upstream:short)%00%(objectname)%00%(upstream:track)%00%(upstream:remotename)%00%(upstream:remoteref) --ignore-case refs/heads/main refs/remotes/main [325ms]
2026-01-02 14:15:08.378 [info] > git for-each-ref --sort -committerdate --format %(refname)%00%(objectname)%00%(*objectname) [455ms]
2026-01-02 14:15:08.513 [info] > git status -z -uall [596ms]
2026-01-02 14:15:14.080 [info] > git ls-files --stage -- atmosphere/nano_swarm.py [128ms]
2026-01-02 14:15:53.042 [info] > git cat-file -s dd45c72e34fdf8a7e0a3b602b87dabffc348bde3 [38951ms]
2026-01-02 14:15:53.066 [info] > git show --textconv :atmosphere/nano_swarm.py [39118ms]
2026-01-02 14:16:04.933 [info] > git blame --root --incremental fb38ed326c727c1f8c3edb796b7e06f5f0d01551 -- atmosphere/nano_swarm.py [11049ms]
